ARM Linker, 5.03 [Build 24] [MDK-ARM Standard][RL-ARM]

==============================================================================

Section Cross References

    startup_stm32f10x_hd.o(STACK) refers (Special) to heapauxi.o(.text) for __use_two_region_memory
    startup_stm32f10x_hd.o(HEAP) refers (Special) to heapauxi.o(.text) for __use_two_region_memory
    startup_stm32f10x_hd.o(RESET) refers (Special) to heapauxi.o(.text) for __use_two_region_memory
    startup_stm32f10x_hd.o(RESET) refers to startup_stm32f10x_hd.o(STACK) for __initial_sp
    startup_stm32f10x_hd.o(RESET) refers to startup_stm32f10x_hd.o(.text) for Reset_Handler
    startup_stm32f10x_hd.o(RESET) refers to stm32f10x_it.o(i.NMI_Handler) for NMI_Handler
    startup_stm32f10x_hd.o(RESET) refers to stm32f10x_it.o(i.HardFault_Handler) for HardFault_Handler
    startup_stm32f10x_hd.o(RESET) refers to stm32f10x_it.o(i.MemManage_Handler) for MemManage_Handler
    startup_stm32f10x_hd.o(RESET) refers to stm32f10x_it.o(i.BusFault_Handler) for BusFault_Handler
    startup_stm32f10x_hd.o(RESET) refers to stm32f10x_it.o(i.UsageFault_Handler) for UsageFault_Handler
    startup_stm32f10x_hd.o(RESET) refers to stm32f10x_it.o(i.DebugMon_Handler) for DebugMon_Handler
    startup_stm32f10x_hd.o(RESET) refers to stm32f10x_it.o(i.EXTI0_IRQHandler) for EXTI0_IRQHandler
    startup_stm32f10x_hd.o(RESET) refers to stm32f10x_it.o(i.EXTI9_5_IRQHandler) for EXTI9_5_IRQHandler
    startup_stm32f10x_hd.o(RESET) refers to stm32f10x_it.o(i.USART1_IRQHandler) for USART1_IRQHandler
    startup_stm32f10x_hd.o(RESET) refers to stm32f10x_it.o(i.USART2_IRQHandler) for USART2_IRQHandler
    startup_stm32f10x_hd.o(RESET) refers to stm32f10x_it.o(i.USART3_IRQHandler) for USART3_IRQHandler
    startup_stm32f10x_hd.o(.text) refers (Special) to heapauxi.o(.text) for __use_two_region_memory
    startup_stm32f10x_hd.o(.text) refers to system_stm32f10x.o(i.SystemInit) for SystemInit
    startup_stm32f10x_hd.o(.text) refers to __main.o(!!!main) for __main
    startup_stm32f10x_hd.o(.text) refers to startup_stm32f10x_hd.o(HEAP) for Heap_Mem
    startup_stm32f10x_hd.o(.text) refers to startup_stm32f10x_hd.o(STACK) for Stack_Mem
    stm32_init.o(i.stm32_Init) refers to stm32_init.o(i.stm32_UsartSetup) for stm32_UsartSetup
    main_bootloader.o(i.main) refers to stm32_init.o(i.stm32_Init) for stm32_Init
    main_bootloader.o(i.main) refers to stm32f10x_rcc.o(i.RCC_APB1PeriphClockCmd) for RCC_APB1PeriphClockCmd
    main_bootloader.o(i.main) refers to stm32f10x_pwr.o(i.PWR_BackupAccessCmd) for PWR_BackupAccessCmd
    main_bootloader.o(i.main) refers to stm32f10x_bkp.o(i.BKP_ReadBackupRegister) for BKP_ReadBackupRegister
    main_bootloader.o(i.main) refers to serial.o(i.USART_PrCStr) for USART_PrCStr
    main_bootloader.o(i.main) refers to watchdog.o(i.vIWDG_Init) for vIWDG_Init
    main_bootloader.o(i.main) refers to fs_mapi.o(i.finit) for finit
    main_bootloader.o(i.main) refers to fwupgrade.o(i.FWUpgrade) for FWUpgrade
    main_bootloader.o(i.main) refers to stm32f10x_bkp.o(i.BKP_WriteBackupRegister) for BKP_WriteBackupRegister
    main_bootloader.o(i.main) refers to core_cm3.o(.emb_text) for __set_MSP
    fwupgrade.o(i.FWUpgrade) refers to stm32f10x_flash.o(i.FLASH_UnlockBank1) for FLASH_UnlockBank1
    fwupgrade.o(i.FWUpgrade) refers to stm32f10x_flash.o(i.FLASH_ClearFlag) for FLASH_ClearFlag
    fwupgrade.o(i.FWUpgrade) refers to fopen.o(.text) for fopen
    fwupgrade.o(i.FWUpgrade) refers to stm32f10x_flash.o(i.FLASH_ErasePage) for FLASH_ErasePage
    fwupgrade.o(i.FWUpgrade) refers to serial.o(i.USART_PrCStr) for USART_PrCStr
    fwupgrade.o(i.FWUpgrade) refers to stm32f10x_flash.o(i.FLASH_ProgramWord) for FLASH_ProgramWord
    fwupgrade.o(i.FWUpgrade) refers to memcmp.o(.text) for memcmp
    fwupgrade.o(i.FWUpgrade) refers to stm32f10x_flash.o(i.FLASH_LockBank1) for FLASH_LockBank1
    fwupgrade.o(i.FWUpgrade) refers to fclose.o(.text) for fclose
    fwupgrade.o(i.FWUpgrade) refers to fgets.o(.text) for fgets
    fwupgrade.o(i.FWUpgrade) refers to fwupgrade.o(.data) for .data
    fwupgrade.o(i.FWUpgrade) refers to fwupgrade.o(.bss) for .bss
    serial.o(i.USART_PrCStr) refers to serial.o(i.USART_PrChar) for USART_PrChar
    serial.o(i.USART_PrChar) refers to stm32f10x_usart.o(i.USART_GetFlagStatus) for USART_GetFlagStatus
    serial.o(i.USART_PrChar) refers to stm32f10x_usart.o(i.USART_SendData) for USART_SendData
    serial.o(i.USART_PrStr) refers to serial.o(i.USART_PrChar) for USART_PrChar
    watchdog.o(i.vIWDG_Init) refers to stm32f10x_iwdg.o(i.IWDG_WriteAccessCmd) for IWDG_WriteAccessCmd
    watchdog.o(i.vIWDG_Init) refers to stm32f10x_iwdg.o(i.IWDG_SetPrescaler) for IWDG_SetPrescaler
    watchdog.o(i.vIWDG_Init) refers to stm32f10x_iwdg.o(i.IWDG_SetReload) for IWDG_SetReload
    watchdog.o(i.vIWDG_Init) refers to stm32f10x_iwdg.o(i.IWDG_ReloadCounter) for IWDG_ReloadCounter
    watchdog.o(i.vIWDG_Init) refers to stm32f10x_iwdg.o(i.IWDG_Enable) for IWDG_Enable
[...]
    i.USART_PrCStr                           0x0800261c   Section        0  serial.o(i.USART_PrCStr)
    i.USART_PrChar                           0x08002634   Section        0  serial.o(i.USART_PrChar)
    i.USART_ReceiveData                      0x08002654   Section        0  stm32f10x_usart.o(i.USART_ReceiveData)
    i.USART_SendData                         0x080026dc   Section        0  stm32f10x_usart.o(i.USART_SendData)
    i.UnInit                                 0x08002778   Section        0  spi_stm32f103.o(i.UnInit)
    UnInit                                   0x08002779   Thumb Code    54  spi_stm32f103.o(i.UnInit)
    i.UsageFault_Handler                     0x080027c0   Section        0  stm32f10x_it.o(i.UsageFault_Handler)
    i.__sys_close                            0x080027c4   Section        0  fs_sys.o(i.__sys_close)
    i.__sys_flen                             0x08002818   Section        0  fs_sys.o(i.__sys_flen)
    i.__sys_open                             0x08002858   Section        0  fs_sys.o(i.__sys_open)
    i.__sys_read                             0x08002a08   Section        0  fs_sys.o(i.__sys_read)
    i.__sys_seek                             0x08002a68   Section        0  fs_sys.o(i.__sys_seek)
    i.__sys_write                            0x08002ab0   Section        0  fs_sys.o(i.__sys_write)
    i._sys_close                             0x08002b08   Section        0  retarget.o(i._sys_close)
    i._sys_exit                              0x08002b16   Section        0  retarget.o(i._sys_exit)
    i._sys_flen                              0x08002b18   Section        0  retarget.o(i._sys_flen)
    i._sys_istty                             0x08002b26   Section        0  retarget.o(i._sys_istty)
    i._sys_open                              0x08002b34   Section        0  retarget.o(i._sys_open)
    i._sys_read                              0x08002b8c   Section        0  retarget.o(i._sys_read)
    i._sys_seek                              0x08002b9c   Section        0  retarget.o(i._sys_seek)
    i._sys_write                             0x08002bac   Section        0  retarget.o(i._sys_write)
    i._ttywrch                               0x08002bbc   Section        0  retarget.o(i._ttywrch)
    i.alloc_name                             0x08002bbe   Section        0  fs_fat.o(i.alloc_name)
    alloc_name                               0x08002bbf   Thumb Code   274  fs_fat.o(i.alloc_name)
    i.alloc_new_clus                         0x08002cd0   Section        0  fs_fat.o(i.alloc_new_clus)
    alloc_new_clus                           0x08002cd1   Thumb Code    74  fs_fat.o(i.alloc_new_clus)
    i.assert_failed                          0x08002d1a   Section        0  main_bootloader.o(i.assert_failed)
    i.cache_fat                              0x08002d1c   Section        0  fs_fat.o(i.cache_fat)
    cache_fat                                0x08002d1d   Thumb Code   146  fs_fat.o(i.cache_fat)
    i.check_lfn                              0x08002dae   Section        0  fs_fat.o(i.check_lfn)
    check_lfn                                0x08002daf   Thumb Code   112  fs_fat.o(i.check_lfn)
    i.check_name                             0x08002e1e   Section        0  fs_fat.o(i.check_name)
    check_name                               0x08002e1f   Thumb Code     6  fs_fat.o(i.check_name)
    i.chk_dir_empty                          0x08002e24   Section        0  fs_fat.o(i.chk_dir_empty)
    chk_dir_empty                            0x08002e25   Thumb Code   144  fs_fat.o(i.chk_dir_empty)
    i.clear_clus                             0x08002ed4   Section        0  fs_fat.o(i.clear_clus)
    clear_clus                               0x08002ed5   Thumb Code    60  fs_fat.o(i.clear_clus)
    i.clus_to_sect                           0x08002f10   Section        0  fs_fat.o(i.clus_to_sect)
    clus_to_sect                             0x08002f11   Thumb Code    26  fs_fat.o(i.clus_to_sect)
    i.count_free_clus                        0x08002f2a   Section        0  fs_fat.o(i.count_free_clus)
    count_free_clus                          0x08002f2b   Thumb Code   266  fs_fat.o(i.count_free_clus)
    i.create_entry                           0x08003034   Section        0  fs_fat.o(i.create_entry)
    create_entry                             0x08003035   Thumb Code   132  fs_fat.o(i.create_entry)
    i.create_lfn_entry                       0x080030bc   Section        0  fs_fat.o(i.create_lfn_entry)
    create_lfn_entry                         0x080030bd   Thumb Code   322  fs_fat.o(i.create_lfn_entry)
    i.create_sfn_entry                       0x08003204   Section        0  fs_fat.o(i.create_sfn_entry)
    create_sfn_entry                         0x08003205   Thumb Code   450  fs_fat.o(i.create_sfn_entry)
    i.cvt_fatname                            0x080033c6   Section        0  fs_fat.o(i.cvt_fatname)
    cvt_fatname                              0x080033c7   Thumb Code   158  fs_fat.o(i.cvt_fatname)
    i.delete_entries                         0x08003464   Section        0  fs_fat.o(i.delete_entries)
    delete_entries                           0x08003465   Thumb Code   154  fs_fat.o(i.delete_entries)
    i.efs_create                             0x080034fe   Section        0  file_config.o(i.efs_create)
    i.efs_delete                             0x08003502   Section        0  file_config.o(i.efs_delete)
    i.efs_find                               0x08003506   Section        0  file_config.o(i.efs_find)
    i.efs_fsize                              0x0800350a   Section        0  file_config.o(i.efs_fsize)
    i.efs_read                               0x0800350c   Section        0  file_config.o(i.efs_read)
    i.efs_seek                               0x08003510   Section        0  file_config.o(i.efs_seek)
    i.efs_wclose                             0x08003514   Section        0  file_config.o(i.efs_wclose)
    i.efs_write                              0x08003518   Section        0  file_config.o(i.efs_write)
    i.fat_create                             0x0800351c   Section        0  fs_fat.o(i.fat_create)
    i.fat_delete                             0x08003572   Section        0  fs_fat.o(i.fat_delete)
    i.fat_find                               0x080035f8   Section        0  fs_fat.o(i.fat_find)
    i.fat_find_dir                           0x08003644   Section        0  fs_fat.o(i.fat_find_dir)
    fat_find_dir                             0x08003645   Thumb Code   132  fs_fat.o(i.fat_find_dir)
    i.fat_init                               0x080036c8   Section        0  fs_fat.o(i.fat_init)
    i.fat_jour_init                          0x08003810   Section        0  file_config.o(i.fat_jour_init)
    i.fat_read                               0x08003814   Section        0  fs_fat.o(i.fat_read)
    i.fat_seek                               0x080038c8   Section        0  fs_fat.o(i.fat_seek)
    i.fat_wclose                             0x08003942   Section        0  fs_fat.o(i.fat_wclose)
    i.fat_write                              0x08003a38   Section        0  fs_fat.o(i.fat_write)
    i.fgetc                                  0x08003b4c   Section        0  fgetc.o(i.fgetc)
    i.find_name                              0x08003b64   Section        0  fs_fat.o(i.find_name)
    find_name                                0x08003b65   Thumb Code     6  fs_fat.o(i.find_name)
    i.finit                                  0x08003b6c   Section        0  fs_mapi.o(i.finit)
    i.fs_cfg_drv                             0x08003be8   Section        0  fs_mapi.o(i.fs_cfg_drv)
    i.fs_chk_media                           0x08003c48   Section        0  fs_lib.o(i.fs_chk_media)
    i.fs_config                              0x08003c78   Section        0  file_config.o(i.fs_config)
    i.fs_dir                                 0x08003cac   Section        0  fs_lib.o(i.fs_dir)
    i.fs_find_iob                            0x08003cd0   Section        0  fs_lib.o(i.fs_find_iob)
    i.fs_get_date                            0x08003d08   Section        0  fs_time.o(i.fs_get_date)
    i.fs_get_time                            0x08003d10   Section        0  fs_time.o(i.fs_get_time)
    i.fs_map_drive                           0x08003d18   Section        0  fs_lib.o(i.fs_map_drive)
    i.fsj_write                              0x08003d90   Section        0  file_config.o(i.fsj_write)
    i.get_EOC                                0x08003d94   Section        0  fs_fat.o(i.get_EOC)
    get_EOC                                  0x08003d95   Thumb Code    36  fs_fat.o(i.get_EOC)
    i.get_bootrec                            0x08003db8   Section        0  fs_fat.o(i.get_bootrec)
    get_bootrec                              0x08003db9   Thumb Code   176  fs_fat.o(i.get_bootrec)
    i.get_date                               0x08003e68   Section        0  fs_fat.o(i.get_date)
    get_date                                 0x08003e69   Thumb Code    44  fs_fat.o(i.get_date)
    i.get_dir_sect                           0x08003e94   Section        0  fs_fat.o(i.get_dir_sect)
    get_dir_sect                             0x08003e95   Thumb Code    44  fs_fat.o(i.get_dir_sect)
    i.get_fat_sect                           0x08003ec0   Section        0  fs_fat.o(i.get_fat_sect)
    get_fat_sect                             0x08003ec1   Thumb Code    50  fs_fat.o(i.get_fat_sect)
    i.get_free_clus                          0x08003ef4   Section        0  fs_fat.o(i.get_free_clus)
    get_free_clus                            0x08003ef5   Thumb Code   210  fs_fat.o(i.get_free_clus)
    i.get_fsinfo                             0x08003fd0   Section        0  fs_fat.o(i.get_fsinfo)
    get_fsinfo                               0x08003fd1   Thumb Code   114  fs_fat.o(i.get_fsinfo)
    i.get_nt_name                            0x08004050   Section        0  fs_fat.o(i.get_nt_name)
    get_nt_name                              0x08004051   Thumb Code   390  fs_fat.o(i.get_nt_name)
    i.get_time                               0x080041e0   Section        0  fs_fat.o(i.get_time)
    get_time                                 0x080041e1   Thumb Code    48  fs_fat.o(i.get_time)
    i.get_u16                                0x08004210   Section        0  fs_fat.o(i.get_u16)
    get_u16                                  0x08004211   Thumb Code    10  fs_fat.o(i.get_u16)
    i.get_u32                                0x0800421a   Section        0  fs_fat.o(i.get_u32)
    get_u32                                  0x0800421b   Thumb Code    22  fs_fat.o(i.get_u32)
    i.init_drv                               0x08004230   Section        0  fs_mapi.o(i.init_drv)
    init_drv                                 0x08004231   Thumb Code   210  fs_mapi.o(i.init_drv)
    i.is_EOC                                 0x08004304   Section        0  fs_fat.o(i.is_EOC)
    is_EOC                                   0x08004305   Thumb Code    50  fs_fat.o(i.is_EOC)
    i.lfn_calc_chksum                        0x0800433c   Section        0  fs_fat.o(i.lfn_calc_chksum)
    lfn_calc_chksum                          0x0800433d   Thumb Code    30  fs_fat.o(i.lfn_calc_chksum)
    i.main                                   0x0800435c   Section        0  main_bootloader.o(i.main)
    i.mc0_DevCtrl                            0x08004454   Section        0  file_config.o(i.mc0_DevCtrl)
    mc0_DevCtrl                              0x08004455   Thumb Code     6  file_config.o(i.mc0_DevCtrl)
    i.mc0_Init                               0x08004460   Section        0  file_config.o(i.mc0_Init)
    mc0_Init                                 0x08004461   Thumb Code     6  file_config.o(i.mc0_Init)
    i.mc0_RdInfo                             0x0800446c   Section        0  file_config.o(i.mc0_RdInfo)
    mc0_RdInfo                               0x0800446d   Thumb Code     6  file_config.o(i.mc0_RdInfo)
    i.mc0_RdSect                             0x08004478   Section        0  file_config.o(i.mc0_RdSect)
    mc0_RdSect                               0x08004479   Thumb Code     6  file_config.o(i.mc0_RdSect)
    i.mc0_UnInit                             0x08004484   Section        0  file_config.o(i.mc0_UnInit)
    mc0_UnInit                               0x08004485   Thumb Code     6  file_config.o(i.mc0_UnInit)
    i.mc0_WrSect                             0x08004490   Section        0  file_config.o(i.mc0_WrSect)
    mc0_WrSect                               0x08004491   Thumb Code     6  file_config.o(i.mc0_WrSect)
    i.mmc_DevCtrl                            0x0800449c   Section        0  fs_mmc.o(i.mmc_DevCtrl)
    i.mmc_Init                               0x080044b6   Section        0  fs_mmc.o(i.mmc_Init)
    i.mmc_ReadInfo                           0x080046b0   Section        0  fs_mmc.o(i.mmc_ReadInfo)
    i.mmc_ReadSector                         0x080046d0   Section        0  fs_mmc.o(i.mmc_ReadSector)
    i.mmc_UnInit                             0x08004728   Section        0  fs_mmc.o(i.mmc_UnInit)
    i.mmc_WriteSector                        0x08004740   Section        0  fs_mmc.o(i.mmc_WriteSector)
    i.mmc_command                            0x0800479c   Section        0  fs_mmc.o(i.mmc_command)
    mmc_command                              0x0800479d   Thumb Code   160  fs_mmc.o(i.mmc_command)
    i.mmc_read_block                         0x0800483c   Section        0  fs_mmc.o(i.mmc_read_block)
    mmc_read_block                           0x0800483d   Thumb Code   112  fs_mmc.o(i.mmc_read_block)
    i.mmc_read_cid                           0x080048ac   Section        0  fs_mmc.o(i.mmc_read_cid)
    mmc_read_cid                             0x080048ad   Thumb Code    74  fs_mmc.o(i.mmc_read_cid)
    i.mmc_read_csd                           0x080048f6   Section        0  fs_mmc.o(i.mmc_read_csd)
    mmc_read_csd                             0x080048f7   Thumb Code   166  fs_mmc.o(i.mmc_read_csd)
    i.mmc_read_info                          0x0800499c   Section        0  fs_mmc.o(i.mmc_read_info)
    mmc_read_info                            0x0800499d   Thumb Code    80  fs_mmc.o(i.mmc_read_info)
    i.mmc_write_block                        0x080049ec   Section        0  fs_mmc.o(i.mmc_write_block)
    mmc_write_block                          0x080049ed   Thumb Code   142  fs_mmc.o(i.mmc_write_block)
    i.read_cache                             0x08004a80   Section        0  fs_fat.o(i.read_cache)
    read_cache                               0x08004a81   Thumb Code   122  fs_fat.o(i.read_cache)
    i.read_last_entry                        0x08004afa   Section        0  fs_fat.o(i.read_last_entry)
    read_last_entry                          0x08004afb   Thumb Code    54  fs_fat.o(i.read_last_entry)
    i.read_sector                            0x08004b30   Section        0  fs_fat.o(i.read_sector)
    read_sector                              0x08004b31   Thumb Code    82  fs_fat.o(i.read_sector)
    i.search_for_name                        0x08004b84   Section        0  fs_fat.o(i.search_for_name)
    search_for_name                          0x08004b85   Thumb Code   540  fs_fat.o(i.search_for_name)
    i.set_next_clus                          0x08004da4   Section        0  fs_fat.o(i.set_next_clus)
    set_next_clus                            0x08004da5   Thumb Code   140  fs_fat.o(i.set_next_clus)
    i.set_u16                                0x08004e30   Section        0  fs_fat.o(i.set_u16)
    set_u16                                  0x08004e31   Thumb Code     8  fs_fat.o(i.set_u16)
    i.set_u32                                0x08004e38   Section        0  fs_fat.o(i.set_u32)
    set_u32                                  0x08004e39   Thumb Code    16  fs_fat.o(i.set_u32)
    i.sfn_cmp_name                           0x08004e48   Section        0  fs_fat.o(i.sfn_cmp_name)
    sfn_cmp_name                             0x08004e49   Thumb Code    36  fs_fat.o(i.sfn_cmp_name)
    i.stm32_Init                             0x08004e6c   Section        0  stm32_init.o(i.stm32_Init)
    i.stm32_UsartSetup                       0x08004e70   Section        0  stm32_init.o(i.stm32_UsartSetup)
    stm32_UsartSetup                         0x08004e71   Thumb Code   132  stm32_init.o(i.stm32_UsartSetup)
    i.unlink_clus_chain                      0x08004f04   Section        0  fs_fat.o(i.unlink_clus_chain)
    unlink_clus_chain                        0x08004f05   Thumb Code   314  fs_fat.o(i.unlink_clus_chain)
    i.vIWDG_Init                             0x08005040   Section        0  watchdog.o(i.vIWDG_Init)
    i.val_char                               0x0800506c   Section        0  fs_fat.o(i.val_char)
    val_char                                 0x0800506d   Thumb Code    18  fs_fat.o(i.val_char)
    i.val_char_sn                            0x0800507e   Section        0  fs_fat.o(i.val_char_sn)
    val_char_sn                              0x0800507f   Thumb Code    60  fs_fat.o(i.val_char_sn)
    i.write_cache                            0x080050ba   Section        0  fs_fat.o(i.write_cache)
    write_cache                              0x080050bb   Thumb Code   156  fs_fat.o(i.write_cache)
    i.write_dot_entries                      0x08005158   Section        0  fs_fat.o(i.write_dot_entries)
    write_dot_entries                        0x08005159   Thumb Code   246  fs_fat.o(i.write_dot_entries)
    i.write_fat_link                         0x0800525c   Section        0  fs_fat.o(i.write_fat_link)
    write_fat_link                           0x0800525d   Thumb Code   232  fs_fat.o(i.write_fat_link)
    i.write_fsinfo                           0x08005344   Section        0  fs_fat.o(i.write_fsinfo)
    write_fsinfo                             0x08005345   Thumb Code    94  fs_fat.o(i.write_fsinfo)
    i.write_sector                           0x080053ac   Section        0  fs_fat.o(i.write_sector)
    write_sector                             0x080053ad   Thumb Code    48  fs_fat.o(i.write_sector)
    .constdata                               0x080053dc   Section        2  file_config.o(.constdata)
    .constdata                               0x080053de   Section        2  file_config.o(.constdata)
    .constdata                               0x080053e0   Section       24  file_config.o(.constdata)
    .constdata                               0x080053f8   Section        8  file_config.o(.constdata)
    .constdata                               0x08005400   Section        6  retarget.o(.constdata)
    .constdata                               0x08005406   Section        7  retarget.o(.constdata)
    .constdata                               0x0800540d   Section        7  retarget.o(.constdata)
    .constdata                               0x08005414   Section       32  spi_stm32f103.o(.constdata)
    .constdata                               0x08005434   Section      169  fs_fat.o(.constdata)
    IniDevCfg                                0x08005434   Data         156  fs_fat.o(.constdata)
    ChIndex                                  0x080054d0   Data          13  fs_fat.o(.constdata)
    .data                                    0x20000000   Section       24  fwupgrade.o(.data)
    .data                                    0x20000018   Section        4  watchdog.o(.data)
    .data                                    0x2000001c   Section        1  stm32f10x_it.o(.data)
    status                                   0x2000001c   Data           1  stm32f10x_it.o(.data)
    .data                                    0x2000001d   Section        1  fs_mapi.o(.data)
    cfg_done                                 0x2000001d   Data           1  fs_mapi.o(.data)
    .data                                    0x20000020   Section        4  streamlock.o(.data)
    .data                                    0x20000024   Section        4  stdio_streams.o(.data)
    .data                                    0x20000028   Section        4  stdio_streams.o(.data)
    .data                                    0x2000002c   Section        4  stdio_streams.o(.data)
    .bss                                     0x20000030   Section       67  fwupgrade.o(.bss)
    .bss                                     0x20000074   Section      288  file_config.o(.bss)
    .bss                                     0x20000194   Section     1424  file_config.o(.bss)
    mc0_cache                                0x20000194   Data        1024  file_config.o(.bss)
    mc0_vol                                  0x20000594   Data         388  file_config.o(.bss)
    mmc0_dev                                 0x20000718   Data          12  file_config.o(.bss)
    .bss                                     0x20000724   Section       84  stdio_streams.o(.bss)
    .bss                                     0x20000778   Section       84  stdio_streams.o(.bss)
    .bss                                     0x200007cc   Section       84  stdio_streams.o(.bss)
    .bss                                     0x20000820   Section       96  libspace.o(.bss)
    HEAP                                     0x20000880   Section      512  startup_stm32f10x_hd.o(HEAP)
    Heap_Mem                                 0x20000880   Data         512  startup_stm32f10x_hd.o(HEAP)
    STACK                                    0x20000a80   Section     1024  startup_stm32f10x_hd.o(STACK)
    Stack_Mem                                0x20000a80   Data        1024  startup_stm32f10x_hd.o(STACK)
    __initial_sp                             0x20000e80   Data           0  startup_stm32f10x_hd.o(STACK)

    Global Symbols

    Symbol Name                              Value     Ov Type        Size  Object(Section)

    BuildAttributes$$THM_ISAv4$P$D$K$B$S$PE$A:L22UL41UL21$X:L11$S22US41US21$IEEE1$IW$USESV6$~STKCKD$USESV7$~SHL$OTIME$ROPI$EBA8$UX$STANDARDLIB$REQ8$PRES8$EABIv2 0x00000000   Number         0  anon$$obj.o ABSOLUTE
    __ARM_use_no_argv                        0x00000000   Number         0  main_bootloader.o ABSOLUTE
    __ARM_exceptions_init                     - Undefined Weak Reference
    __alloca_initialize                       - Undefined Weak Reference
    __cpp_initialize__aeabi_                  - Undefined Weak Reference
    __cxa_finalize                            - Undefined Weak Reference
    __rt_locale                               - Undefined Weak Reference
    __sigvec_lookup                           - Undefined Weak Reference
    __user_heap_extent                        - Undefined Weak Reference
    _atexit_init                              - Undefined Weak Reference
    _call_atexit_fns                          - Undefined Weak Reference
    _clock_init                               - Undefined Weak Reference
    _fp_trap_init                             - Undefined Weak Reference
    _fp_trap_shutdown                         - Undefined Weak Reference
    _get_lc_collate                           - Undefined Weak Reference
    _get_lc_ctype                             - Undefined Weak Reference
    _get_lc_monetary                          - Undefined Weak Reference
    _get_lc_numeric                           - Undefined Weak Reference
    _get_lc_time                              - Undefined Weak Reference
    _getenv_init                              - Undefined Weak Reference
    _handle_redirection                       - Undefined Weak Reference
    _mutex_acquire                            - Undefined Weak Reference
    _mutex_free                               - Undefined Weak Reference
    _mutex_release                            - Undefined Weak Reference
    _rand_init                                - Undefined Weak Reference
    _signal_finish                            - Undefined Weak Reference
    _signal_init                              - Undefined Weak Reference
    __Vectors_Size                           0x00000130   Number         0  startup_stm32f10x_hd.o ABSOLUTE
    __RL_FS_VER                              0x00000423   Number         0  fs_sys.o ABSOLUTE
    __Vectors                                0x08000000   Data           4  startup_stm32f10x_hd.o(RESET)
    __Vectors_End                            0x08000130   Data           0  startup_stm32f10x_hd.o(RESET)
    __main                                   0x08000131   Thumb Code     8  __main.o(!!!main)
    __scatterload                            0x08000139   Thumb Code     0  __scatter.o(!!!scatter)
    __scatterload_rt2                        0x08000139   Thumb Code    44  __scatter.o(!!!scatter)
    __scatterload_rt2_thumb_only             0x08000139   Thumb Code     0  __scatter.o(!!!scatter)
    __scatterload_null                       0x08000147   Thumb Code     0  __scatter.o(!!!scatter)
    __scatterload_copy                       0x0800016d   Thumb Code    26  __scatter_copy.o(!!handler_copy)
    __scatterload_zeroinit                   0x08000189   Thumb Code    28  __scatter_zi.o(!!handler_zi)
    __rt_lib_init                            0x080001a5   Thumb Code     0  libinit.o(.ARM.Collect$$libinit$$00000000)
    __rt_lib_init_fp_1                       0x080001a7   Thumb Code     0  libinit2.o(.ARM.Collect$$libinit$$00000002)
    __rt_lib_init_heap_2                     0x080001a7   Thumb Code     0  libinit2.o(.ARM.Collect$$libinit$$00000003)
    __rt_lib_init_atexit_1                   0x080001af   Thumb Code     0  libinit2.o(.ARM.Collect$$libinit$$00000019)
    __rt_lib_init_clock_1                    0x080001af   Thumb Code     0  libinit2.o(.ARM.Collect$$libinit$$0000001F)
    __rt_lib_init_fp_trap_1                  0x080001af   Thumb Code     0  libinit2.o(.ARM.Collect$$libinit$$0000001D)
    __rt_lib_init_getenv_1                   0x080001af   Thumb Code     0  libinit2.o(.ARM.Collect$$libinit$$00000021)
    __rt_lib_init_heap_1                     0x080001af   Thumb Code     0  libinit2.o(.ARM.Collect$$libinit$$00000008)
    __rt_lib_init_lc_collate_1               0x080001af   Thumb Code     0  libinit2.o(.ARM.Collect$$libinit$$0000000F)
    __rt_lib_init_lc_ctype_1                 0x080001af   Thumb Code     0  libinit2.o(.ARM.Collect$$libinit$$00000011)
    __rt_lib_init_lc_monetary_1              0x080001af   Thumb Code     0  libinit2.o(.ARM.Collect$$libinit$$00000013)
    __rt_lib_init_lc_numeric_1               0x080001af   Thumb Code     0  libinit2.o(.ARM.Collect$$libinit$$00000015)
    __rt_lib_init_lc_time_1                  0x080001af   Thumb Code     0  libinit2.o(.ARM.Collect$$libinit$$00000017)
    __rt_lib_init_rand_1                     0x080001af   Thumb Code     0  libinit2.o(.ARM.Collect$$libinit$$0000000C)
    __rt_lib_init_signal_1                   0x080001af   Thumb Code     0  libinit2.o(.ARM.Collect$$libinit$$0000001B)
    __rt_lib_init_stdio_2                    0x080001af   Thumb Code     0  libinit2.o(.ARM.Collect$$libinit$$00000022)
    __rt_lib_init_user_alloc_1               0x080001af   Thumb Code     0  libinit2.o(.ARM.Collect$$libinit$$0000000A)
    __rt_lib_init_alloca_1                   0x080001b3   Thumb Code     0  libinit2.o(.ARM.Collect$$libinit$$0000002C)
    __rt_lib_init_argv_1                     0x080001b3   Thumb Code     0  libinit2.o(.ARM.Collect$$libinit$$0000002A)
    __rt_lib_init_cpp_1                      0x080001b3   Thumb Code     0  libinit2.o(.ARM.Collect$$libinit$$00000030)
    __rt_lib_init_exceptions_1               0x080001b3   Thumb Code     0  libinit2.o(.ARM.Collect$$libinit$$0000002E)
    __rt_lib_init_return                     0x080001b3   Thumb Code     0  libinit2.o(.ARM.Collect$$libinit$$00000031)
    __rt_lib_init_stdio_1                    0x080001b3   Thumb Code     0  libinit2.o(.ARM.Collect$$libinit$$00000023)
    __rt_lib_shutdown                        0x080001b5   Thumb Code     0  libshutdown.o(.ARM.Collect$$libshutdown$$00000000)
    __rt_lib_shutdown_stdio_2                0x080001b7   Thumb Code     0  libshutdown2.o(.ARM.Collect$$libshutdown$$00000002)
    __rt_lib_shutdown_fp_trap_1              0x080001bb   Thumb Code     0  libshutdown2.o(.ARM.Collect$$libshutdown$$00000006)
    __rt_lib_shutdown_heap_1                 0x080001bb   Thumb Code     0  libshutdown2.o(.ARM.Collect$$libshutdown$$0000000E)
    __rt_lib_shutdown_return                 0x080001bb   Thumb Code     0  libshutdown2.o(.ARM.Collect$$libshutdown$$0000000F)
    __rt_lib_shutdown_signal_1               0x080001bb   Thumb Code     0  libshutdown2.o(.ARM.Collect$$libshutdown$$00000009)
    __rt_lib_shutdown_stdio_1                0x080001bb   Thumb Code     0  libshutdown2.o(.ARM.Collect$$libshutdown$$00000003)
    __rt_lib_shutdown_user_alloc_1           0x080001bb   Thumb Code     0  libshutdown2.o(.ARM.Collect$$libshutdown$$0000000B)
    __rt_entry                               0x080001bd   Thumb Code     0  rtentry.o(.ARM.Collect$$rtentry$$00000000)
    __rt_entry_presh_1                       0x080001bd   Thumb Code     0  rtentry2.o(.ARM.Collect$$rtentry$$00000002)
    __rt_entry_sh                            0x080001bd   Thumb Code     0  rtentry4.o(.ARM.Collect$$rtentry$$00000004)
    __rt_entry_li                            0x080001c3   Thumb Code     0  rtentry2.o(.ARM.Collect$$rtentry$$0000000A)
    __rt_entry_postsh_1                      0x080001c3   Thumb Code     0  rtentry2.o(.ARM.Collect$$rtentry$$00000009)
    __rt_entry_main                          0x080001c7   Thumb Code     0  rtentry2.o(.ARM.Collect$$rtentry$$0000000D)
    __rt_entry_postli_1                      0x080001c7   Thumb Code     0  rtentry2.o(.ARM.Collect$$rtentry$$0000000C)
    __rt_exit                                0x080001cf   Thumb Code     0  rtexit.o(.ARM.Collect$$rtexit$$00000000)
    __rt_exit_ls                             0x080001d1   Thumb Code     0  rtexit2.o(.ARM.Collect$$rtexit$$00000003)
    __rt_exit_prels_1                        0x080001d1   Thumb Code     0  rtexit2.o(.ARM.Collect$$rtexit$$00000002)
    __rt_exit_exit                           0x080001d5   Thumb Code     0  rtexit2.o(.ARM.Collect$$rtexit$$00000004)
    __get_PSP                                0x080001dd   Thumb Code     6  core_cm3.o(.emb_text)
    __set_PSP                                0x080001e3   Thumb Code     6  core_cm3.o(.emb_text)
    __get_MSP                                0x080001e9   Thumb Code     6  core_cm3.o(.emb_text)
    __set_MSP                                0x080001ef   Thumb Code     6  core_cm3.o(.emb_text)
    __REV16                                  0x080001f5   Thumb Code     4  core_cm3.o(.emb_text)
    __REVSH                                  0x080001f9   Thumb Code     4  core_cm3.o(.emb_text)
    Reset_Handler                            0x080001fd   Thumb Code     8  startup_stm32f10x_hd.o(.text)
    _maybe_terminate_alloc                   0x080001fd   Thumb Code     0  maybetermalloc1.o(.emb_text)
    SVC_Handler                              0x0800020f   Thumb Code     2  startup_stm32f10x_hd.o(.text)
    PendSV_Handler                           0x08000213   Thumb Code     2  startup_stm32f10x_hd.o(.text)
    SysTick_Handler                          0x08000215   Thumb Code     2  startup_stm32f10x_hd.o(.text)
    ADC1_2_IRQHandler                        0x08000217   Thumb Code     0  startup_stm32f10x_hd.o(.text)
    ADC3_IRQHandler                          0x08000217   Thumb Code     0  startup_stm32f10x_hd.o(.text)
    CAN1_RX1_IRQHandler                      0x08000217   Thumb Code     0  startup_stm32f10x_hd.o(.text)
    CAN1_SCE_IRQHandler                      0x08000217   Thumb Code     0  startup_stm32f10x_hd.o(.text)
    DMA1_Channel1_IRQHandler                 0x08000217   Thumb Code     0  startup_stm32f10x_hd.o(.text)
    DMA1_Channel2_IRQHandler                 0x08000217   Thumb Code     0  startup_stm32f10x_hd.o(.text)
    DMA1_Channel3_IRQHandler                 0x08000217   Thumb Code     0  startup_stm32f10x_hd.o(.text)
    DMA1_Channel4_IRQHandler                 0x08000217   Thumb Code     0  startup_stm32f10x_hd.o(.text)
    DMA1_Channel5_IRQHandler                 0x08000217   Thumb Code     0  startup_stm32f10x_hd.o(.text)
    DMA1_Channel6_IRQHandler                 0x08000217   Thumb Code     0  startup_stm32f10x_hd.o(.text)
    DMA1_Channel7_IRQHandler                 0x08000217   Thumb Code     0  startup_stm32f10x_hd.o(.text)
    DMA2_Channel1_IRQHandler                 0x08000217   Thumb Code     0  startup_stm32f10x_hd.o(.text)
    DMA2_Channel2_IRQHandler                 0x08000217   Thumb Code     0  startup_stm32f10x_hd.o(.text)
    DMA2_Channel3_IRQHandler                 0x08000217   Thumb Code     0  startup_stm32f10x_hd.o(.text)
    DMA2_Channel4_5_IRQHandler               0x08000217   Thumb Code     0  startup_stm32f10x_hd.o(.text)
    EXTI15_10_IRQHandler                     0x08000217   Thumb Code     0  startup_stm32f10x_hd.o(.text)
    EXTI1_IRQHandler                         0x08000217   Thumb Code     0  startup_stm32f10x_hd.o(.text)
    EXTI2_IRQHandler                         0x08000217   Thumb Code     0  startup_stm32f10x_hd.o(.text)
    EXTI3_IRQHandler                         0x08000217   Thumb Code     0  startup_stm32f10x_hd.o(.text)
    EXTI4_IRQHandler                         0x08000217   Thumb Code     0  startup_stm32f10x_hd.o(.text)
    FLASH_IRQHandler                         0x08000217   Thumb Code     0  startup_stm32f10x_hd.o(.text)
    FSMC_IRQHandler                          0x08000217   Thumb Code     0  startup_stm32f10x_hd.o(.text)
    I2C1_ER_IRQHandler                       0x08000217   Thumb Code     0  startup_stm32f10x_hd.o(.text)
    I2C1_EV_IRQHandler                       0x08000217   Thumb Code     0  startup_stm32f10x_hd.o(.text)
    I2C2_ER_IRQHandler                       0x08000217   Thumb Code     0  startup_stm32f10x_hd.o(.text)
    I2C2_EV_IRQHandler                       0x08000217   Thumb Code     0  startup_stm32f10x_hd.o(.text)
    PVD_IRQHandler                           0x08000217   Thumb Code     0  startup_stm32f10x_hd.o(.text)
    RCC_IRQHandler                           0x08000217   Thumb Code     0  startup_stm32f10x_hd.o(.text)
    RTCAlarm_IRQHandler                      0x08000217   Thumb Code     0  startup_stm32f10x_hd.o(.text)
    RTC_IRQHandler                           0x08000217   Thumb Code     0  startup_stm32f10x_hd.o(.text)
    SDIO_IRQHandler                          0x08000217   Thumb Code     0  startup_stm32f10x_hd.o(.text)
    SPI1_IRQHandler                          0x08000217   Thumb Code     0  startup_stm32f10x_hd.o(.text)
    SPI2_IRQHandler                          0x08000217   Thumb Code     0  startup_stm32f10x_hd.o(.text)
    SPI3_IRQHandler                          0x08000217   Thumb Code     0  startup_stm32f10x_hd.o(.text)
    TAMPER_IRQHandler                        0x08000217   Thumb Code     0  startup_stm32f10x_hd.o(.text)
    TIM1_BRK_IRQHandler                      0x08000217   Thumb Code     0  startup_stm32f10x_hd.o(.text)
    TIM1_CC_IRQHandler                       0x08000217   Thumb Code     0  startup_stm32f10x_hd.o(.text)
    TIM1_TRG_COM_IRQHandler                  0x08000217   Thumb Code     0  startup_stm32f10x_hd.o(.text)
    TIM1_UP_IRQHandler                       0x08000217   Thumb Code     0  startup_stm32f10x_hd.o(.text)
    TIM2_IRQHandler                          0x08000217   Thumb Code     0  startup_stm32f10x_hd.o(.text)
    TIM3_IRQHandler                          0x08000217   Thumb Code     0  startup_stm32f10x_hd.o(.text)
    TIM4_IRQHandler                          0x08000217   Thumb Code     0  startup_stm32f10x_hd.o(.text)
    TIM5_IRQHandler                          0x08000217   Thumb Code     0  startup_stm32f10x_hd.o(.text)
    TIM6_IRQHandler                          0x08000217   Thumb Code     0  startup_stm32f10x_hd.o(.text)
    TIM7_IRQHandler                          0x08000217   Thumb Code     0  startup_stm32f10x_hd.o(.text)
    TIM8_BRK_IRQHandler                      0x08000217   Thumb Code     0  startup_stm32f10x_hd.o(.text)
    TIM8_CC_IRQHandler                       0x08000217   Thumb Code     0  startup_stm32f10x_hd.o(.text)
    TIM8_TRG_COM_IRQHandler                  0x08000217   Thumb Code     0  startup_stm32f10x_hd.o(.text)
    TIM8_UP_IRQHandler                       0x08000217   Thumb Code     0  startup_stm32f10x_hd.o(.text)
    UART4_IRQHandler                         0x08000217   Thumb Code     0  startup_stm32f10x_hd.o(.text)
    UART5_IRQHandler                         0x08000217   Thumb Code     0  startup_stm32f10x_hd.o(.text)
    USBWakeUp_IRQHandler                     0x08000217   Thumb Code     0  startup_stm32f10x_hd.o(.text)
    USB_HP_CAN1_TX_IRQHandler                0x08000217   Thumb Code     0  startup_stm32f10x_hd.o(.text)
    USB_LP_CAN1_RX0_IRQHandler               0x08000217   Thumb Code     0  startup_stm32f10x_hd.o(.text)
    WWDG_IRQHandler                          0x08000217   Thumb Code     0  startup_stm32f10x_hd.o(.text)
    __user_initial_stackheap                 0x08000219   Thumb Code     0  startup_stm32f10x_hd.o(.text)
    __semihosting$guard                      0x0800023d   Thumb Code     0  use_no_semi.o(.text)
    __use_no_semihosting_swi                 0x0800023d   Thumb Code     2  use_no_semi.o(.text)
    fgets                                    0x0800023f   Thumb Code    74  fgets.o(.text)
    freopen                                  0x08000289   Thumb Code   158  fopen.o(.text)
    fopen                                    0x08000327   Thumb Code    74  fopen.o(.text)
    _fclose_internal                         0x08000375   Thumb Code    76  fclose.o(.text)
    fclose                                   0x08000375   Thumb Code     0  fclose.o(.text)
    memcmp                                   0x080003c1   Thumb Code    88  memcmp.o(.text)
    strlen                                   0x08000419   Thumb Code    62  strlen.o(.text)
    __aeabi_memcpy                           0x08000457   Thumb Code     0  rt_memcpy_v6.o(.text)
    __rt_memcpy                              0x08000457   Thumb Code   138  rt_memcpy_v6.o(.text)
    _memcpy_lastbytes                        0x080004bd   Thumb Code     0  rt_memcpy_v6.o(.text)
    __aeabi_memcpy4                          0x080004e1   Thumb Code     0  rt_memcpy_w.o(.text)
    __aeabi_memcpy8                          0x080004e1   Thumb Code     0  rt_memcpy_w.o(.text)
    __rt_memcpy_w                            0x080004e1   Thumb Code   100  rt_memcpy_w.o(.text)
    _memcpy_lastbytes_aligned                0x08000529   Thumb Code     0  rt_memcpy_w.o(.text)
    __aeabi_memclr                           0x08000545   Thumb Code     0  rt_memclr.o(.text)
    __rt_memclr                              0x08000545   Thumb Code    68  rt_memclr.o(.text)
    _memset                                  0x08000549   Thumb Code     0  rt_memclr.o(.text)
    __aeabi_memclr4                          0x08000589   Thumb Code     0  rt_memclr_w.o(.text)
    __aeabi_memclr8                          0x08000589   Thumb Code     0  rt_memclr_w.o(.text)
    __rt_memclr_w                            0x08000589   Thumb Code    78  rt_memclr_w.o(.text)
    _memset_w                                0x0800058d   Thumb Code     0  rt_memclr_w.o(.text)
    strcmp                                   0x080005d9   Thumb Code   128  strcmpv7m.o(.text)
    __use_two_region_memory                  0x08000659   Thumb Code     2  heapauxi.o(.text)
    __rt_heap_escrow                         0x0800065b   Thumb Code     2  heapauxi.o(.text)
    __rt_heap_expand                         0x0800065d   Thumb Code     2  heapauxi.o(.text)
    malloc                                   0x0800065f   Thumb Code    94  h1_alloc.o(.text)
    free                                     0x080006bd   Thumb Code    78  h1_free.o(.text)
    ferror                                   0x0800070b   Thumb Code     8  ferror.o(.text)
    _fseek                                   0x08000715   Thumb Code   242  fseek.o(.text)
    fseek                                    0x08000715   Thumb Code     0  fseek.o(.text)
    _seterr                                  0x0800080d   Thumb Code    20  stdio.o(.text)
    _writebuf                                0x08000821   Thumb Code    84  stdio.o(.text)
    _fflush                                  0x08000875   Thumb Code    70  stdio.o(.text)
    _deferredlazyseek                        0x080008bb   Thumb Code    60  stdio.o(.text)
    _initio                                  0x080008fd   Thumb Code   210  initio.o(.text)
    _terminateio                             0x080009cf   Thumb Code    56  initio.o(.text)
    __rt_heap_descriptor                     0x08000a35   Thumb Code     8  rt_heap_descriptor_intlibspace.o(.text)
    __use_no_heap                            0x08000a3d   Thumb Code     2  hguard.o(.text)
    __heap$guard                             0x08000a3f   Thumb Code     2  hguard.o(.text)
    _terminate_user_alloc                    0x08000a41   Thumb Code     2  init_alloc.o(.text)
    _init_user_alloc                         0x08000a43   Thumb Code     2  init_alloc.o(.text)
    __Heap_Full                              0x08000a45   Thumb Code    34  init_alloc.o(.text)
    __Heap_Broken                            0x08000a67   Thumb Code     6  init_alloc.o(.text)
    _init_alloc                              0x08000a6d   Thumb Code    94  init_alloc.o(.text)
    __Heap_Initialize                        0x08000acb   Thumb Code    10  h1_init.o(.text)
    __Heap_DescSize                          0x08000ad5   Thumb Code     4  h1_init.o(.text)
    _readbuf                                 0x08000ad9   Thumb Code    54  filbuf.o(.text)
    _seteof                                  0x08000b0f   Thumb Code    40  filbuf.o(.text)
    __filbuf                                 0x08000b37   Thumb Code   482  filbuf.o(.text)
    __filbuf_byte                            0x08000b37   Thumb Code     0  filbuf.o(.text)
    __filbuf_wide                            0x08000b37   Thumb Code     0  filbuf.o(.text)
    _ftell_internal                          0x08000d19   Thumb Code    70  ftell.o(.text)
    ftell                                    0x08000d19   Thumb Code     0  ftell.o(.text)
    setvbuf                                  0x08000d5f   Thumb Code    70  setvbuf.o(.text)
    __rt_SIGRTRED                            0x08000da5   Thumb Code    14  defsig_rtred_outer.o(.text)
    __user_libspace                          0x08000db5   Thumb Code     8  libspace.o(.text)
    __user_perproc_libspace                  0x08000db5   Thumb Code     0  libspace.o(.text)
    __user_perthread_libspace                0x08000db5   Thumb Code     0  libspace.o(.text)
    __user_setup_stackheap                   0x08000dbd   Thumb Code    74  sys_stackheap_outer.o(.text)
    __aeabi_errno_addr                       0x08000e09   Thumb Code     8  rt_errno_addr_intlibspace.o(.text)
    __errno$intlibspace                      0x08000e09   Thumb Code     0  rt_errno_addr_intlibspace.o(.text)
    __rt_errno_addr$intlibspace              0x08000e09   Thumb Code     0  rt_errno_addr_intlibspace.o(.text)
    __Heap_ProvideMemory                     0x08000e11   Thumb Code    52  h1_extend.o(.text)
    _flushlinebuffered                       0x08000e45   Thumb Code    50  flushlinebuffered.o(.text)
    exit                                     0x08000e7d   Thumb Code    12  exit.o(.text)
    __sig_exit                               0x08000e89   Thumb Code    10  defsig_exit.o(.text)
    __rt_SIGRTRED_inner                      0x08000e95   Thumb Code    14  defsig_rtred_inner.o(.text)
    __rt_SIGRTMEM                            0x08000ec9   Thumb Code    14  defsig_rtmem_outer.o(.text)
    _do_fflush                               0x08000ed9   Thumb Code    54  fflush.o(.text)
    fflush                                   0x08000f0f   Thumb Code    42  fflush.o(.text)
    __default_signal_display                 0x08000f3d   Thumb Code    50  defsig_general.o(.text)
    __rt_SIGRTMEM_inner                      0x08000f71   Thumb Code    22  defsig_rtmem_inner.o(.text)
    BKP_ReadBackupRegister                   0x08000fc1   Thumb Code   194  stm32f10x_bkp.o(i.BKP_ReadBackupRegister)
    BKP_WriteBackupRegister                  0x080010c5   Thumb Code   196  stm32f10x_bkp.o(i.BKP_WriteBackupRegister)
    BusFault_Handler                         0x080011c9   Thumb Code     2  stm32f10x_it.o(i.BusFault_Handler)
    DebugMon_Handler                         0x0800123d   Thumb Code     2  stm32f10x_it.o(i.DebugMon_Handler)
    EXTI0_IRQHandler                         0x08001241   Thumb Code    52  stm32f10x_it.o(i.EXTI0_IRQHandler)
    EXTI9_5_IRQHandler                       0x0800127d   Thumb Code    28  stm32f10x_it.o(i.EXTI9_5_IRQHandler)
    EXTI_ClearITPendingBit                   0x08001299   Thumb Code    24  stm32f10x_exti.o(i.EXTI_ClearITPendingBit)
    EXTI_GetITStatus                         0x080012f5   Thumb Code   142  stm32f10x_exti.o(i.EXTI_GetITStatus)
    FLASH_ClearFlag                          0x080013c9   Thumb Code    28  stm32f10x_flash.o(i.FLASH_ClearFlag)
    FLASH_ErasePage                          0x08001429   Thumb Code    76  stm32f10x_flash.o(i.FLASH_ErasePage)
    FLASH_GetBank1Status                     0x080014bd   Thumb Code    34  stm32f10x_flash.o(i.FLASH_GetBank1Status)
    FLASH_LockBank1                          0x080014e5   Thumb Code    12  stm32f10x_flash.o(i.FLASH_LockBank1)
    FLASH_ProgramWord                        0x080014f5   Thumb Code    96  stm32f10x_flash.o(i.FLASH_ProgramWord)
    FLASH_UnlockBank1                        0x0800159d   Thumb Code    12  stm32f10x_flash.o(i.FLASH_UnlockBank1)
    FLASH_WaitForLastOperation               0x080015b5   Thumb Code    36  stm32f10x_flash.o(i.FLASH_WaitForLastOperation)
    FWUpgrade                                0x080015d9   Thumb Code   344  fwupgrade.o(i.FWUpgrade)
    GPIO_Init                                0x08001749   Thumb Code   288  stm32f10x_gpio.o(i.GPIO_Init)
    GPIO_ResetBits                           0x080018c5   Thumb Code    74  stm32f10x_gpio.o(i.GPIO_ResetBits)
    GPIO_SetBits                             0x0800196d   Thumb Code    74  stm32f10x_gpio.o(i.GPIO_SetBits)
    GPIO_WriteBit                            0x08001a15   Thumb Code   174  stm32f10x_gpio.o(i.GPIO_WriteBit)
    HardFault_Handler                        0x08001b21   Thumb Code    12  stm32f10x_it.o(i.HardFault_Handler)
    IWDG_Enable                              0x08001b31   Thumb Code    10  stm32f10x_iwdg.o(i.IWDG_Enable)
    IWDG_ReloadCounter                       0x08001b41   Thumb Code    10  stm32f10x_iwdg.o(i.IWDG_ReloadCounter)
    IWDG_SetPrescaler                        0x08001b51   Thumb Code    44  stm32f10x_iwdg.o(i.IWDG_SetPrescaler)
    IWDG_SetReload                           0x08001bc1   Thumb Code    24  stm32f10x_iwdg.o(i.IWDG_SetReload)
    IWDG_WriteAccessCmd                      0x08001c1d   Thumb Code    28  stm32f10x_iwdg.o(i.IWDG_WriteAccessCmd)
    MemManage_Handler                        0x08001d55   Thumb Code     2  stm32f10x_it.o(i.MemManage_Handler)
    NMI_Handler                              0x08001d57   Thumb Code     2  stm32f10x_it.o(i.NMI_Handler)
    PWR_BackupAccessCmd                      0x08001d59   Thumb Code    24  stm32f10x_pwr.o(i.PWR_BackupAccessCmd)
    RCC_APB1PeriphClockCmd                   0x08001db1   Thumb Code    56  stm32f10x_rcc.o(i.RCC_APB1PeriphClockCmd)
    RCC_APB1PeriphResetCmd                   0x08001e2d   Thumb Code    56  stm32f10x_rcc.o(i.RCC_APB1PeriphResetCmd)
    RCC_APB2PeriphClockCmd                   0x08001ea9   Thumb Code    56  stm32f10x_rcc.o(i.RCC_APB2PeriphClockCmd)
    RCC_APB2PeriphResetCmd                   0x08001f25   Thumb Code    56  stm32f10x_rcc.o(i.RCC_APB2PeriphResetCmd)
    SPI_Cmd                                  0x08001fc5   Thumb Code    68  stm32f10x_spi.o(i.SPI_Cmd)
    SPI_I2S_DeInit                           0x08002051   Thumb Code    82  stm32f10x_spi.o(i.SPI_I2S_DeInit)
    SPI_Init                                 0x080020ed   Thumb Code   270  stm32f10x_spi.o(i.SPI_Init)
    SystemInit                               0x08002345   Thumb Code    64  system_stm32f10x.o(i.SystemInit)
    USART1_IRQHandler                        0x08002395   Thumb Code    38  stm32f10x_it.o(i.USART1_IRQHandler)
    USART2_IRQHandler                        0x080023c1   Thumb Code    38  stm32f10x_it.o(i.USART2_IRQHandler)
    USART3_IRQHandler                        0x080023f1   Thumb Code    30  stm32f10x_it.o(i.USART3_IRQHandler)
    USART_GetFlagStatus                      0x08002415   Thumb Code   140  stm32f10x_usart.o(i.USART_GetFlagStatus)
    USART_GetITStatus                        0x080024f5   Thumb Code   212  stm32f10x_usart.o(i.USART_GetITStatus)
    USART_PrCStr                             0x0800261d   Thumb Code    24  serial.o(i.USART_PrCStr)
    USART_PrChar                             0x08002635   Thumb Code    30  serial.o(i.USART_PrChar)
    USART_ReceiveData                        0x08002655   Thumb Code    52  stm32f10x_usart.o(i.USART_ReceiveData)
    USART_SendData                           0x080026dd   Thumb Code    70  stm32f10x_usart.o(i.USART_SendData)
    UsageFault_Handler                       0x080027c1   Thumb Code     2  stm32f10x_it.o(i.UsageFault_Handler)
    __sys_close                              0x080027c5   Thumb Code    76  fs_sys.o(i.__sys_close)
    __sys_flen                               0x08002819   Thumb Code    56  fs_sys.o(i.__sys_flen)
    __sys_open                               0x08002859   Thumb Code   418  fs_sys.o(i.__sys_open)
    __sys_read                               0x08002a09   Thumb Code    86  fs_sys.o(i.__sys_read)
    __sys_seek                               0x08002a69   Thumb Code    64  fs_sys.o(i.__sys_seek)
    __sys_write                              0x08002ab1   Thumb Code    80  fs_sys.o(i.__sys_write)
    _sys_close                               0x08002b09   Thumb Code    14  retarget.o(i._sys_close)
    _sys_exit                                0x08002b17   Thumb Code     2  retarget.o(i._sys_exit)
    _sys_flen                                0x08002b19   Thumb Code    14  retarget.o(i._sys_flen)
    _sys_istty                               0x08002b27   Thumb Code    14  retarget.o(i._sys_istty)
    _sys_open                                0x08002b35   Thumb Code    64  retarget.o(i._sys_open)
    _sys_read                                0x08002b8d   Thumb Code    16  retarget.o(i._sys_read)
    _sys_seek                                0x08002b9d   Thumb Code    16  retarget.o(i._sys_seek)
    _sys_write                               0x08002bad   Thumb Code    16  retarget.o(i._sys_write)
    _ttywrch                                 0x08002bbd   Thumb Code     2  retarget.o(i._ttywrch)
    assert_failed                            0x08002d1b   Thumb Code     2  main_bootloader.o(i.assert_failed)
    efs_create                               0x080034ff   Thumb Code     4  file_config.o(i.efs_create)
    efs_delete                               0x08003503   Thumb Code     4  file_config.o(i.efs_delete)
    efs_find                                 0x08003507   Thumb Code     4  file_config.o(i.efs_find)
    efs_fsize                                0x0800350b   Thumb Code     2  file_config.o(i.efs_fsize)
    efs_read                                 0x0800350d   Thumb Code     4  file_config.o(i.efs_read)
    efs_seek                                 0x08003511   Thumb Code     4  file_config.o(i.efs_seek)
    efs_wclose                               0x08003515   Thumb Code     4  file_config.o(i.efs_wclose)
    efs_write                                0x08003519   Thumb Code     4  file_config.o(i.efs_write)
    fat_create                               0x0800351d   Thumb Code    86  fs_fat.o(i.fat_create)
    fat_delete                               0x08003573   Thumb Code   134  fs_fat.o(i.fat_delete)
    fat_find                                 0x080035f9   Thumb Code    76  fs_fat.o(i.fat_find)
    fat_init                                 0x080036c9   Thumb Code   328  fs_fat.o(i.fat_init)
    fat_jour_init                            0x08003811   Thumb Code     4  file_config.o(i.fat_jour_init)
    fat_read                                 0x08003815   Thumb Code   180  fs_fat.o(i.fat_read)
    fat_seek                                 0x080038c9   Thumb Code   122  fs_fat.o(i.fat_seek)
    fat_wclose                               0x08003943   Thumb Code   246  fs_fat.o(i.fat_wclose)
    fat_write                                0x08003a39   Thumb Code   276  fs_fat.o(i.fat_write)
    fgetc                                    0x08003b4d   Thumb Code    24  fgetc.o(i.fgetc)
    finit                                    0x08003b6d   Thumb Code   110  fs_mapi.o(i.finit)
    fs_cfg_drv                               0x08003be9   Thumb Code    74  fs_mapi.o(i.fs_cfg_drv)
    fs_chk_media                             0x08003c49   Thumb Code    46  fs_lib.o(i.fs_chk_media)
    fs_config                                0x08003c79   Thumb Code    34  file_config.o(i.fs_config)
    fs_dir                                   0x08003cad   Thumb Code    36  fs_lib.o(i.fs_dir)
    fs_find_iob                              0x08003cd1   Thumb Code    48  fs_lib.o(i.fs_find_iob)
    fs_get_date                              0x08003d09   Thumb Code     4  fs_time.o(i.fs_get_date)
    fs_get_time                              0x08003d11   Thumb Code     6  fs_time.o(i.fs_get_time)
    fs_map_drive                             0x08003d19   Thumb Code   110  fs_lib.o(i.fs_map_drive)
    fsj_write                                0x08003d91   Thumb Code     4  file_config.o(i.fsj_write)
    main                                     0x0800435d   Thumb Code   156  main_bootloader.o(i.main)
    mmc_DevCtrl                              0x0800449d   Thumb Code    26  fs_mmc.o(i.mmc_DevCtrl)
    mmc_Init                                 0x080044b7   Thumb Code   506  fs_mmc.o(i.mmc_Init)
    mmc_ReadInfo                             0x080046b1   Thumb Code    32  fs_mmc.o(i.mmc_ReadInfo)
    mmc_ReadSector                           0x080046d1   Thumb Code    84  fs_mmc.o(i.mmc_ReadSector)
    mmc_UnInit                               0x08004729   Thumb Code    24  fs_mmc.o(i.mmc_UnInit)
    mmc_WriteSector                          0x08004741   Thumb Code    88  fs_mmc.o(i.mmc_WriteSector)
    stm32_Init                               0x08004e6d   Thumb Code     4  stm32_init.o(i.stm32_Init)
    vIWDG_Init                               0x08005041   Thumb Code    40  watchdog.o(i.vIWDG_Init)
    _NFILE                                   0x080053dc   Data           2  file_config.o(.constdata)
    _NDRV                                    0x080053de   Data           2  file_config.o(.constdata)
    mc0_drv                                  0x080053e0   Data          24  file_config.o(.constdata)
    fs_DevPool                               0x080053f8   Data           8  file_config.o(.constdata)
    __stdin_name                             0x08005400   Data           6  retarget.o(.constdata)
    __stdout_name                            0x08005406   Data           7  retarget.o(.constdata)
    __stderr_name                            0x0800540d   Data           7  retarget.o(.constdata)
    spi0_drv                                 0x08005414   Data          32  spi_stm32f103.o(.constdata)
    Region$$Table$$Base                      0x080054e0   Number         0  anon$$obj.o(Region$$Table)
    Region$$Table$$Limit                     0x08005500   Number         0  anon$$obj.o(Region$$Table)
    f_fw                                     0x20000000   Data           4  fwupgrade.o(.data)
    ExtendedAddress                          0x20000004   Data           4  fwupgrade.o(.data)
    FW_Filename                              0x20000008   Data          16  fwupgrade.o(.data)
    LsiFreq                                  0x20000018   Data           4  watchdog.o(.data)
    _stream_list_lock                        0x20000020   Data           4  streamlock.o(.data)
    __aeabi_stdin                            0x20000024   Data           4  stdio_streams.o(.data)
    __aeabi_stdout                           0x20000028   Data           4  stdio_streams.o(.data)
    __aeabi_stderr                           0x2000002c   Data           4  stdio_streams.o(.data)
    line                                     0x20000030   Data          46  fwupgrade.o(.bss)
    DecodedLine                              0x2000005e   Data          21  fwupgrade.o(.bss)
    _iob                                     0x20000074   Data         288  file_config.o(.bss)
    __stdin                                  0x20000724   Data          84  stdio_streams.o(.bss)
    __stdout                                 0x20000778   Data          84  stdio_streams.o(.bss)
    __stderr                                 0x200007cc   Data          84  stdio_streams.o(.bss)
    __libspace_start                         0x20000820   Data          96  libspace.o(.bss)
    __temporary_stack_top$libspace           0x20000880   Data           0  libspace.o(.bss)



==============================================================================

Memory Map of the image

  Image Entry point : 0x08000131

  Load Region LR_IROM1 (Base: 0x08000000, Size: 0x00005530, Max: 0x00040000, ABSOLUTE)

    Execution Region ER_IROM1 (Base: 0x08000000, Size: 0x00005500, Max: 0x00040000, ABSOLUTE)

    Base Addr    Size         Type   Attr      Idx    E Section Name        Object

    0x08000000   0x00000130   Data   RO            3    RESET               startup_stm32f10x_hd.o
    0x08000130   0x00000008   Code   RO         3982  * !!!main             c_w.l(__main.o)
    0x08000138   0x00000034   Code   RO         4304    !!!scatter          c_w.l(__scatter.o)
    0x0800016c   0x0000001a   Code   RO         4306    !!handler_copy      c_w.l(__scatter_copy.o)
    0x08000186   0x00000002   PAD
    0x08000188   0x0000001c   Code   RO         4308    !!handler_zi        c_w.l(__scatter_zi.o)
    0x080001a4   0x00000002   Code   RO         4251    .ARM.Collect$$libinit$$00000000  c_w.l(libinit.o)
    0x080001a6   0x00000000   Code   RO         4134    .ARM.Collect$$libinit$$00000002  c_w.l(libinit2.o)
    0x080001a6   0x00000008   Code   RO         4135    .ARM.Collect$$libinit$$00000003  c_w.l(libinit2.o)
    0x080001ae   0x00000000   Code   RO         4137    .ARM.Collect$$libinit$$00000008  c_w.l(libinit2.o)
    0x080001ae   0x00000000   Code   RO         4139    .ARM.Collect$$libinit$$0000000A  c_w.l(libinit2.o)
    0x080001ae   0x00000000   Code   RO         4141    .ARM.Collect$$libinit$$0000000C  c_w.l(libinit2.o)
    0x080001ae   0x00000000   Code   RO         4144    .ARM.Collect$$libinit$$0000000F  c_w.l(libinit2.o)
    0x080001ae   0x00000000   Code   RO         4146    .ARM.Collect$$libinit$$00000011  c_w.l(libinit2.o)
    0x080001ae   0x00000000   Code   RO         4148    .ARM.Collect$$libinit$$00000013  c_w.l(libinit2.o)
    0x080001ae   0x00000000   Code   RO         4150    .ARM.Collect$$libinit$$00000015  c_w.l(libinit2.o)
    0x080001ae   0x00000000   Code   RO         4152    .ARM.Collect$$libinit$$00000017  c_w.l(libinit2.o)
    0x080001ae   0x00000000   Code   RO         4154    .ARM.Collect$$libinit$$00000019  c_w.l(libinit2.o)
    0x080001ae   0x00000000   Code   RO         4156    .ARM.Collect$$libinit$$0000001B  c_w.l(libinit2.o)
    0x080001ae   0x00000000   Code   RO         4158    .ARM.Collect$$libinit$$0000001D  c_w.l(libinit2.o)
    0x080001ae   0x00000000   Code   RO         4160    .ARM.Collect$$libinit$$0000001F  c_w.l(libinit2.o)
    0x080001ae   0x00000000   Code   RO         4162    .ARM.Collect$$libinit$$00000021  c_w.l(libinit2.o)
    0x080001ae   0x00000004   Code   RO         4163    .ARM.Collect$$libinit$$00000022  c_w.l(libinit2.o)
    0x080001b2   0x00000000   Code   RO         4164    .ARM.Collect$$libinit$$00000023  c_w.l(libinit2.o)
    0x080001b2   0x00000000   Code   RO         4168    .ARM.Collect$$libinit$$0000002A  c_w.l(libinit2.o)
    0x080001b2   0x00000000   Code   RO         4170    .ARM.Collect$$libinit$$0000002C  c_w.l(libinit2.o)
    0x080001b2   0x00000000   Code   RO         4172    .ARM.Collect$$libinit$$0000002E  c_w.l(libinit2.o)
    0x080001b2   0x00000000   Code   RO         4174    .ARM.Collect$$libinit$$00000030  c_w.l(libinit2.o)
    0x080001b2   0x00000002   Code   RO         4175    .ARM.Collect$$libinit$$00000031  c_w.l(libinit2.o)
    0x080001b4   0x00000002   Code   RO         4301    .ARM.Collect$$libshutdown$$00000000  c_w.l(libshutdown.o)
    0x080001b6   0x00000004   Code   RO         4177    .ARM.Collect$$libshutdown$$00000002  c_w.l(libshutdown2.o)
    0x080001ba   0x00000000   Code   RO         4178    .ARM.Collect$$libshutdown$$00000003  c_w.l(libshutdown2.o)
    0x080001ba   0x00000000   Code   RO         4181    .ARM.Collect$$libshutdown$$00000006  c_w.l(libshutdown2.o)
    0x080001ba   0x00000000   Code   RO         4184    .ARM.Collect$$libshutdown$$00000009  c_w.l(libshutdown2.o)
    0x080001ba   0x00000000   Code   RO         4186    .ARM.Collect$$libshutdown$$0000000B  c_w.l(libshutdown2.o)
    0x080001ba   0x00000000   Code   RO         4189    .ARM.Collect$$libshutdown$$0000000E  c_w.l(libshutdown2.o)
    0x080001ba   0x00000002   Code   RO         4190    .ARM.Collect$$libshutdown$$0000000F  c_w.l(libshutdown2.o)
    0x080001bc   0x00000000   Code   RO         3986    .ARM.Collect$$rtentry$$00000000  c_w.l(rtentry.o)
    0x080001bc   0x00000000   Code   RO         4078    .ARM.Collect$$rtentry$$00000002  c_w.l(rtentry2.o)
    0x080001bc   0x00000006   Code   RO         4090    .ARM.Collect$$rtentry$$00000004  c_w.l(rtentry4.o)
    0x080001c2   0x00000000   Code   RO         4080    .ARM.Collect$$rtentry$$00000009  c_w.l(rtentry2.o)
    0x080001c2   0x00000004   Code   RO         4081    .ARM.Collect$$rtentry$$0000000A  c_w.l(rtentry2.o)
    0x080001c6   0x00000000   Code   RO         4083    .ARM.Collect$$rtentry$$0000000C  c_w.l(rtentry2.o)
    0x080001c6   0x00000008   Code   RO         4084    .ARM.Collect$$rtentry$$0000000D  c_w.l(rtentry2.o)
    0x080001ce   0x00000002   Code   RO         4254    .ARM.Collect$$rtexit$$00000000  c_w.l(rtexit.o)
    0x080001d0   0x00000000   Code   RO         4275    .ARM.Collect$$rtexit$$00000002  c_w.l(rtexit2.o)
    0x080001d0   0x00000004   Code   RO         4276    .ARM.Collect$$rtexit$$00000003  c_w.l(rtexit2.o)
    0x080001d4   0x00000006   Code   RO         4277    .ARM.Collect$$rtexit$$00000004  c_w.l(rtexit2.o)
    0x080001da   0x00000002   PAD
    0x080001dc   0x00000020   Code   RO         3255    .emb_text           core_cm3.o
    0x080001fc   0x00000000   Code   RO         4207    .emb_text           c_w.l(maybetermalloc1.o)
    0x080001fc   0x00000040   Code   RO            4    .text               startup_stm32f10x_hd.o
    0x0800023c   0x00000002   Code   RO         3947    .text               c_w.l(use_no_semi.o)
    0x0800023e   0x0000004a   Code   RO         3951    .text               c_w.l(fgets.o)
    0x08000288   0x000000ec   Code   RO         3954    .text               c_w.l(fopen.o)
    0x08000374   0x0000004c   Code   RO         3956    .text               c_w.l(fclose.o)
    0x080003c0   0x00000058   Code   RO         3962    .text               c_w.l(memcmp.o)
    0x08000418   0x0000003e   Code   RO         3964    .text               c_w.l(strlen.o)
    0x08000456   0x0000008a   Code   RO         3968    .text               c_w.l(rt_memcpy_v6.o)
    0x080004e0   0x00000064   Code   RO         3970    .text               c_w.l(rt_memcpy_w.o)
    0x08000544   0x00000044   Code   RO         3974    .text               c_w.l(rt_memclr.o)
    0x08000588   0x0000004e   Code   RO         3976    .text               c_w.l(rt_memclr_w.o)
    0x080005d6   0x00000002   PAD
    0x080005d8   0x00000080   Code   RO         3978    .text               c_w.l(strcmpv7m.o)
    0x08000658   0x00000006   Code   RO         3980    .text               c_w.l(heapauxi.o)
    0x0800065e   0x0000005e   Code   RO         3995    .text               c_w.l(h1_alloc.o)
    0x080006bc   0x0000004e   Code   RO         3997    .text               c_w.l(h1_free.o)
    0x0800070a   0x00000008   Code   RO         4053    .text               c_w.l(ferror.o)
    0x08000712   0x00000002   PAD
    0x08000714   0x000000f8   Code   RO         4059    .text               c_w.l(fseek.o)
    0x0800080c   0x000000f0   Code   RO         4061    .text               c_w.l(stdio.o)
    0x080008fc   0x00000138   Code   RO         4063    .text               c_w.l(initio.o)
    0x08000a34   0x00000008   Code   RO         4097    .text               c_w.l(rt_heap_descriptor_intlibspace.o)
    0x08000a3c   0x00000004   Code   RO         4099    .text               c_w.l(hguard.o)
    0x08000a40   0x0000008a   Code   RO         4101    .text               c_w.l(init_alloc.o)
    0x08000aca   0x0000000e   Code   RO         4105    .text               c_w.l(h1_init.o)
    0x08000ad8   0x00000240   Code   RO         4119    .text               c_w.l(filbuf.o)
    0x08000d18   0x00000046   Code   RO         4121    .text               c_w.l(ftell.o)
    0x08000d5e   0x00000046   Code   RO         4123    .text               c_w.l(setvbuf.o)
    0x08000da4   0x0000000e   Code   RO         4127    .text               c_w.l(defsig_rtred_outer.o)
    0x08000db2   0x00000002   PAD
    0x08000db4   0x00000008   Code   RO         4193    .text               c_w.l(libspace.o)
    0x08000dbc   0x0000004a   Code   RO         4196    .text               c_w.l(sys_stackheap_outer.o)
    0x08000e06   0x00000002   PAD
    0x08000e08   0x00000008   Code   RO         4203    .text               c_w.l(rt_errno_addr_intlibspace.o)
    0x08000e10   0x00000034   Code   RO         4209    .text               c_w.l(h1_extend.o)
    0x08000e44   0x00000038   Code   RO         4217    .text               c_w.l(flushlinebuffered.o)
    0x08000e7c   0x0000000c   Code   RO         4227    .text               c_w.l(exit.o)
    0x08000e88   0x0000000a   Code   RO         4229    .text               c_w.l(defsig_exit.o)
    0x08000e92   0x00000002   PAD
    0x08000e94   0x00000034   Code   RO         4235    .text               c_w.l(defsig_rtred_inner.o)
    0x08000ec8   0x0000000e   Code   RO         4237    .text               c_w.l(defsig_rtmem_outer.o)
    0x08000ed6   0x00000002   PAD
    0x08000ed8   0x00000064   Code   RO         4258    .text               c_w.l(fflush.o)
    0x08000f3c   0x00000032   Code   RO         4264    .text               c_w.l(defsig_general.o)
    0x08000f6e   0x00000002   PAD
    0x08000f70   0x00000050   Code   RO         4268    .text               c_w.l(defsig_rtmem_inner.o)
    0x08000fc0   0x00000104   Code   RO          566    i.BKP_ReadBackupRegister  stm32f10x_bkp.o
    0x080010c4   0x00000104   Code   RO          570    i.BKP_WriteBackupRegister  stm32f10x_bkp.o
    0x080011c8   0x00000002   Code   RO          225    i.BusFault_Handler  stm32f10x_it.o
    0x080011ca   0x00000002   PAD
    0x080011cc   0x0000006c   Code   RO         3661    i.BusSpeed          spi_stm32f103.o
    0x08001238   0x00000004   Code   RO         3662    i.CheckMedia        spi_stm32f103.o
    0x0800123c   0x00000002   Code   RO          226    i.DebugMon_Handler  stm32f10x_it.o
    0x0800123e   0x00000002   PAD
    0x08001240   0x0000003c   Code   RO          227    i.EXTI0_IRQHandler  stm32f10x_it.o
    0x0800127c   0x0000001c   Code   RO          228    i.EXTI9_5_IRQHandler  stm32f10x_it.o
    0x08001298   0x0000005c   Code   RO         1099    i.EXTI_ClearITPendingBit  stm32f10x_exti.o
    0x080012f4   0x000000d4   Code   RO         1103    i.EXTI_GetITStatus  stm32f10x_exti.o
    0x080013c8   0x00000060   Code   RO         1152    i.FLASH_ClearFlag   stm32f10x_flash.o
    0x08001428   0x00000094   Code   RO         1157    i.FLASH_ErasePage   stm32f10x_flash.o
    0x080014bc   0x00000028   Code   RO         1158    i.FLASH_GetBank1Status  stm32f10x_flash.o
    0x080014e4   0x00000010   Code   RO         1168    i.FLASH_LockBank1   stm32f10x_flash.o
    0x080014f4   0x000000a8   Code   RO         1172    i.FLASH_ProgramWord  stm32f10x_flash.o
    0x0800159c   0x00000018   Code   RO         1176    i.FLASH_UnlockBank1  stm32f10x_flash.o
    0x080015b4   0x00000024   Code   RO         1179    i.FLASH_WaitForLastOperation  stm32f10x_flash.o
    0x080015d8   0x00000170   Code   RO          163    i.FWUpgrade         fwupgrade.o
    0x08001748   0x0000017c   Code   RO         1450    i.GPIO_Init         stm32f10x_gpio.o
    0x080018c4   0x000000a8   Code   RO         1457    i.GPIO_ResetBits    stm32f10x_gpio.o
    0x0800196c   0x000000a8   Code   RO         1458    i.GPIO_SetBits      stm32f10x_gpio.o
    0x08001a14   0x0000010c   Code   RO         1461    i.GPIO_WriteBit     stm32f10x_gpio.o
    0x08001b20   0x00000010   Code   RO          229    i.HardFault_Handler  stm32f10x_it.o
    0x08001b30   0x00000010   Code   RO         1762    i.IWDG_Enable       stm32f10x_iwdg.o
    0x08001b40   0x00000010   Code   RO         1764    i.IWDG_ReloadCounter  stm32f10x_iwdg.o
    0x08001b50   0x00000070   Code   RO         1765    i.IWDG_SetPrescaler  stm32f10x_iwdg.o
    0x08001bc0   0x0000005c   Code   RO         1766    i.IWDG_SetReload    stm32f10x_iwdg.o
    0x08001c1c   0x00000060   Code   RO         1767    i.IWDG_WriteAccessCmd  stm32f10x_iwdg.o
    0x08001c7c   0x000000d8   Code   RO         3663    i.Init              spi_stm32f103.o
    0x08001d54   0x00000002   Code   RO          230    i.MemManage_Handler  stm32f10x_it.o
    0x08001d56   0x00000002   Code   RO          231    i.NMI_Handler       stm32f10x_it.o
    0x08001d58   0x00000058   Code   RO         1804    i.PWR_BackupAccessCmd  stm32f10x_pwr.o
    0x08001db0   0x0000007c   Code   RO         1866    i.RCC_APB1PeriphClockCmd  stm32f10x_rcc.o
    0x08001e2c   0x0000007c   Code   RO         1867    i.RCC_APB1PeriphResetCmd  stm32f10x_rcc.o
    0x08001ea8   0x0000007c   Code   RO         1868    i.RCC_APB2PeriphClockCmd  stm32f10x_rcc.o
    0x08001f24   0x0000007c   Code   RO         1869    i.RCC_APB2PeriphResetCmd  stm32f10x_rcc.o
    0x08001fa0   0x00000024   Code   RO         3664    i.RecBuf            spi_stm32f103.o
    0x08001fc4   0x0000008c   Code   RO         2344    i.SPI_Cmd           stm32f10x_spi.o
    0x08002050   0x0000009c   Code   RO         2351    i.SPI_I2S_DeInit    stm32f10x_spi.o
    0x080020ec   0x00000158   Code   RO         2357    i.SPI_Init          stm32f10x_spi.o
    0x08002244   0x00000014   Code   RO         3665    i.Send              spi_stm32f103.o
    0x08002258   0x00000030   Code   RO         3666    i.SendBuf           spi_stm32f103.o
    0x08002288   0x00000014   Code   RO         3667    i.SetSS             spi_stm32f103.o
    0x0800229c   0x000000a8   Code   RO         3265    i.SetSysClockTo72   system_stm32f10x.o
    0x08002344   0x00000050   Code   RO         3267    i.SystemInit        system_stm32f10x.o
    0x08002394   0x0000002c   Code   RO          232    i.USART1_IRQHandler  stm32f10x_it.o
    0x080023c0   0x00000030   Code   RO          233    i.USART2_IRQHandler  stm32f10x_it.o
    0x080023f0   0x00000024   Code   RO          234    i.USART3_IRQHandler  stm32f10x_it.o
    0x08002414   0x000000e0   Code   RO         3028    i.USART_GetFlagStatus  stm32f10x_usart.o
    0x080024f4   0x00000128   Code   RO         3029    i.USART_GetITStatus  stm32f10x_usart.o
    0x0800261c   0x00000018   Code   RO          186    i.USART_PrCStr      serial.o
    0x08002634   0x0000001e   Code   RO          187    i.USART_PrChar      serial.o
    0x08002652   0x00000002   PAD
    0x08002654   0x00000088   Code   RO         3039    i.USART_ReceiveData  stm32f10x_usart.o
    0x080026dc   0x0000009c   Code   RO         3042    i.USART_SendData    stm32f10x_usart.o
    0x08002778   0x00000048   Code   RO         3668    i.UnInit            spi_stm32f103.o
    0x080027c0   0x00000002   Code   RO          235    i.UsageFault_Handler  stm32f10x_it.o
    0x080027c2   0x00000002   PAD
    0x080027c4   0x00000054   Code   RO         3711    i.__sys_close       FS_CM3.lib(fs_sys.o)
    0x08002818   0x00000040   Code   RO         3713    i.__sys_flen        FS_CM3.lib(fs_sys.o)
    0x08002858   0x000001b0   Code   RO         3714    i.__sys_open        FS_CM3.lib(fs_sys.o)
    0x08002a08   0x00000060   Code   RO         3715    i.__sys_read        FS_CM3.lib(fs_sys.o)
    0x08002a68   0x00000048   Code   RO         3716    i.__sys_seek        FS_CM3.lib(fs_sys.o)
    0x08002ab0   0x00000058   Code   RO         3717    i.__sys_write       FS_CM3.lib(fs_sys.o)
    0x08002b08   0x0000000e   Code   RO         3562    i._sys_close        retarget.o
    0x08002b16   0x00000002   Code   RO         3565    i._sys_exit         retarget.o
    0x08002b18   0x0000000e   Code   RO         3566    i._sys_flen         retarget.o
    0x08002b26   0x0000000e   Code   RO         3567    i._sys_istty        retarget.o
    0x08002b34   0x00000058   Code   RO         3568    i._sys_open         retarget.o
    0x08002b8c   0x00000010   Code   RO         3569    i._sys_read         retarget.o
    0x08002b9c   0x00000010   Code   RO         3570    i._sys_seek         retarget.o
    0x08002bac   0x00000010   Code   RO         3572    i._sys_write        retarget.o
    0x08002bbc   0x00000002   Code   RO         3573    i._ttywrch          retarget.o
    0x08002bbe   0x00000112   Code   RO         3776    i.alloc_name        FS_CM3.lib(fs_fat.o)
    0x08002cd0   0x0000004a   Code   RO         3777    i.alloc_new_clus    FS_CM3.lib(fs_fat.o)
    0x08002d1a   0x00000002   Code   RO          126    i.assert_failed     main_bootloader.o
    0x08002d1c   0x00000092   Code   RO         3778    i.cache_fat         FS_CM3.lib(fs_fat.o)
    0x08002dae   0x00000070   Code   RO         3779    i.check_lfn         FS_CM3.lib(fs_fat.o)
    0x08002e1e   0x00000006   Code   RO         3780    i.check_name        FS_CM3.lib(fs_fat.o)
    0x08002e24   0x000000b0   Code   RO         3781    i.chk_dir_empty     FS_CM3.lib(fs_fat.o)
    0x08002ed4   0x0000003c   Code   RO         3782    i.clear_clus        FS_CM3.lib(fs_fat.o)
    0x08002f10   0x0000001a   Code   RO         3783    i.clus_to_sect      FS_CM3.lib(fs_fat.o)
    0x08002f2a   0x0000010a   Code   RO         3784    i.count_free_clus   FS_CM3.lib(fs_fat.o)
    0x08003034   0x00000088   Code   RO         3785    i.create_entry      FS_CM3.lib(fs_fat.o)
    0x080030bc   0x00000148   Code   RO         3786    i.create_lfn_entry  FS_CM3.lib(fs_fat.o)
    0x08003204   0x000001c2   Code   RO         3787    i.create_sfn_entry  FS_CM3.lib(fs_fat.o)
    0x080033c6   0x0000009e   Code   RO         3788    i.cvt_fatname       FS_CM3.lib(fs_fat.o)
    0x08003464   0x0000009a   Code   RO         3789    i.delete_entries    FS_CM3.lib(fs_fat.o)
    0x080034fe   0x00000004   Code   RO         3296    i.efs_create        file_config.o
    0x08003502   0x00000004   Code   RO         3298    i.efs_delete        file_config.o
    0x08003506   0x00000004   Code   RO         3301    i.efs_find          file_config.o
    0x0800350a   0x00000002   Code   RO         3304    i.efs_fsize         file_config.o
    0x0800350c   0x00000004   Code   RO         3305    i.efs_read          file_config.o
    0x08003510   0x00000004   Code   RO         3307    i.efs_seek          file_config.o
    0x08003514   0x00000004   Code   RO         3308    i.efs_wclose        file_config.o
    0x08003518   0x00000004   Code   RO         3309    i.efs_write         file_config.o
    0x0800351c   0x00000056   Code   RO         3790    i.fat_create        FS_CM3.lib(fs_fat.o)
    0x08003572   0x00000086   Code   RO         3791    i.fat_delete        FS_CM3.lib(fs_fat.o)
    0x080035f8   0x0000004c   Code   RO         3793    i.fat_find          FS_CM3.lib(fs_fat.o)
    0x08003644   0x00000084   Code   RO         3794    i.fat_find_dir      FS_CM3.lib(fs_fat.o)
    0x080036c8   0x00000148   Code   RO         3797    i.fat_init          FS_CM3.lib(fs_fat.o)
    0x08003810   0x00000004   Code   RO         3320    i.fat_jour_init     file_config.o
    0x08003814   0x000000b4   Code   RO         3800    i.fat_read          FS_CM3.lib(fs_fat.o)
    0x080038c8   0x0000007a   Code   RO         3802    i.fat_seek          FS_CM3.lib(fs_fat.o)
    0x08003942   0x000000f6   Code   RO         3803    i.fat_wclose        FS_CM3.lib(fs_fat.o)
    0x08003a38   0x00000114   Code   RO         3804    i.fat_write         FS_CM3.lib(fs_fat.o)
    0x08003b4c   0x00000018   Code   RO         4056    i.fgetc             c_w.l(fgetc.o)
    0x08003b64   0x00000006   Code   RO         3805    i.find_name         FS_CM3.lib(fs_fat.o)
    0x08003b6a   0x00000002   PAD
    0x08003b6c   0x0000007c   Code   RO         3732    i.finit             FS_CM3.lib(fs_mapi.o)
    0x08003be8   0x00000060   Code   RO         3734    i.fs_cfg_drv        FS_CM3.lib(fs_mapi.o)
    0x08003c48   0x0000002e   Code   RO         3930    i.fs_chk_media      FS_CM3.lib(fs_lib.o)
    0x08003c76   0x00000002   PAD
    0x08003c78   0x00000034   Code   RO         3322    i.fs_config         file_config.o
    0x08003cac   0x00000024   Code   RO         3931    i.fs_dir            FS_CM3.lib(fs_lib.o)
    0x08003cd0   0x00000038   Code   RO         3932    i.fs_find_iob       FS_CM3.lib(fs_lib.o)
    0x08003d08   0x00000008   Code   RO         3544    i.fs_get_date       fs_time.o
    0x08003d10   0x00000006   Code   RO         3545    i.fs_get_time       fs_time.o
    0x08003d16   0x00000002   PAD
    0x08003d18   0x00000078   Code   RO         3934    i.fs_map_drive      FS_CM3.lib(fs_lib.o)
    0x08003d90   0x00000004   Code   RO         3325    i.fsj_write         file_config.o
    0x08003d94   0x00000024   Code   RO         3806    i.get_EOC           FS_CM3.lib(fs_fat.o)
    0x08003db8   0x000000b0   Code   RO         3808    i.get_bootrec       FS_CM3.lib(fs_fat.o)
    0x08003e68   0x0000002c   Code   RO         3809    i.get_date          FS_CM3.lib(fs_fat.o)
    0x08003e94   0x0000002c   Code   RO         3810    i.get_dir_sect      FS_CM3.lib(fs_fat.o)
    0x08003ec0   0x00000032   Code   RO         3811    i.get_fat_sect      FS_CM3.lib(fs_fat.o)
    0x08003ef2   0x00000002   PAD
    0x08003ef4   0x000000dc   Code   RO         3813    i.get_free_clus     FS_CM3.lib(fs_fat.o)
    0x08003fd0   0x00000080   Code   RO         3814    i.get_fsinfo        FS_CM3.lib(fs_fat.o)
    0x08004050   0x00000190   Code   RO         3816    i.get_nt_name       FS_CM3.lib(fs_fat.o)
    0x080041e0   0x00000030   Code   RO         3818    i.get_time          FS_CM3.lib(fs_fat.o)
    0x08004210   0x0000000a   Code   RO         3819    i.get_u16           FS_CM3.lib(fs_fat.o)
    0x0800421a   0x00000016   Code   RO         3820    i.get_u32           FS_CM3.lib(fs_fat.o)
    0x08004230   0x000000d2   Code   RO         3736    i.init_drv          FS_CM3.lib(fs_mapi.o)
    0x08004302   0x00000002   PAD
    0x08004304   0x00000038   Code   RO         3821    i.is_EOC            FS_CM3.lib(fs_fat.o)
    0x0800433c   0x0000001e   Code   RO         3830    i.lfn_calc_chksum   FS_CM3.lib(fs_fat.o)
    0x0800435a   0x00000002   PAD
    0x0800435c   0x000000f8   Code   RO          127    i.main              main_bootloader.o
    0x08004454   0x0000000c   Code   RO         3326    i.mc0_DevCtrl       file_config.o
    0x08004460   0x0000000c   Code   RO         3327    i.mc0_Init          file_config.o
    0x0800446c   0x0000000c   Code   RO         3328    i.mc0_RdInfo        file_config.o
    0x08004478   0x0000000c   Code   RO         3329    i.mc0_RdSect        file_config.o
    0x08004484   0x0000000c   Code   RO         3330    i.mc0_UnInit        file_config.o
    0x08004490   0x0000000c   Code   RO         3331    i.mc0_WrSect        file_config.o
    0x0800449c   0x0000001a   Code   RO         3752    i.mmc_DevCtrl       FS_CM3.lib(fs_mmc.o)
    0x080044b6   0x000001fa   Code   RO         3753    i.mmc_Init          FS_CM3.lib(fs_mmc.o)
    0x080046b0   0x00000020   Code   RO         3754    i.mmc_ReadInfo      FS_CM3.lib(fs_mmc.o)
    0x080046d0   0x00000058   Code   RO         3755    i.mmc_ReadSector    FS_CM3.lib(fs_mmc.o)
    0x08004728   0x00000018   Code   RO         3756    i.mmc_UnInit        FS_CM3.lib(fs_mmc.o)
    0x08004740   0x0000005c   Code   RO         3757    i.mmc_WriteSector   FS_CM3.lib(fs_mmc.o)
    0x0800479c   0x000000a0   Code   RO         3758    i.mmc_command       FS_CM3.lib(fs_mmc.o)
    0x0800483c   0x00000070   Code   RO         3759    i.mmc_read_block    FS_CM3.lib(fs_mmc.o)
    0x080048ac   0x0000004a   Code   RO         3760    i.mmc_read_cid      FS_CM3.lib(fs_mmc.o)
    0x080048f6   0x000000a6   Code   RO         3761    i.mmc_read_csd      FS_CM3.lib(fs_mmc.o)
    0x0800499c   0x00000050   Code   RO         3762    i.mmc_read_info     FS_CM3.lib(fs_mmc.o)
    0x080049ec   0x00000094   Code   RO         3763    i.mmc_write_block   FS_CM3.lib(fs_mmc.o)
    0x08004a80   0x0000007a   Code   RO         3831    i.read_cache        FS_CM3.lib(fs_fat.o)
    0x08004afa   0x00000036   Code   RO         3832    i.read_last_entry   FS_CM3.lib(fs_fat.o)
    0x08004b30   0x00000052   Code   RO         3833    i.read_sector       FS_CM3.lib(fs_fat.o)
    0x08004b82   0x00000002   PAD
    0x08004b84   0x00000220   Code   RO         3835    i.search_for_name   FS_CM3.lib(fs_fat.o)
    0x08004da4   0x0000008c   Code   RO         3836    i.set_next_clus     FS_CM3.lib(fs_fat.o)
    0x08004e30   0x00000008   Code   RO         3837    i.set_u16           FS_CM3.lib(fs_fat.o)
    0x08004e38   0x00000010   Code   RO         3838    i.set_u32           FS_CM3.lib(fs_fat.o)
    0x08004e48   0x00000024   Code   RO         3839    i.sfn_cmp_name      FS_CM3.lib(fs_fat.o)
    0x08004e6c   0x00000004   Code   RO           12    i.stm32_Init        stm32_init.o
    0x08004e70   0x00000094   Code   RO           13    i.stm32_UsartSetup  stm32_init.o
    0x08004f04   0x0000013a   Code   RO         3841    i.unlink_clus_chain  FS_CM3.lib(fs_fat.o)
    0x0800503e   0x00000002   PAD
    0x08005040   0x0000002c   Code   RO          210    i.vIWDG_Init        watchdog.o
    0x0800506c   0x00000012   Code   RO         3842    i.val_char          FS_CM3.lib(fs_fat.o)
    0x0800507e   0x0000003c   Code   RO         3843    i.val_char_sn       FS_CM3.lib(fs_fat.o)
    0x080050ba   0x0000009c   Code   RO         3845    i.write_cache       FS_CM3.lib(fs_fat.o)
    0x08005156   0x00000002   PAD
    0x08005158   0x00000104   Code   RO         3846    i.write_dot_entries  FS_CM3.lib(fs_fat.o)
    0x0800525c   0x000000e8   Code   RO         3847    i.write_fat_link    FS_CM3.lib(fs_fat.o)
    0x08005344   0x00000068   Code   RO         3848    i.write_fsinfo      FS_CM3.lib(fs_fat.o)
    0x080053ac   0x00000030   Code   RO         3851    i.write_sector      FS_CM3.lib(fs_fat.o)
    0x080053dc   0x00000002   Data   RO         3334    .constdata          file_config.o
    0x080053de   0x00000002   Data   RO         3335    .constdata          file_config.o
    0x080053e0   0x00000018   Data   RO         3337    .constdata          file_config.o
    0x080053f8   0x00000008   Data   RO         3338    .constdata          file_config.o
    0x08005400   0x00000006   Data   RO         3574    .constdata          retarget.o
    0x08005406   0x00000007   Data   RO         3575    .constdata          retarget.o
    0x0800540d   0x00000007   Data   RO         3576    .constdata          retarget.o
    0x08005414   0x00000020   Data   RO         3669    .constdata          spi_stm32f103.o
    0x08005434   0x000000a9   Data   RO         3852    .constdata          FS_CM3.lib(fs_fat.o)
    0x080054dd   0x00000003   PAD
    0x080054e0   0x00000020   Data   RO         4302    Region$$Table       anon$$obj.o


    Execution Region RW_IRAM1 (Base: 0x20000000, Size: 0x00000e80, Max: 0x0000c000, ABSOLUTE)

    Base Addr    Size         Type   Attr      Idx    E Section Name        Object

    0x20000000   0x00000018   Data   RW          165    .data               fwupgrade.o
    0x20000018   0x00000004   Data   RW          211    .data               watchdog.o
    0x2000001c   0x00000001   Data   RW          236    .data               stm32f10x_it.o
    0x2000001d   0x00000001   Data   RW         3738    .data               FS_CM3.lib(fs_mapi.o)
    0x2000001e   0x00000002   PAD
    0x20000020   0x00000004   Data   RW         3953    .data               c_w.l(streamlock.o)
    0x20000024   0x00000004   Data   RW         4068    .data               c_w.l(stdio_streams.o)
    0x20000028   0x00000004   Data   RW         4069    .data               c_w.l(stdio_streams.o)
    0x2000002c   0x00000004   Data   RW         4070    .data               c_w.l(stdio_streams.o)
    0x20000030   0x00000043   Zero   RW          164    .bss                fwupgrade.o
    0x20000073   0x00000001   PAD
    0x20000074   0x00000120   Zero   RW         3332    .bss                file_config.o
    0x20000194   0x00000590   Zero   RW         3333    .bss                file_config.o
    0x20000724   0x00000054   Zero   RW         4065    .bss                c_w.l(stdio_streams.o)
    0x20000778   0x00000054   Zero   RW         4066    .bss                c_w.l(stdio_streams.o)
    0x200007cc   0x00000054   Zero   RW         4067    .bss                c_w.l(stdio_streams.o)
    0x20000820   0x00000060   Zero   RW         4194    .bss                c_w.l(libspace.o)
    0x20000880   0x00000200   Zero   RW            2    HEAP                startup_stm32f10x_hd.o
    0x20000a80   0x00000400   Zero   RW            1    STACK               startup_stm32f10x_hd.o


==============================================================================

Image component sizes


      Code (inc. data)   RO Data    RW Data    ZI Data      Debug   Object Name

        32          0          0          0          0        564   core_cm3.o
       162         54         36          0       1712      23455   file_config.o
        14          4          0          0          0        920   fs_time.o
       368         24          0         24         67       3560   fwupgrade.o
       250         92          0          0          0       2143   main_bootloader.o
       182         24         20          0          0      12321   retarget.o
        54          0          0          0          0       1402   serial.o
       524         52         32          0          0       4579   spi_stm32f103.o
        64         26        304          0       1536        816   startup_stm32f10x_hd.o
       152         16          0          0          0     241865   stm32_init.o
       520        130          0          0          0       2555   stm32f10x_bkp.o
       304        138          0          0          0       1268   stm32f10x_exti.o
       528        234          0          0          0       5807   stm32f10x_flash.o
       984        374          0          0          0       3740   stm32f10x_gpio.o
       242         34          0          1          0       5057   stm32f10x_it.o
       332        216          0          0          0       2618   stm32f10x_iwdg.o
        88         64          0          0          0        538   stm32f10x_pwr.o
       496        272          0          0          0       2468   stm32f10x_rcc.o
       640        220          0          0          0       2942   stm32f10x_spi.o
       812        338          0          0          0       4195   stm32f10x_usart.o
       248         24          0          0          0       1745   system_stm32f10x.o
        44          4          0          4          0       1083   watchdog.o

    ----------------------------------------------------------------------
      7050       2340        424         29       3316     325641   Object Totals
         0          0         32          0          0          0   (incl. Generated)
        10          0          0          0          1          0   (incl. Padding)

    ----------------------------------------------------------------------

      Code (inc. data)   RO Data    RW Data    ZI Data      Debug   Library Member Name

      7410        118        169          0          0       4288   fs_fat.o
       258         18          0          0          0        308   fs_lib.o
       430         36          0          1          0        256   fs_mapi.o
      1508         14          0          0          0        984   fs_mmc.o
       836         56          0          0          0        492   fs_sys.o
         8          0          0          0          0         68   __main.o
        52          8          0          0          0          0   __scatter.o
        26          0          0          0          0          0   __scatter_copy.o
        28          0          0          0          0          0   __scatter_zi.o
        10          0          0          0          0         68   defsig_exit.o
        50          0          0          0          0         88   defsig_general.o
        80         58          0          0          0         76   defsig_rtmem_inner.o
        14          0          0          0          0         80   defsig_rtmem_outer.o
        52         38          0          0          0         76   defsig_rtred_inner.o
        14          0          0          0          0         80   defsig_rtred_outer.o
        12          0          0          0          0         72   exit.o
        76          0          0          0          0         88   fclose.o
         8          0          0          0          0         68   ferror.o
       100          4          0          0          0        120   fflush.o
        24          0          0          0          0         68   fgetc.o
        74          0          0          0          0         84   fgets.o
       576          0          0          0          0        132   filbuf.o
        56          6          0          0          0         80   flushlinebuffered.o
       236          4          0          0          0        128   fopen.o
       248          6          0          0          0         84   fseek.o
        70          0          0          0          0         76   ftell.o
        94          0          0          0          0         80   h1_alloc.o
        52          0          0          0          0         68   h1_extend.o
        78          0          0          0          0         80   h1_free.o
        14          0          0          0          0         84   h1_init.o
         6          0          0          0          0        152   heapauxi.o
         4          0          0          0          0        136   hguard.o
       138          0          0          0          0        168   init_alloc.o
       312         46          0          0          0        112   initio.o
         2          0          0          0          0          0   libinit.o
        14          0          0          0          0          0   libinit2.o
         2          0          0          0          0          0   libshutdown.o
         6          0          0          0          0          0   libshutdown2.o
         8          4          0          0         96         68   libspace.o
         0          0          0          0          0          0   maybetermalloc1.o
        88          0          0          0          0         76   memcmp.o
         8          4          0          0          0         68   rt_errno_addr_intlibspace.o
         8          4          0          0          0         68   rt_heap_descriptor_intlibspace.o
        68          0          0          0          0         68   rt_memclr.o
        78          0          0          0          0         80   rt_memclr_w.o
       138          0          0          0          0         68   rt_memcpy_v6.o
       100          0          0          0          0         80   rt_memcpy_w.o
         0          0          0          0          0          0   rtentry.o
        12          0          0          0          0          0   rtentry2.o
         6          0          0          0          0          0   rtentry4.o
         2          0          0          0          0          0   rtexit.o
        10          0          0          0          0          0   rtexit2.o
        70          0          0          0          0         80   setvbuf.o
       240          6          0          0          0        156   stdio.o
         0          0          0         12        252          0   stdio_streams.o
       128          0          0          0          0         68   strcmpv7m.o
         0          0          0          4          0          0   streamlock.o
        62          0          0          0          0         76   strlen.o
        74          0          0          0          0         80   sys_stackheap_outer.o
         2          0          0          0          0         68   use_no_semi.o

    ----------------------------------------------------------------------
     14114        430        172         19        348       9848   Library Totals
        34          0          3          2          0          0   (incl. Padding)

    ----------------------------------------------------------------------

      Code (inc. data)   RO Data    RW Data    ZI Data      Debug   Library Name

     10442        242        169          1          0       6328   FS_CM3.lib
      3638        188          0         16        348       3520   c_w.l

    ----------------------------------------------------------------------
     14114        430        172         19        348       9848   Library Totals

    ----------------------------------------------------------------------

==============================================================================


      Code (inc. data)   RO Data    RW Data    ZI Data      Debug   

     21164       2770        596         48       3664     324881   Grand Totals
     21164       2770        596         48       3664     324881   ELF Image Totals
     21164       2770        596         48          0          0   ROM Totals

==============================================================================

    Total RO  Size (Code + RO Data)                21760 (  21.25kB)
    Total RW  Size (RW Data + ZI Data)              3712 (   3.63kB)
    Total ROM Size (Code + RO Data + RW Data)      21808 (  21.30kB)

==============================================================================

