ARM Linker, 5.03 [Build 76] [MDK-ARM Standard][RL-ARM]

==============================================================================

Section Cross References

    startup_stm32f10x_hd.o(STACK) refers (Special) to heapauxi.o(.text) for __use_two_region_memory
    startup_stm32f10x_hd.o(HEAP) refers (Special) to heapauxi.o(.text) for __use_two_region_memory
    startup_stm32f10x_hd.o(RESET) refers (Special) to heapauxi.o(.text) for __use_two_region_memory
    startup_stm32f10x_hd.o(RESET) refers to startup_stm32f10x_hd.o(STACK) for __initial_sp
    startup_stm32f10x_hd.o(RESET) refers to startup_stm32f10x_hd.o(.text) for Reset_Handler
    startup_stm32f10x_hd.o(RESET) refers to stm32f10x_it.o(i.NMI_Handler) for NMI_Handler
    startup_stm32f10x_hd.o(RESET) refers to stm32f10x_it.o(i.HardFault_Handler) for HardFault_Handler
    startup_stm32f10x_hd.o(RESET) refers to stm32f10x_it.o(i.MemManage_Handler) for MemManage_Handler
    startup_stm32f10x_hd.o(RESET) refers to stm32f10x_it.o(i.BusFault_Handler) for BusFault_Handler
    startup_stm32f10x_hd.o(RESET) refers to stm32f10x_it.o(i.UsageFault_Handler) for UsageFault_Handler
    startup_stm32f10x_hd.o(RESET) refers to hal_cm3.o(.emb_text) for SVC_Handler
    startup_stm32f10x_hd.o(RESET) refers to stm32f10x_it.o(i.DebugMon_Handler) for DebugMon_Handler
    startup_stm32f10x_hd.o(RESET) refers to rtc.o(i.RTC_IRQHandler) for RTC_IRQHandler
    startup_stm32f10x_hd.o(RESET) refers to stm32f10x_it.o(i.EXTI0_IRQHandler) for EXTI0_IRQHandler
    startup_stm32f10x_hd.o(RESET) refers to stm32f10x_it.o(i.EXTI9_5_IRQHandler) for EXTI9_5_IRQHandler
    startup_stm32f10x_hd.o(RESET) refers to voice.o(i.TIM2_IRQHandler) for TIM2_IRQHandler
    startup_stm32f10x_hd.o(RESET) refers to voice.o(i.TIM3_IRQHandler) for TIM3_IRQHandler
    startup_stm32f10x_hd.o(RESET) refers to debug.o(i.USART1_IRQHandler) for USART1_IRQHandler
    startup_stm32f10x_hd.o(RESET) refers to sim900.o(i.USART2_IRQHandler) for USART2_IRQHandler
    startup_stm32f10x_hd.o(RESET) refers to lgb.o(i.USART3_IRQHandler) for USART3_IRQHandler
    startup_stm32f10x_hd.o(RESET) refers to camera.o(i.UART4_IRQHandler) for UART4_IRQHandler
    startup_stm32f10x_hd.o(RESET) refers to sim18.o(i.UART5_IRQHandler) for UART5_IRQHandler
    startup_stm32f10x_hd.o(.text) refers (Special) to heapauxi.o(.text) for __use_two_region_memory
    startup_stm32f10x_hd.o(.text) refers to system_stm32f10x.o(i.SystemInit) for SystemInit
    startup_stm32f10x_hd.o(.text) refers to __main.o(!!!main) for __main
    startup_stm32f10x_hd.o(.text) refers to startup_stm32f10x_hd.o(HEAP) for Heap_Mem
    startup_stm32f10x_hd.o(.text) refers to startup_stm32f10x_hd.o(STACK) for Stack_Mem
    rtx_conf_cm.o(i.__user_perthread_libspace) refers to rt_task.o(i.rt_tsk_self) for rt_tsk_self
    rtx_conf_cm.o(i.__user_perthread_libspace) refers to rtx_conf_cm.o(.bss) for .bss
    rtx_conf_cm.o(i.__user_perthread_libspace) refers to libspace.o(.bss) for __libspace_start
    rtx_conf_cm.o(i._mutex_acquire) refers to rt_task.o(i.rt_tsk_self) for rt_tsk_self
    rtx_conf_cm.o(i._mutex_acquire) refers to rt_mutex.o(i.rt_mut_wait) for rt_mut_wait
    rtx_conf_cm.o(i._mutex_initialize) refers to rt_mutex.o(i.rt_mut_init) for rt_mut_init
    rtx_conf_cm.o(i._mutex_initialize) refers to rtx_conf_cm.o(.data) for .data
    rtx_conf_cm.o(i._mutex_initialize) refers to rtx_conf_cm.o(.bss) for .bss
    rtx_conf_cm.o(i._mutex_release) refers to rt_task.o(i.rt_tsk_self) for rt_tsk_self
    rtx_conf_cm.o(i._mutex_release) refers to rt_mutex.o(i.rt_mut_release) for rt_mut_release
    rtx_conf_cm.o(i.os_error) refers to rt_task.o(i.rt_tsk_self) for rt_tsk_self
    rtx_conf_cm.o(i.os_error) refers to serial.o(i.USART_PrChar) for USART_PrChar
    stm32_init.o(i.stm32_Init) refers to stm32_init.o(i.stm32_UsartSetup) for stm32_UsartSetup
    stm32_init.o(i.stm32_Init) refers to stm32_init.o(i.stm32_RtcSetup) for stm32_RtcSetup
    misc.o(i.NVIC_Init) refers to main.o(i.assert_failed) for assert_failed
    misc.o(i.NVIC_PriorityGroupConfig) refers to main.o(i.assert_failed) for assert_failed
    misc.o(i.NVIC_SetVectorTable) refers to main.o(i.assert_failed) for assert_failed
    misc.o(i.NVIC_SystemLPConfig) refers to main.o(i.assert_failed) for assert_failed
    misc.o(i.SysTick_CLKSourceConfig) refers to main.o(i.assert_failed) for assert_failed
    stm32f10x_adc.o(i.ADC_AnalogWatchdogCmd) refers to main.o(i.assert_failed) for assert_failed
    stm32f10x_adc.o(i.ADC_AnalogWatchdogSingleChannelConfig) refers to main.o(i.assert_failed) for assert_failed
    stm32f10x_adc.o(i.ADC_AnalogWatchdogThresholdsConfig) refers to main.o(i.assert_failed) for assert_failed
    stm32f10x_adc.o(i.ADC_AutoInjectedConvCmd) refers to main.o(i.assert_failed) for assert_failed
    stm32f10x_adc.o(i.ADC_ClearFlag) refers to main.o(i.assert_failed) for assert_failed
    stm32f10x_adc.o(i.ADC_ClearITPendingBit) refers to main.o(i.assert_failed) for assert_failed
[...]
    0x080271dc   0x00000060   Code   RO         1976    i.RTC_ClearITPendingBit  stm32f10x_rtc.o
    0x0802723c   0x00000010   Code   RO         1977    i.RTC_EnterConfigMode  stm32f10x_rtc.o
    0x0802724c   0x00000010   Code   RO         1978    i.RTC_ExitConfigMode  stm32f10x_rtc.o
    0x0802725c   0x00000014   Code   RO         1979    i.RTC_GetCounter    stm32f10x_rtc.o
    0x08027270   0x00000078   Code   RO         1982    i.RTC_GetITStatus   stm32f10x_rtc.o
    0x080272e8   0x00000014   Code   RO         4110    i.RTC_GetNewdayFlag  rtc.o
    0x080272fc   0x00000058   Code   RO         4111    i.RTC_IRQHandler    rtc.o
    0x08027354   0x00000010   Code   RO         4112    i.RTC_ReSetNewdayFlag  rtc.o
    0x08027364   0x00000020   Code   RO         1985    i.RTC_SetCounter    stm32f10x_rtc.o
    0x08027384   0x00000010   Code   RO         1987    i.RTC_WaitForLastTask  stm32f10x_rtc.o
    0x08027394   0x00000024   Code   RO         6238    i.RecBuf            spi_stm32f103.o
    0x080273b8   0x00000048   Code   RO         7801    i.SIM900_AutoBaud   sim900.o
    0x08027400   0x00000010   Code   RO         7802    i.SIM900_ClearBuffer  sim900.o
    0x08027410   0x0000001c   Code   RO         7803    i.SIM900_GetItemSize  sim900.o
    0x0802742c   0x000000b4   Code   RO         7804    i.SIM900_HardReset  sim900.o
    0x080274e0   0x0000003c   Code   RO         7805    i.SIM900_PWKEY_Pusle  sim900.o
    0x0802751c   0x00000034   Code   RO         7807    i.SIM900_ReadChar   sim900.o
    0x08027550   0x00000038   Code   RO         7808    i.SIM900_SendCommand  sim900.o
    0x08027588   0x00000038   Code   RO         7809    i.SIM900_TurnOffPowerSupply  sim900.o
    0x080275c0   0x0000001c   Code   RO         7810    i.SIM900_TurnOnPowerSupply  sim900.o
    0x080275dc   0x00000020   Code   RO         7811    i.SIM900_WriteCStr  sim900.o
    0x080275fc   0x00000024   Code   RO         7812    i.SIM900_WriteChar  sim900.o
    0x08027620   0x00000028   Code   RO         7813    i.SIM900_WriteStr   sim900.o
    0x08027648   0x000000c0   Code   RO         3356    i.SIMCostHandler    gprs.o
    0x08027708   0x0000008c   Code   RO         2255    i.SPI_Cmd           stm32f10x_spi.o
    0x08027794   0x0000009c   Code   RO         2262    i.SPI_I2S_DeInit    stm32f10x_spi.o
    0x08027830   0x00000158   Code   RO         2268    i.SPI_Init          stm32f10x_spi.o
    0x08027988   0x00000014   Code   RO         6239    i.Send              spi_stm32f103.o
    0x0802799c   0x00000030   Code   RO         6240    i.SendBuf           spi_stm32f103.o
    0x080279cc   0x00000114   Code   RO         4660    i.ServerDataHandler  http.o
    0x08027ae0   0x00000014   Code   RO         6241    i.SetSS             spi_stm32f103.o
    0x08027af4   0x000000a8   Code   RO         7772    i.SetSysClockTo72   system_stm32f10x.o
    0x08027b9c   0x00000068   Code   RO         3850    i.Speex_Init        voice.o
    0x08027c04   0x0000003c   Code   RO         3357    i.SvrDeviceInfo     gprs.o
    0x08027c40   0x000000a4   Code   RO         3358    i.SvrFowardTaxHandler  gprs.o
    0x08027ce4   0x0000010c   Code   RO         3359    i.SvrQueryConfig    gprs.o
    0x08027df0   0x000000ac   Code   RO         3360    i.SvrRequestTaxHandler  gprs.o
    0x08027e9c   0x00000084   Code   RO         5707    i.SystemGetInfoInFile  systemmonitor.o
    0x08027f20   0x00000050   Code   RO         7774    i.SystemInit        system_stm32f10x.o
    0x08027f70   0x00000058   Code   RO         3361    i.SystemMove2Mailbox  gprs.o
    0x08027fc8   0x00000110   Code   RO         5709    i.SystemReport      systemmonitor.o
    0x080280d8   0x00000064   Code   RO         5711    i.SystemSaveInfoInFile  systemmonitor.o
    0x0802813c   0x0000006c   Code   RO         2394    i.TI1_Config        stm32f10x_tim.o
    0x080281a8   0x0000007c   Code   RO         2395    i.TI2_Config        stm32f10x_tim.o
    0x08028224   0x00000060   Code   RO         3851    i.TIM2_IRQHandler   voice.o
    0x08028284   0x00000002   Code   RO         3852    i.TIM3_IRQHandler   voice.o
    0x08028286   0x00000002   PAD
    0x08028288   0x00000114   Code   RO         2396    i.TIM_ARRPreloadConfig  stm32f10x_tim.o
    0x0802839c   0x00000114   Code   RO         2408    i.TIM_Cmd           stm32f10x_tim.o
    0x080284b0   0x00000210   Code   RO         2413    i.TIM_DeInit        stm32f10x_tim.o
    0x080286c0   0x000000f4   Code   RO         2427    i.TIM_GetCounter    stm32f10x_tim.o
    0x080287b4   0x000001e0   Code   RO         2437    i.TIM_OC1Init       stm32f10x_tim.o
    0x08028994   0x000000fc   Code   RO         2440    i.TIM_OC1PreloadConfig  stm32f10x_tim.o
    0x08028a90   0x00000014   Code   RO         2455    i.TIM_OCStructInit  stm32f10x_tim.o
    0x08028aa4   0x000000d8   Code   RO         2461    i.TIM_SelectInputTrigger  stm32f10x_tim.o
    0x08028b7c   0x000000f8   Code   RO         2473    i.TIM_SetCounter    stm32f10x_tim.o
    0x08028c74   0x00000108   Code   RO         2478    i.TIM_TIxExternalClockConfig  stm32f10x_tim.o
    0x08028d7c   0x00000194   Code   RO         2479    i.TIM_TimeBaseInit  stm32f10x_tim.o
    0x08028f10   0x00000012   Code   RO         2480    i.TIM_TimeBaseStructInit  stm32f10x_tim.o
    0x08028f22   0x00000002   PAD
    0x08028f24   0x000000e8   Code   RO         5496    i.TMP100_Read       tmp100.o
    0x0802900c   0x0000000c   Code   RO         5552    i.TM_GetReadBufferIndex  lgb.o
    0x08029018   0x0000000c   Code   RO         5553    i.TM_GetWriteBufferIndex  lgb.o
    0x08029024   0x0000000c   Code   RO         5554    i.TM_ImediatelyUpdate  lgb.o
    0x08029030   0x00000028   Code   RO         5022    i.UART4_IRQHandler  camera.o
    0x08029058   0x00000028   Code   RO         8305    i.UART5_IRQHandler  sim18.o
    0x08029080   0x00000028   Code   RO         4005    i.USART1_IRQHandler  debug.o
    0x080290a8   0x00000050   Code   RO         7814    i.USART2_IRQHandler  sim900.o
    0x080290f8   0x00000044   Code   RO         5556    i.USART3_IRQHandler  lgb.o
    0x0802913c   0x000000a4   Code   RO         2936    i.USART_Cmd         stm32f10x_usart.o
    0x080291e0   0x000000e0   Code   RO         2939    i.USART_GetFlagStatus  stm32f10x_usart.o
    0x080292c0   0x00000128   Code   RO         2940    i.USART_GetITStatus  stm32f10x_usart.o
    0x080293e8   0x00000128   Code   RO         2942    i.USART_ITConfig    stm32f10x_usart.o
    0x08029510   0x000001d8   Code   RO         2943    i.USART_Init        stm32f10x_usart.o
    0x080296e8   0x00000018   Code   RO         3978    i.USART_PrCStr      serial.o
    0x08029700   0x0000001e   Code   RO         3979    i.USART_PrChar      serial.o
    0x0802971e   0x00000002   PAD
    0x08029720   0x00000022   Code   RO         3980    i.USART_PrStr       serial.o
    0x08029742   0x00000002   PAD
    0x08029744   0x00000088   Code   RO         2950    i.USART_ReceiveData  stm32f10x_usart.o
    0x080297cc   0x0000009c   Code   RO         2953    i.USART_SendData    stm32f10x_usart.o
    0x08029868   0x00000048   Code   RO         6242    i.UnInit            spi_stm32f103.o
    0x080298b0   0x00000002   Code   RO         3297    i.UsageFault_Handler  stm32f10x_it.o
    0x080298b2   0x00000024   Code   RO         3662    i.ValidateGPSSpeed  periodicservice.o
    0x080298d6   0x00000002   PAD
    0x080298d8   0x0000005c   Code   RO         3853    i.Voice_HardwareInit  voice.o
    0x08029934   0x00000134   Code   RO         3854    i.Voice_Init        voice.o
    0x08029a68   0x00000030   Code   RO         3856    i.Voice_Start       voice.o
    0x08029a98   0x00000024   Code   RO         5023    i.WDT_Check_CamTask_Service  camera.o
    0x08029abc   0x0000001c   Code   RO         3362    i.WDT_Check_ClientRecv_Service  gprs.o
    0x08029ad8   0x00000044   Code   RO         3363    i.WDT_Check_GSM_Service  gprs.o
    0x08029b1c   0x00000018   Code   RO         8190    i.WDT_Check_GpsRx_Service  gpsmodule.o
    0x08029b34   0x0000001c   Code   RO         7937    i.WDT_Check_GsmTask_Service  gsm.o
    0x08029b50   0x00000024   Code   RO         3364    i.WDT_Check_Log2Buf_Service  gprs.o
    0x08029b74   0x00000018   Code   RO         3663    i.WDT_Check_Tsk1Sec_Service  periodicservice.o
    0x08029b8c   0x0000001c   Code   RO         3664    i.WDT_Check_TskSave_Service  periodicservice.o
    0x08029ba8   0x00000028   Code   RO         9241    i.__ARM_fpclassify  m_ws.l(fpclassify.o)
    0x08029bd0   0x00000388   Code   RO         9086    i.__ieee754_rem_pio2  m_ws.l(rred.o)
    0x08029f58   0x000000fc   Code   RO         9081    i.__kernel_cos      m_ws.l(cos_i.o)
    0x0802a054   0x000000aa   Code   RO         9084    i.__kernel_poly     m_ws.l(poly.o)
    0x0802a0fe   0x00000002   PAD
    0x0802a100   0x000000ec   Code   RO         9091    i.__kernel_sin      m_ws.l(sin_i.o)
    0x0802a1ec   0x00000010   Code   RO         9239    i.__mathlib_dbl_underflow  m_ws.l(dunder.o)
    0x0802a1fc   0x00000054   Code   RO         8376    i.__sys_close       FS_CM3.lib(fs_sys.o)
    0x0802a250   0x00000040   Code   RO         8378    i.__sys_flen        FS_CM3.lib(fs_sys.o)
    0x0802a290   0x000001b0   Code   RO         8379    i.__sys_open        FS_CM3.lib(fs_sys.o)
    0x0802a440   0x00000060   Code   RO         8380    i.__sys_read        FS_CM3.lib(fs_sys.o)
    0x0802a4a0   0x00000048   Code   RO         8381    i.__sys_seek        FS_CM3.lib(fs_sys.o)
    0x0802a4e8   0x00000058   Code   RO         8382    i.__sys_write       FS_CM3.lib(fs_sys.o)
    0x0802a540   0x00000024   Code   RO           10    i.__user_perthread_libspace  rtx_conf_cm.o
    0x0802a564   0x0000001e   Code   RO         7469    i._calloc_box       rt_membox.o
    0x0802a582   0x00000046   Code   RO         7470    i._init_box         rt_membox.o
    0x0802a5c8   0x0000000e   Code   RO         8735    i._is_digit         c_w.l(__printf_wp.o)
    0x0802a5d6   0x00000002   PAD
    0x0802a5d8   0x00000020   Code   RO           11    i._mutex_acquire    rtx_conf_cm.o
    0x0802a5f8   0x00000030   Code   RO           12    i._mutex_initialize  rtx_conf_cm.o
    0x0802a628   0x0000001c   Code   RO           13    i._mutex_release    rtx_conf_cm.o
    0x0802a644   0x0000007c   Code   RO         6451    i._spx_autocorr     lpc.o
    0x0802a6c0   0x000000d0   Code   RO         6452    i._spx_lpc          lpc.o
    0x0802a790   0x0000000e   Code   RO         6139    i._sys_close        retarget.o
    0x0802a79e   0x00000002   Code   RO         6142    i._sys_exit         retarget.o
    0x0802a7a0   0x0000000e   Code   RO         6143    i._sys_flen         retarget.o
    0x0802a7ae   0x0000000e   Code   RO         6144    i._sys_istty        retarget.o
    0x0802a7bc   0x00000058   Code   RO         6145    i._sys_open         retarget.o
    0x0802a814   0x00000010   Code   RO         6146    i._sys_read         retarget.o
    0x0802a824   0x00000010   Code   RO         6147    i._sys_seek         retarget.o
    0x0802a834   0x00000010   Code   RO         6149    i._sys_write        retarget.o
    0x0802a844   0x00000002   Code   RO         6150    i._ttywrch          retarget.o
    0x0802a846   0x00000002   PAD
    0x0802a848   0x00000288   Code   RO         8894    i.acos              m_ws.l(acos.o)
    0x0802aad0   0x00000020   Code   RO         3365    i.admin_config_via_server  gprs.o
    0x0802aaf0   0x00000112   Code   RO         8444    i.alloc_name        FS_CM3.lib(fs_fat.o)
    0x0802ac02   0x0000004a   Code   RO         8445    i.alloc_new_clus    FS_CM3.lib(fs_fat.o)
    0x0802ac4c   0x00000024   Code   RO         3167    i.assert_failed     main.o
    0x0802ac70   0x00000164   Code   RO         5024    i.bBackupImageToBuffer  camera.o
    0x0802add4   0x0000009c   Code   RO         5025    i.bDeleteImageOldDay  camera.o
    0x0802ae70   0x00000174   Code   RO         5026    i.bMoveImageToBuffer  camera.o
    0x0802afe4   0x00000058   Code   RO         5027    i.bRemoveTempFile   camera.o
    0x0802b03c   0x00000094   Code   RO         5028    i.bWriteImage       camera.o
    0x0802b0d0   0x0000005c   Code   RO         5030    i.blChangeCAM_ID    camera.o
    0x0802b12c   0x000000d4   Code   RO         4755    i.blEpr24WC_Read    drvkey.o
    0x0802b200   0x00000078   Code   RO         4756    i.blEpr24WC_Write   drvkey.o
    0x0802b278   0x000000a0   Code   RO         7938    i.blGPRS_Open       gsm.o
    0x0802b318   0x00000044   Code   RO         7939    i.blGPRS_Status     gsm.o
    0x0802b35c   0x00000040   Code   RO         8191    i.blGPS_Read        gpsmodule.o
    0x0802b39c   0x00000048   Code   RO         7940    i.blGSM_Init        gsm.o
    0x0802b3e4   0x00000034   Code   RO         8306    i.blGetBuffer       sim18.o
    0x0802b418   0x00000084   Code   RO         3366    i.blNextDay         gprs.o
    0x0802b49c   0x00000068   Code   RO         3367    i.blPushData        gprs.o
    0x0802b504   0x000000d4   Code   RO         5031    i.blReadImagePacket  camera.o
    0x0802b5d8   0x0000004a   Code   RO         4757    i.blReadInfo        drvkey.o
    0x0802b622   0x00000002   PAD
    0x0802b624   0x00000054   Code   RO         8307    i.blSIM18_Open      sim18.o
    0x0802b678   0x00000010   Code   RO         7942    i.blSIMCARD_Status  gsm.o
    0x0802b688   0x00000080   Code   RO         7943    i.blSMS_Puts        gsm.o
    0x0802b708   0x000000fc   Code   RO         7944    i.blSMS_Send        gsm.o
    0x0802b804   0x00000054   Code   RO         3368    i.blSendCameraPacket  gprs.o
    0x0802b858   0x00000030   Code   RO         3369    i.blSendError       gprs.o
    0x0802b888   0x000000dc   Code   RO         3370    i.blSendPacketOverGPRS  gprs.o
    0x0802b964   0x00000094   Code   RO         3371    i.blSend_RawData    gprs.o
    0x0802b9f8   0x00000178   Code   RO         7945    i.blSetGSMProfiles  gsm.o
    0x0802bb70   0x00000034   Code   RO         7946    i.blSetTCPIPProfiles  gsm.o
    0x0802bba4   0x00000044   Code   RO         7815    i.blSim900_Open     sim900.o
    0x0802bbe8   0x00000028   Code   RO         7947    i.blTCPIP_Gets      gsm.o
    0x0802bc10   0x00000084   Code   RO         7948    i.blTCPIP_Open      gsm.o
    0x0802bc94   0x00000030   Code   RO         7950    i.blTCPIP_SendReady  gsm.o
    0x0802bcc4   0x000000e4   Code   RO         7951    i.blTCPIP_Write     gsm.o
    0x0802bda8   0x000000b8   Code   RO         3665    i.blValidateGPSData  periodicservice.o
    0x0802be60   0x0000002c   Code   RO         5032    i.blWaitAck         camera.o
    0x0802be8c   0x00000088   Code   RO         4759    i.blWriteInfo       drvkey.o
    0x0802bf14   0x0000002c   Code   RO         6976    i.bw_lpc            filters.o
    0x0802bf40   0x00000016   Code   RO         4245    i.cCheckSumFixSize  utils.o
    0x0802bf56   0x00000092   Code   RO         8446    i.cache_fat         FS_CM3.lib(fs_fat.o)
    0x0802bfe8   0x000000a0   Code   RO         8192    i.chGGAParser       gpsmodule.o
    0x0802c088   0x00000158   Code   RO         8194    i.chRMCParser       gpsmodule.o
    0x0802c1e0   0x00000060   Code   RO         6472    i.cheb_poly_eva     lsp.o
    0x0802c240   0x00000070   Code   RO         8447    i.check_lfn         FS_CM3.lib(fs_fat.o)
    0x0802c2b0   0x00000006   Code   RO         8448    i.check_name        FS_CM3.lib(fs_fat.o)
    0x0802c2b6   0x00000014   Code   RO         4246    i.checksum          utils.o
    0x0802c2ca   0x00000002   PAD
    0x0802c2cc   0x000000b0   Code   RO         8449    i.chk_dir_empty     FS_CM3.lib(fs_fat.o)
    0x0802c37c   0x0000003c   Code   RO         8450    i.clear_clus        FS_CM3.lib(fs_fat.o)
    0x0802c3b8   0x0000001a   Code   RO         8451    i.clus_to_sect      FS_CM3.lib(fs_fat.o)
    0x0802c3d2   0x00000336   Code   RO         6977    i.compute_impulse_response  filters.o
    0x0802c708   0x00000088   Code   RO         6978    i.compute_rms       filters.o
    0x0802c790   0x000000e0   Code   RO         6979    i.compute_rms16     filters.o
    0x0802c870   0x00000070   Code   RO         4446    i.config_apply      loadconfig.o
    0x0802c8e0   0x000000c4   Code   RO         4447    i.config_device_gets  loadconfig.o
    0x0802c9a4   0x00000068   Code   RO         4448    i.config_driver_gets  loadconfig.o
    0x0802ca0c   0x00000120   Code   RO         4449    i.config_ext_gets   loadconfig.o
    0x0802cb2c   0x000000c8   Code   RO         4450    i.config_load       loadconfig.o
    0x0802cbf4   0x00000038   Code   RO         4451    i.config_vehicle_gets  loadconfig.o
    0x0802cc2c   0x0000001e   Code   RO         5822    i.content_validate  adminsecurity.o
    0x0802cc4a   0x00000002   PAD
    0x0802cc4c   0x000000ac   Code   RO         8908    i.cos               m_ws.l(cos.o)
    0x0802ccf8   0x0000010a   Code   RO         8452    i.count_free_clus   FS_CM3.lib(fs_fat.o)
    0x0802ce02   0x00000002   PAD
    0x0802ce04   0x00000088   Code   RO         8453    i.create_entry      FS_CM3.lib(fs_fat.o)
    0x0802ce8c   0x00000148   Code   RO         8454    i.create_lfn_entry  FS_CM3.lib(fs_fat.o)
    0x0802cfd4   0x000001c2   Code   RO         8455    i.create_sfn_entry  FS_CM3.lib(fs_fat.o)
    0x0802d196   0x0000009e   Code   RO         8456    i.cvt_fatname       FS_CM3.lib(fs_fat.o)
    0x0802d234   0x0000006c   Code   RO         4006    i.dbg_ReceiveHandle  debug.o
    0x0802d2a0   0x00000074   Code   RO         4007    i.dbg_adminConfig   debug.o
    0x0802d314   0x00000d14   Code   RO         4008    i.dbg_configHandler  debug.o
    0x0802e028   0x000000bc   Code   RO         4009    i.dbg_decodeCmd     debug.o
    0x0802e0e4   0x00000018   Code   RO         4010    i.dbg_print         debug.o
    0x0802e0fc   0x00000030   Code   RO         4011    i.dbg_setConfigParams  debug.o
    0x0802e12c   0x0000001c   Code   RO         4012    i.dbg_systemConfig  debug.o
    0x0802e148   0x00000260   Code   RO         4013    i.dbg_uploadLogHandler  debug.o
    0x0802e3a8   0x00000028   Code   RO         4014    i.debug_init        debug.o
    0x0802e3d0   0x00000010   Code   RO         4247    i.degToRad          utils.o
    0x0802e3e0   0x0000009a   Code   RO         8457    i.delete_entries    FS_CM3.lib(fs_fat.o)
    0x0802e47a   0x00000002   PAD
    0x0802e47c   0x000001fc   Code   RO         4930    i.device_getinfo    sms_handler.o
    0x0802e678   0x000000e4   Code   RO         4248    i.diff_dist_m       utils.o
    0x0802e75c   0x00000026   Code   RO         3372    i.driverIDValidate  gprs.o
    0x0802e782   0x00000002   PAD
    0x0802e784   0x00000050   Code   RO         4955    i.drvLoadData       driverprocess.o
    0x0802e7d4   0x00000050   Code   RO         4956    i.drvSaveData       driverprocess.o
    0x0802e824   0x00000028   Code   RO         4872    i.eDB_Create        driverdb.o
    0x0802e84c   0x0000005c   Code   RO         4873    i.eDB_GetDriverInfo  driverdb.o
    0x0802e8a8   0x00000068   Code   RO         4874    i.eDB_WriteNewInfo  driverdb.o
    0x0802e910   0x00000004   Code   RO         5894    i.efs_create        file_config.o
    0x0802e914   0x00000004   Code   RO         5896    i.efs_delete        file_config.o
    0x0802e918   0x00000004   Code   RO         5899    i.efs_find          file_config.o
    0x0802e91c   0x00000002   Code   RO         5902    i.efs_fsize         file_config.o
    0x0802e91e   0x00000004   Code   RO         5903    i.efs_read          file_config.o
    0x0802e922   0x00000004   Code   RO         5904    i.efs_rename        file_config.o
    0x0802e926   0x00000004   Code   RO         5905    i.efs_seek          file_config.o
    0x0802e92a   0x00000004   Code   RO         5906    i.efs_wclose        file_config.o
    0x0802e92e   0x00000004   Code   RO         5907    i.efs_write         file_config.o
    0x0802e932   0x00000002   PAD
    0x0802e934   0x0000008c   Code   RO         4196    i.error             logger.o
    0x0802e9c0   0x000000c0   Code   RO         4250    i.fLat2float        utils.o
    0x0802ea80   0x000000d0   Code   RO         4251    i.fLong2float       utils.o
    0x0802eb50   0x00000056   Code   RO         8458    i.fat_create        FS_CM3.lib(fs_fat.o)
    0x0802eba6   0x00000086   Code   RO         8459    i.fat_delete        FS_CM3.lib(fs_fat.o)
    0x0802ec2c   0x0000004c   Code   RO         8461    i.fat_find          FS_CM3.lib(fs_fat.o)
    0x0802ec78   0x00000084   Code   RO         8462    i.fat_find_dir      FS_CM3.lib(fs_fat.o)
    0x0802ecfc   0x00000148   Code   RO         8465    i.fat_init          FS_CM3.lib(fs_fat.o)
    0x0802ee44   0x00000004   Code   RO         5918    i.fat_jour_init     file_config.o
    0x0802ee48   0x000000b4   Code   RO         8468    i.fat_read          FS_CM3.lib(fs_fat.o)
    0x0802eefc   0x00000090   Code   RO         8469    i.fat_rename        FS_CM3.lib(fs_fat.o)
    0x0802ef8c   0x0000007a   Code   RO         8470    i.fat_seek          FS_CM3.lib(fs_fat.o)
    0x0802f006   0x000000f6   Code   RO         8471    i.fat_wclose        FS_CM3.lib(fs_fat.o)
    0x0802f0fc   0x00000114   Code   RO         8472    i.fat_write         FS_CM3.lib(fs_fat.o)
    0x0802f210   0x00000080   Code   RO         8393    i.fdelete           FS_CM3.lib(fs_mapi.o)
    0x0802f290   0x00000018   Code   RO         8990    i.fgetc             c_w.l(fgetc.o)
    0x0802f2a8   0x00000006   Code   RO         8473    i.find_name         FS_CM3.lib(fs_fat.o)
    0x0802f2ae   0x00000024   Code   RO         4252    i.findchar          utils.o
    0x0802f2d2   0x00000002   PAD
    0x0802f2d4   0x0000007c   Code   RO         8397    i.finit             FS_CM3.lib(fs_mapi.o)
    0x0802f350   0x0000001a   Code   RO         8762    i.fputc             c_w.l(fputc.o)
    0x0802f36a   0x00000002   PAD
    0x0802f36c   0x000000cc   Code   RO         8398    i.frename           FS_CM3.lib(fs_mapi.o)
    0x0802f438   0x00000060   Code   RO         8399    i.fs_cfg_drv        FS_CM3.lib(fs_mapi.o)
    0x0802f498   0x0000002e   Code   RO         8598    i.fs_chk_media      FS_CM3.lib(fs_lib.o)
    0x0802f4c6   0x00000002   PAD
    0x0802f4c8   0x00000034   Code   RO         5920    i.fs_config         file_config.o
    0x0802f4fc   0x00000024   Code   RO         8599    i.fs_dir            FS_CM3.lib(fs_lib.o)
    0x0802f520   0x00000038   Code   RO         8600    i.fs_find_iob       FS_CM3.lib(fs_lib.o)
    0x0802f558   0x00000008   Code   RO         6284    i.fs_get_date       fs_time.o
    0x0802f560   0x00000006   Code   RO         6285    i.fs_get_time       fs_time.o
    0x0802f566   0x00000002   PAD
    0x0802f568   0x00000054   Code   RO         8601    i.fs_lock           FS_CM3.lib(fs_lib.o)
    0x0802f5bc   0x00000078   Code   RO         8602    i.fs_map_drive      FS_CM3.lib(fs_lib.o)
    0x0802f634   0x00000024   Code   RO         5868    i.fsize             sys_log.o
    0x0802f658   0x00000004   Code   RO         5923    i.fsj_write         file_config.o
    0x0802f65c   0x00000094   Code   RO         8400    i.funinit           FS_CM3.lib(fs_mapi.o)
    0x0802f6f0   0x0000000c   Code   RO         4957    i.getDriverPlugIn   driverprocess.o
    0x0802f6fc   0x00000024   Code   RO         8474    i.get_EOC           FS_CM3.lib(fs_fat.o)
    0x0802f720   0x000000b0   Code   RO         8476    i.get_bootrec       FS_CM3.lib(fs_fat.o)
    0x0802f7d0   0x0000002c   Code   RO         8477    i.get_date          FS_CM3.lib(fs_fat.o)
    0x0802f7fc   0x0000002c   Code   RO         8478    i.get_dir_sect      FS_CM3.lib(fs_fat.o)
    0x0802f828   0x00000032   Code   RO         8479    i.get_fat_sect      FS_CM3.lib(fs_fat.o)
    0x0802f85a   0x00000002   PAD
    0x0802f85c   0x000000dc   Code   RO         8481    i.get_free_clus     FS_CM3.lib(fs_fat.o)
    0x0802f938   0x00000080   Code   RO         8482    i.get_fsinfo        FS_CM3.lib(fs_fat.o)
    0x0802f9b8   0x0000002c   Code   RO         7952    i.get_gsm_status    gsm.o
    0x0802f9e4   0x00000190   Code   RO         8484    i.get_nt_name       FS_CM3.lib(fs_fat.o)
    0x0802fb74   0x00000014   Code   RO         4197    i.get_sdcard_status  logger.o
    0x0802fb88   0x00000030   Code   RO         8486    i.get_time          FS_CM3.lib(fs_fat.o)
    0x0802fbb8   0x0000000a   Code   RO         8487    i.get_u16           FS_CM3.lib(fs_fat.o)
    0x0802fbc2   0x00000016   Code   RO         8488    i.get_u32           FS_CM3.lib(fs_fat.o)
    0x0802fbd8   0x0000003a   Code   RO         3373    i.gh_ramdom         gprs.o
    0x0802fc12   0x00000002   PAD
    0x0802fc14   0x00000028   Code   RO         7953    i.gsm_err           gsm.o
    0x0802fc3c   0x00000024   Code   RO         4253    i.hex2ascii         utils.o
    0x0802fc60   0x000000d4   Code   RO         6980    i.highpass          filters.o
    0x0802fd34   0x00000030   Code   RO         4760    i.i2c_wait_evt      drvkey.o
    0x0802fd64   0x0000002c   Code   RO         4761    i.i2c_wait_flg      drvkey.o
    0x0802fd90   0x00000020   Code   RO         4762    i.i2c_write         drvkey.o
    0x0802fdb0   0x00000024   Code   RO         5498    i.i2c_write         tmp100.o
    0x0802fdd4   0x0000007a   Code   RO         8195    i.iGPS_SyncTime     gpsmodule.o
    0x0802fe4e   0x000000d2   Code   RO         8401    i.init_drv          FS_CM3.lib(fs_mapi.o)
    0x0802ff20   0x0000012c   Code   RO         6981    i.interp_pitch      filters.o
    0x0803004c   0x00000012   Code   RO         5746    i.io_any_changed    io_manager.o
    0x0803005e   0x00000002   PAD
    0x08030060   0x00000018   Code   RO         5747    i.io_bit_changed    io_manager.o
    0x08030078   0x00000008   Code   RO         5748    i.io_get_bit        io_manager.o
    0x08030080   0x000000b8   Code   RO         5749    i.io_manager        io_manager.o
    0x08030138   0x00000050   Code   RO         5750    i.io_manager_init   io_manager.o
    0x08030188   0x000000c8   Code   RO         5751    i.io_read_from_sdcard  io_manager.o
    0x08030250   0x00000058   Code   RO         5752    i.io_read_on_port   io_manager.o
    0x080302a8   0x0000007c   Code   RO         5753    i.io_release_in_sdcard  io_manager.o
    0x08030324   0x00000028   Code   RO         5754    i.io_report_clear   io_manager.o
    0x0803034c   0x000001b0   Code   RO         5755    i.io_save_to_sdcard  io_manager.o
    0x080304fc   0x00000028   Code   RO         5756    i.io_wipe_in_sdcard  io_manager.o
    0x08030524   0x0000002a   Code   RO         4255    i.isLeap            utils.o
    0x0803054e   0x00000002   PAD
    0x08030550   0x00000038   Code   RO         8489    i.is_EOC            FS_CM3.lib(fs_fat.o)
    0x08030588   0x0000002c   Code   RO         4256    i.isdateover        utils.o
    0x080305b4   0x00000028   Code   RO         7294    i.isr_evt_set       rt_event.o
    0x080305dc   0x000000a8   Code   RO         7816    i.lbSim900_SoftReset  sim900.o
    0x08030684   0x00000060   Code   RO         5347    i.led_driver_init   led.o
    0x080306e4   0x00000030   Code   RO         5348    i.led_drivers       led.o
    0x08030714   0x00000018   Code   RO         5349    i.led_drv_gps       led.o
    0x0803072c   0x0000002e   Code   RO         5350    i.led_drv_gsm       led.o
    0x0803075a   0x00000002   PAD
    0x0803075c   0x00000030   Code   RO         5351    i.led_drv_other     led.o
    0x0803078c   0x0000001a   Code   RO         5352    i.led_drv_sdcard    led.o
    0x080307a6   0x00000002   PAD
    0x080307a8   0x00000018   Code   RO         5353    i.led_hold          led.o
    0x080307c0   0x00000040   Code   RO         5354    i.led_init_port     led.o
    0x08030800   0x00000044   Code   RO         5355    i.led_manager       led.o
    0x08030844   0x00000014   Code   RO         5356    i.led_set_params    led.o
    0x08030858   0x00000030   Code   RO         5357    i.led_turn_off      led.o
    0x08030888   0x00000030   Code   RO         5358    i.led_turn_on       led.o
    0x080308b8   0x0000001e   Code   RO         8498    i.lfn_calc_chksum   FS_CM3.lib(fs_fat.o)
    0x080308d6   0x00000002   PAD
    0x080308d8   0x0000008c   Code   RO         3374    i.loger_messages    gprs.o
    0x08030964   0x00000090   Code   RO         5262    i.lowpass_filter    filter.o
    0x080309f4   0x0000021c   Code   RO         6473    i.lpc_to_lsp        lsp.o
    0x08030c10   0x00000062   Code   RO         6474    i.lsp_enforce_margin  lsp.o
    0x08030c72   0x00000002   PAD
    0x08030c74   0x00000048   Code   RO         6475    i.lsp_interpolate   lsp.o
    0x08030cbc   0x00000220   Code   RO         6861    i.lsp_quant_lbr     quant_lsp.o
    0x08030edc   0x00000348   Code   RO         6476    i.lsp_to_lpc        lsp.o
    0x08031224   0x000000a8   Code   RO         6864    i.lsp_unquant_lbr   quant_lsp.o
    0x080312cc   0x0000007c   Code   RO         3168    i.main              main.o
    0x08031348   0x0000000c   Code   RO         5924    i.mc0_DevCtrl       file_config.o
    0x08031354   0x0000000c   Code   RO         5925    i.mc0_Init          file_config.o
    0x08031360   0x0000000c   Code   RO         5926    i.mc0_RdInfo        file_config.o
    0x0803136c   0x0000000c   Code   RO         5927    i.mc0_RdSect        file_config.o
    0x08031378   0x0000000c   Code   RO         5928    i.mc0_UnInit        file_config.o
    0x08031384   0x0000000c   Code   RO         5929    i.mc0_WrSect        file_config.o
    0x08031390   0x0000001a   Code   RO         8417    i.mmc_DevCtrl       FS_CM3.lib(fs_mmc.o)
    0x080313aa   0x000001fa   Code   RO         8418    i.mmc_Init          FS_CM3.lib(fs_mmc.o)
    0x080315a4   0x00000020   Code   RO         8419    i.mmc_ReadInfo      FS_CM3.lib(fs_mmc.o)
    0x080315c4   0x00000058   Code   RO         8420    i.mmc_ReadSector    FS_CM3.lib(fs_mmc.o)
    0x0803161c   0x00000018   Code   RO         8421    i.mmc_UnInit        FS_CM3.lib(fs_mmc.o)
    0x08031634   0x0000005c   Code   RO         8422    i.mmc_WriteSector   FS_CM3.lib(fs_mmc.o)
    0x08031690   0x000000a0   Code   RO         8423    i.mmc_command       FS_CM3.lib(fs_mmc.o)
    0x08031730   0x00000070   Code   RO         8424    i.mmc_read_block    FS_CM3.lib(fs_mmc.o)
    0x080317a0   0x0000004a   Code   RO         8425    i.mmc_read_cid      FS_CM3.lib(fs_mmc.o)
    0x080317ea   0x000000a6   Code   RO         8426    i.mmc_read_csd      FS_CM3.lib(fs_mmc.o)
    0x08031890   0x00000050   Code   RO         8427    i.mmc_read_info     FS_CM3.lib(fs_mmc.o)
    0x080318e0   0x00000094   Code   RO         8428    i.mmc_write_block   FS_CM3.lib(fs_mmc.o)
    0x08031974   0x000002fa   Code   RO         6982    i.multicomb         filters.o
    0x08031c6e   0x00000002   PAD
    0x08031c70   0x0000096e   Code   RO         6762    i.nb_decode         nb_celp.o
    0x080325de   0x00000002   PAD
    0x080325e0   0x0000015c   Code   RO         6763    i.nb_decode_lost    nb_celp.o
    0x0803273c   0x0000018c   Code   RO         6764    i.nb_decoder_ctl    nb_celp.o
    0x080328c8   0x00000032   Code   RO         6765    i.nb_decoder_destroy  nb_celp.o
    0x080328fa   0x00000002   PAD
    0x080328fc   0x00000100   Code   RO         6766    i.nb_decoder_init   nb_celp.o
    0x080329fc   0x000008d0   Code   RO         6767    i.nb_encode         nb_celp.o
    0x080332cc   0x0000022a   Code   RO         6768    i.nb_encoder_ctl    nb_celp.o
    0x080334f6   0x0000005e   Code   RO         6769    i.nb_encoder_destroy  nb_celp.o
    0x08033554   0x00000164   Code   RO         6770    i.nb_encoder_init   nb_celp.o
    0x080336b8   0x00000028   Code   RO         6521    i.nb_mode_query     speex.o
    0x080336e0   0x00000058   Code   RO         6938    i.noise_codebook_quant  cb_search.o
    0x08033738   0x00000046   Code   RO         6983    i.normalize16       filters.o
    0x0803377e   0x00000002   PAD
    0x08033780   0x000002d4   Code   RO         7096    i.open_loop_nbest_pitch  ltp.o
    0x08033a54   0x0000002c   Code   RO           14    i.os_error          rtx_conf_cm.o
    0x08033a80   0x00000002   Code   RO           15    i.os_idle_demon     rtx_conf_cm.o
    0x08033a82   0x00000002   Code   RO           16    i.os_tmr_call       rtx_conf_cm.o
    0x08033a84   0x0000004c   Code   RO         5823    i.pass_change       adminsecurity.o
    0x08033ad0   0x000003ca   Code   RO         7097    i.pitch_gain_search_3tap  ltp.o
    0x08033e9a   0x00000002   PAD
    0x08033e9c   0x00000108   Code   RO         7098    i.pitch_gain_search_3tap_vq  ltp.o
    0x08033fa4   0x0000024c   Code   RO         7099    i.pitch_search_3tap  ltp.o
    0x080341f0   0x00000156   Code   RO         7100    i.pitch_unquant_3tap  ltp.o
    0x08034346   0x00000002   PAD
    0x08034348   0x00000034   Code   RO         7101    i.pitch_xcorr       ltp.o
    0x0803437c   0x0000007a   Code   RO         8499    i.read_cache        FS_CM3.lib(fs_fat.o)
    0x080343f6   0x00000036   Code   RO         8500    i.read_last_entry   FS_CM3.lib(fs_fat.o)
    0x0803442c   0x00000052   Code   RO         8501    i.read_sector       FS_CM3.lib(fs_fat.o)
    0x0803447e   0x00000078   Code   RO         8502    i.rename_entries    FS_CM3.lib(fs_fat.o)
    0x080344f6   0x00000002   PAD
    0x080344f8   0x00000066   Code   RO         6986    i.residue_percep_zero16  filters.o
    0x0803455e   0x0000001a   Code   RO         7471    i.rt_alloc_box      rt_membox.o
    0x08034578   0x00000038   Code   RO         7629    i.rt_block          rt_task.o
    0x080345b0   0x00000048   Code   RO         7523    i.rt_chk_robin      rt_robin.o
    0x080345f8   0x00000074   Code   RO         7336    i.rt_dec_dly        rt_list.o
    0x0803466c   0x00000044   Code   RO         7630    i.rt_dispatch       rt_task.o
    0x080346b0   0x00000006   Code   RO         7708    i.rt_dly_wait       rt_time.o
    0x080346b6   0x00000002   PAD
    0x080346b8   0x0000001c   Code   RO         7295    i.rt_evt_clr        rt_event.o
    0x080346d4   0x0000000c   Code   RO         7296    i.rt_evt_get        rt_event.o
    0x080346e0   0x0000004c   Code   RO         7297    i.rt_evt_psh        rt_event.o
    0x0803472c   0x00000060   Code   RO         7298    i.rt_evt_set        rt_event.o
    0x0803478c   0x0000003c   Code   RO         7299    i.rt_evt_wait       rt_event.o
    0x080347c8   0x00000020   Code   RO         7472    i.rt_free_box       rt_membox.o
    0x080347e8   0x00000028   Code   RO         7337    i.rt_get_first      rt_list.o
    0x08034810   0x00000044   Code   RO         7631    i.rt_init_context   rt_task.o
    0x08034854   0x00000018   Code   RO         7524    i.rt_init_robin     rt_robin.o
    0x0803486c   0x00000050   Code   RO         7236    i.rt_init_stack     hal_cm3.o
    0x080348bc   0x00000018   Code   RO         7709    i.rt_itv_set        rt_time.o
    0x080348d4   0x0000002c   Code   RO         7710    i.rt_itv_wait       rt_time.o
    0x08034900   0x00000008   Code   RO         7419    i.rt_mbx_check      rt_mailbox.o
    0x08034908   0x0000001a   Code   RO         7420    i.rt_mbx_init       rt_mailbox.o
    0x08034922   0x00000002   PAD
    0x08034924   0x000000c0   Code   RO         7421    i.rt_mbx_psh        rt_mailbox.o
    0x080349e4   0x000000a0   Code   RO         7422    i.rt_mbx_send       rt_mailbox.o
    0x08034a84   0x000000b8   Code   RO         7423    i.rt_mbx_wait       rt_mailbox.o
    0x08034b3c   0x00000010   Code   RO         7499    i.rt_mut_init       rt_mutex.o
    0x08034b4c   0x000000ac   Code   RO         7500    i.rt_mut_release    rt_mutex.o
    0x08034bf8   0x00000064   Code   RO         7501    i.rt_mut_wait       rt_mutex.o
    0x08034c5c   0x00000078   Code   RO         7581    i.rt_pop_req        rt_system.o
    0x08034cd4   0x00000020   Code   RO         7582    i.rt_psh_req        rt_system.o
    0x08034cf4   0x00000058   Code   RO         7339    i.rt_psq_enq        rt_list.o
    0x08034d4c   0x00000048   Code   RO         7340    i.rt_put_dly        rt_list.o
    0x08034d94   0x00000036   Code   RO         7341    i.rt_put_prio       rt_list.o
    0x08034dca   0x00000002   PAD
    0x08034dcc   0x00000014   Code   RO         7342    i.rt_put_rdy_first  rt_list.o
    0x08034de0   0x00000034   Code   RO         7343    i.rt_resort_prio    rt_list.o
    0x08034e14   0x00000028   Code   RO         7344    i.rt_rmv_dly        rt_list.o
    0x08034e3c   0x00000030   Code   RO         7345    i.rt_rmv_list       rt_list.o
    0x08034e6c   0x00000034   Code   RO         7546    i.rt_sem_psh        rt_semaphore.o
    0x08034ea0   0x00000024   Code   RO         7583    i.rt_stk_check      rt_system.o
    0x08034ec4   0x00000010   Code   RO         7632    i.rt_switch_req     rt_task.o
    0x08034ed4   0x0000013c   Code   RO         7633    i.rt_sys_init       rt_task.o
    0x08035010   0x0000003c   Code   RO         7584    i.rt_systick        rt_system.o
    0x0803504c   0x00000040   Code   RO         7737    i.rt_tmr_tick       rt_timer.o
    0x0803508c   0x00000080   Code   RO         7634    i.rt_tsk_create     rt_task.o
    0x0803510c   0x00000088   Code   RO         7635    i.rt_tsk_delete     rt_task.o
    0x08035194   0x00000028   Code   RO         7585    i.rt_tsk_lock       rt_system.o
    0x080351bc   0x00000010   Code   RO         7638    i.rt_tsk_self       rt_task.o
    0x080351cc   0x00000028   Code   RO         7586    i.rt_tsk_unlock     rt_system.o
    0x080351f4   0x0000002e   Code   RO         4257    i.sChkSum           utils.o
    0x08035222   0x00000034   Code   RO         6987    i.sanitize_values32  filters.o
    0x08035256   0x0000001c   Code   RO         6908    i.scal_quant        vq.o
    0x08035272   0x0000001a   Code   RO         6909    i.scal_quant32      vq.o
    0x0803528c   0x0000000c   Code   RO         5424    i.sdfifo_getInItem  sdfifo.o
    0x08035298   0x00000040   Code   RO         5425    i.sdfifo_getItem    sdfifo.o
    0x080352d8   0x0000000c   Code   RO         5426    i.sdfifo_getOutItem  sdfifo.o
    0x080352e4   0x00000044   Code   RO         5427    i.sdfifo_init       sdfifo.o
    0x08035328   0x000000e4   Code   RO         5428    i.sdfifo_read       sdfifo.o
    0x0803540c   0x00000078   Code   RO         5429    i.sdfifo_readNext   sdfifo.o
    0x08035484   0x0000001c   Code   RO         5430    i.sdfifo_reset      sdfifo.o
    0x080354a0   0x000001cc   Code   RO         5431    i.sdfifo_write      sdfifo.o
    0x0803566c   0x00000220   Code   RO         8503    i.search_for_name   FS_CM3.lib(fs_fat.o)
    0x0803588c   0x0000008c   Code   RO         8504    i.set_next_clus     FS_CM3.lib(fs_fat.o)
    0x08035918   0x00000008   Code   RO         8505    i.set_u16           FS_CM3.lib(fs_fat.o)
    0x08035920   0x00000010   Code   RO         8506    i.set_u32           FS_CM3.lib(fs_fat.o)
    0x08035930   0x00000024   Code   RO         8507    i.sfn_cmp_name      FS_CM3.lib(fs_fat.o)
    0x08035954   0x000000ac   Code   RO         6988    i.signal_div        filters.o
    0x08035a00   0x00000030   Code   RO         6989    i.signal_mul        filters.o
    0x08035a30   0x00000024   Code   RO         7817    i.sim900_err        sim900.o
    0x08035a54   0x000000b0   Code   RO         8916    i.sin               m_ws.l(sin.o)
    0x08035b04   0x00000006   Code   RO         6771    i.speex_alloc       nb_celp.o
    0x08035b0a   0x0000002c   Code   RO         6312    i.speex_bits_advance  bits.o
    0x08035b36   0x00000026   Code   RO         6314    i.speex_bits_init   bits.o
    0x08035b5c   0x0000007e   Code   RO         6318    i.speex_bits_pack   bits.o
    0x08035bda   0x00000046   Code   RO         6321    i.speex_bits_read_from  bits.o
    0x08035c20   0x00000018   Code   RO         6323    i.speex_bits_remaining  bits.o
    0x08035c38   0x00000010   Code   RO         6324    i.speex_bits_reset  bits.o
    0x08035c48   0x00000054   Code   RO         6328    i.speex_bits_unpack_unsigned  bits.o
    0x08035c9c   0x00000006   Code   RO         6522    i.speex_decode_int  speex.o
    0x08035ca2   0x00000006   Code   RO         6524    i.speex_decoder_ctl  speex.o
    0x08035ca8   0x00000004   Code   RO         6526    i.speex_decoder_init  speex.o
    0x08035cac   0x0000001a   Code   RO         6605    i.speex_default_user_handler  speex_callbacks.o
    0x08035cc6   0x00000006   Code   RO         6529    i.speex_encoder_ctl  speex.o
    0x08035ccc   0x0000005c   Code   RO         6606    i.speex_inband_handler  speex_callbacks.o
    0x08035d28   0x00000028   Code   RO         6772    i.speex_rand        nb_celp.o
    0x08035d50   0x000004a0   Code   RO         6940    i.split_cb_search_shape_sign  cb_search.o
    0x080361f0   0x000000ba   Code   RO         6941    i.split_cb_shape_sign_unquant  cb_search.o
    0x080362aa   0x000000c2   Code   RO         6477    i.spx_acos          lsp.o
    0x0803636c   0x0000007c   Code   RO         6773    i.spx_sqrt          nb_celp.o
    0x080363e8   0x0000007c   Code   RO         6990    i.spx_sqrt          filters.o
    0x08036464   0x0000007c   Code   RO         7102    i.spx_sqrt          ltp.o
    0x080364e0   0x0000004c   Code   RO         9098    i.sqrt              m_ws.l(sqrt.o)
    0x0803652c   0x00000084   Code   RO          180    i.stm32_Init        stm32_init.o
    0x080365b0   0x00000088   Code   RO          181    i.stm32_RtcSetup    stm32_init.o
    0x08036638   0x00000128   Code   RO          182    i.stm32_UsartSetup  stm32_init.o
    0x08036760   0x0000006c   Code   RO         4258    i.str2float         utils.o
    0x080367cc   0x00000034   Code   RO         4259    i.string_split      utils.o
    0x08036800   0x00000048   Code   RO         5869    i.sys_log_fread     sys_log.o
    0x08036848   0x000001ec   Code   RO         5870    i.sys_log_fwrite    sys_log.o
    0x08036a34   0x00000044   Code   RO         3375    i.sys_log_send_via_server  gprs.o
    0x08036a78   0x0000003c   Code   RO         3860    i.taskBuzzer        voice.o
    0x08036ab4   0x00000140   Code   RO         3861    i.taskVoice         voice.o
    0x08036bf4   0x0000001e   Code   RO         4260    i.twochar2hex       utils.o
    0x08036c12   0x00000002   PAD
    0x08036c14   0x0000000c   Code   RO         5034    i.uGetCameraReadIdx  camera.o
    0x08036c20   0x0000000c   Code   RO         5035    i.uGetCameraWriteIdx  camera.o
    0x08036c2c   0x0000000c   Code   RO         5036    i.uGetImageCount    camera.o
    0x08036c38   0x00000034   Code   RO         4428    i.uReadADC          adc.o
    0x08036c6c   0x0000001c   Code   RO         4719    i.uiGetPulse1       counter.o
    0x08036c88   0x0000001c   Code   RO         4720    i.uiGetPulse2       counter.o
    0x08036ca4   0x00000020   Code   RO         5266    i.uiReadADC1Value   filter.o
    0x08036cc4   0x00000020   Code   RO         5267    i.uiReadADC2Value   filter.o
    0x08036ce4   0x00000020   Code   RO         5268    i.uiReadADC3Value   filter.o
    0x08036d04   0x00000010   Code   RO         7954    i.uiTCPIP_Status    gsm.o
    0x08036d14   0x00000012   Code   RO         5037    i.ulString2U16      camera.o
    0x08036d26   0x0000001e   Code   RO         5038    i.ulString2U32      camera.o
    0x08036d44   0x00000052   Code   RO         8402    i.uninit_drv        FS_CM3.lib(fs_mapi.o)
    0x08036d96   0x0000013a   Code   RO         8509    i.unlink_clus_chain  FS_CM3.lib(fs_fat.o)
    0x08036ed0   0x00000140   Code   RO         4958    i.updateDriverKey   driverprocess.o
    0x08037010   0x00000030   Code   RO         5432    i.updateReadFileName  sdfifo.o
    0x08037040   0x00000030   Code   RO         5433    i.updateWriteFileName  sdfifo.o
    0x08037070   0x00000058   Code   RO         5824    i.user_change       adminsecurity.o
    0x080370c8   0x0000000a   Code   RO         5825    i.user_decode       adminsecurity.o
    0x080370d2   0x0000002c   Code   RO         5827    i.user_validate     adminsecurity.o
    0x080370fe   0x0000011e   Code   RO         4262    i.utc2ict           utils.o
    0x0803721c   0x00000030   Code   RO         5269    i.vADCTask          filter.o
    0x0803724c   0x000000a4   Code   RO         5270    i.vADC_Filter       filter.o
    0x080372f0   0x00000094   Code   RO         4429    i.vADC_Init         adc.o
    0x08037384   0x00000060   Code   RO         8196    i.vAuto_SyncTime    gpsmodule.o
    0x080373e4   0x00000068   Code   RO         4912    i.vBuzzerPlay       buzzer.o
    0x0803744c   0x0000002c   Code   RO         4913    i.vBuzzer_Init      buzzer.o
    0x08037478   0x00000070   Code   RO         5039    i.vCAM_GPIOConfig   camera.o
    0x080374e8   0x0000016c   Code   RO         5040    i.vCAM_Recv_Handler  camera.o
    0x08037654   0x00000070   Code   RO         5041    i.vCAM_UART_Init    camera.o
    0x080376c4   0x00000054   Code   RO         7955    i.vCGREG_Unsol      gsm.o
    0x08037718   0x00000002   Code   RO         7956    i.vCall_Acept       gsm.o
    0x0803771a   0x00000002   PAD
    0x0803771c   0x00000078   Code   RO         5043    i.vCameraInit       camera.o
    0x08037794   0x0000026c   Code   RO         5044    i.vCameraTask       camera.o
    0x08037a00   0x0000005c   Code   RO         5046    i.vChangeCAMRatio   camera.o
    0x08037a5c   0x00000030   Code   RO         4959    i.vCheckChangeKey   driverprocess.o
    0x08037a8c   0x000000f4   Code   RO         3666    i.vCheckVehicleStatus  periodicservice.o
    0x08037b80   0x00000078   Code   RO         3376    i.vCheckVersion     gprs.o
    0x08037bf8   0x0000002c   Code   RO         3377    i.vClient_Recv      gprs.o
    0x08037c24   0x00000344   Code   RO         3378    i.vClient_Trans     gprs.o
    0x08037f68   0x00000010   Code   RO         7957    i.vClose_Unsol      gsm.o
    0x08037f78   0x00000050   Code   RO         3667    i.vConfigGPIO       periodicservice.o
    0x08037fc8   0x00000014   Code   RO         7958    i.vConnect_Unsol    gsm.o
    0x08037fdc   0x0000006c   Code   RO         5047    i.vConvertDate      camera.o
    0x08038048   0x0000003c   Code   RO         5048    i.vCreateCamera     camera.o
    0x08038084   0x000000bc   Code   RO         7959    i.vCusd_Unsol       gsm.o
    0x08038140   0x0000003c   Code   RO         3668    i.vDATADebugOnPC    periodicservice.o
    0x0803817c   0x000000d4   Code   RO         7960    i.vData_Unsol       gsm.o
    0x08038250   0x0000009c   Code   RO         3379    i.vDecodeGPRS_Message  gprs.o
    0x080382ec   0x0000000e   Code   RO         4763    i.vDriverInit       drvkey.o
    0x080382fa   0x00000002   PAD
    0x080382fc   0x00000048   Code   RO         4764    i.vDrvInitI2CBus    drvkey.o
    0x08038344   0x000006e0   Code   RO         4661    i.vDwlFirmware      http.o
    0x08038a24   0x00000054   Code   RO         3380    i.vEchoSmsRequest   gprs.o
    0x08038a78   0x00000048   Code   RO         4385    i.vFWInit           fwupgrade.o
    0x08038ac0   0x0000001c   Code   RO         4386    i.vFWPrChar         fwupgrade.o
    0x08038adc   0x0000003c   Code   RO         4387    i.vFWWrite          fwupgrade.o
    0x08038b18   0x00000034   Code   RO         4388    i.vFWWriteFinish    fwupgrade.o
    0x08038b4c   0x00000034   Code   RO         4114    i.vFactoryReset     rtc.o
    0x08038b80   0x0000005c   Code   RO         4721    i.vGPIOTimerConfig  counter.o
    0x08038bdc   0x0000004c   Code   RO         8308    i.vGPIO_UARTConfig  sim18.o
    0x08038c28   0x00000078   Code   RO         3382    i.vGPRS_Init        gprs.o
    0x08038ca0   0x0000004c   Code   RO         8197    i.vGPS_Init         gpsmodule.o
    0x08038cec   0x00000084   Code   RO         8198    i.vGPS_Parser       gpsmodule.o
    0x08038d70   0x00000040   Code   RO         8199    i.vGPS_Reset        gpsmodule.o
    0x08038db0   0x00000030   Code   RO         8200    i.vGPS_RxTask       gpsmodule.o
    0x08038de0   0x00000110   Code   RO         7961    i.vGSM_Task         gsm.o
    0x08038ef0   0x00000070   Code   RO         3635    i.vIWDG_Init        watchdog.o
    0x08038f60   0x0000002c   Code   RO         4961    i.vInitDriver       driverprocess.o
    0x08038f8c   0x0000004c   Code   RO         5558    i.vLGB_GPIOConfig   lgb.o
    0x08038fd8   0x00000078   Code   RO         5559    i.vLGB_UART_Init    lgb.o
    0x08039050   0x000000b4   Code   RO         3669    i.vLOG_GPIOUpdate   periodicservice.o
    0x08039104   0x000001d4   Code   RO         5561    i.vLgb_Task         lgb.o
    0x080392d8   0x00000028   Code   RO         4115    i.vLoadFromBackupRam  rtc.o
    0x08039300   0x00000058   Code   RO         5049    i.vLoadImage        camera.o
    0x08039358   0x00000120   Code   RO         3383    i.vLog2Buffer       gprs.o
    0x08039478   0x00000034   Code   RO         3671    i.vLogUpdate        periodicservice.o
    0x080394ac   0x000000f0   Code   RO         4198    i.vLogWrite         logger.o
    0x0803959c   0x0000000c   Code   RO         4199    i.vLog_createNewFile  logger.o
    0x080395a8   0x0000007c   Code   RO         5050    i.vNextImagePacket  camera.o
    0x08039624   0x00000154   Code   RO         3673    i.vPeriodicServiceInit  periodicservice.o
    0x08039778   0x00000034   Code   RO         4765    i.vPinoutConfig     drvkey.o
    0x080397ac   0x00000018   Code   RO         4602    i.vPosLineWrapper   printer.o
    0x080397c4   0x0000003c   Code   RO         4603    i.vPosPrinterFinish  printer.o
    0x08039800   0x00000064   Code   RO         4604    i.vPosPrinterInit   printer.o
    0x08039864   0x00000024   Code   RO         4606    i.vPos_PrCRLF       printer.o
    0x08039888   0x00000014   Code   RO         4607    i.vPos_PrCStr       printer.o
    0x0803989c   0x0000002c   Code   RO         4608    i.vPos_PrChar       printer.o
    0x080398c8   0x0000001c   Code   RO         4609    i.vPos_PrStr        printer.o
    0x080398e4   0x000000e8   Code   RO         4500    i.vPrintDriverInfo  trackprint.o
    0x080399cc   0x00000014   Code   RO         4501    i.vPrintErrDateTime  trackprint.o
    0x080399e0   0x00000014   Code   RO         4502    i.vPrintErrFile     trackprint.o
    0x080399f4   0x00000040   Code   RO         4503    i.vPrintFormat      trackprint.o
    0x08039a34   0x00000070   Code   RO         4504    i.vPrintHeader      trackprint.o
    0x08039aa4   0x000002b4   Code   RO         4505    i.vPrintReport      trackprint.o
    0x08039d58   0x0000004c   Code   RO         3674    i.vPulseUpdate      periodicservice.o
    0x08039da4   0x000000dc   Code   RO         3675    i.vPushMessage      periodicservice.o
    0x08039e80   0x00000074   Code   RO         3676    i.vRAW_GPIOUpdate   periodicservice.o
    0x08039ef4   0x00000020   Code   RO         4116    i.vRTCGetDate       rtc.o
    0x08039f14   0x0000002a   Code   RO         4117    i.vRTCGetTime       rtc.o
    0x08039f3e   0x00000002   PAD
    0x08039f40   0x000000a8   Code   RO         4118    i.vRTCInit          rtc.o
    0x08039fe8   0x00000050   Code   RO         4119    i.vRTCSetDate       rtc.o
    0x0803a038   0x00000024   Code   RO         4120    i.vRTCSetTime       rtc.o
    0x0803a05c   0x00000010   Code   RO         5051    i.vReSetImageCount  camera.o
    0x0803a06c   0x00000088   Code   RO         3384    i.vRecv_Handshake   gprs.o
    0x0803a0f4   0x00000028   Code   RO         3677    i.vRequestCamera    periodicservice.o
    0x0803a11c   0x00000060   Code   RO         5052    i.vRequestImage     camera.o
    0x0803a17c   0x0000008c   Code   RO         3678    i.vRequestTax       periodicservice.o
    0x0803a208   0x00000004   Code   RO         3385    i.vResetCamBuffer   gprs.o
    0x0803a20c   0x00000044   Code   RO         4962    i.vResetDataInDay   driverprocess.o
    0x0803a250   0x00000004   Code   RO         3386    i.vResetLogBuffer   gprs.o
    0x0803a254   0x00000044   Code   RO         3679    i.vResetNewDayData  periodicservice.o
    0x0803a298   0x00000050   Code   RO         5053    i.vSDBufferInit     camera.o
    0x0803a2e8   0x00000048   Code   RO         5054    i.vSDBufferReset    camera.o
    0x0803a330   0x00000100   Code   RO         5055    i.vSDBufferWrite    camera.o
    0x0803a430   0x0000004c   Code   RO         4200    i.vSDCardInit       logger.o
    0x0803a47c   0x0000002c   Code   RO         8309    i.vSIM18_Close      sim18.o
    0x0803a4a8   0x00000064   Code   RO         8310    i.vSIM18_GPIOConfig  sim18.o
    0x0803a50c   0x00000074   Code   RO         8312    i.vSIM18_UART_Init  sim18.o
    0x0803a580   0x00000040   Code   RO         8313    i.vSIM18_UART_baud  sim18.o
    0x0803a5c0   0x000000a4   Code   RO         7818    i.vSIM900_UART_GPIOConfig  sim900.o
    0x0803a664   0x00000078   Code   RO         7819    i.vSIM90_UART_Init  sim900.o
    0x0803a6dc   0x00000890   Code   RO         4931    i.vSMS_Handler      sms_handler.o
    0x0803af6c   0x000000a0   Code   RO         7963    i.vSMS_Task         gsm.o
    0x0803b00c   0x000000cc   Code   RO         7964    i.vSMS_Unsol        gsm.o
    0x0803b0d8   0x0000006c   Code   RO         5056    i.vSaveAllImageToBuffer  camera.o
    0x0803b144   0x00000028   Code   RO         4121    i.vSaveToBackupRam  rtc.o
    0x0803b16c   0x00000084   Code   RO         3387    i.vSendLogData      gprs.o
    0x0803b1f0   0x00000040   Code   RO         3388    i.vSendLogRequest   gprs.o
    0x0803b230   0x00000014   Code   RO         7965    i.vSendOk_Unsol     gsm.o
    0x0803b244   0x00000014   Code   RO         7966    i.vSendSMS_finish   gsm.o
    0x0803b258   0x000000cc   Code   RO         7967    i.vSim_Fail         gsm.o
    0x0803b324   0x0000001c   Code   RO         4662    i.vStartDownload    http.o
    0x0803b340   0x00000154   Code   RO         3389    i.vSyncDriverInfo   gprs.o
    0x0803b494   0x00000014   Code   RO         7969    i.vTCPIP_FreeRxBuf  gsm.o
    0x0803b4a8   0x0000004c   Code   RO         7970    i.vTCPIP_Shutdown   gsm.o
    0x0803b4f4   0x0000003c   Code   RO         4722    i.vTIMConfig        counter.o
    0x0803b530   0x00000098   Code   RO         3681    i.vTask1Sec         periodicservice.o
    0x0803b5c8   0x0000001c   Code   RO         3682    i.vTaskGPS_Tick_signal  periodicservice.o
    0x0803b5e4   0x000000e0   Code   RO         3683    i.vTaskSaveData     periodicservice.o
    0x0803b6c4   0x00000034   Code   RO         5562    i.vTaxiMeterInit    lgb.o
    0x0803b6f8   0x0000000e   Code   RO         4723    i.vTimPulseInit     counter.o
    0x0803b706   0x00000002   PAD
    0x0803b708   0x00000098   Code   RO         4122    i.vUpdateDate       rtc.o
    0x0803b7a0   0x00000052   Code   RO         4263    i.vUpdateDateTimeToStr  utils.o
    0x0803b7f2   0x00000002   PAD
    0x0803b7f4   0x00000124   Code   RO         4963    i.vUpdateDriverData  driverprocess.o
    0x0803b918   0x00000308   Code   RO         3684    i.vUpdateGPSInfo    periodicservice.o
    0x0803bc20   0x000000c0   Code   RO         4201    i.vUpdateLogFileName  logger.o
    0x0803bce0   0x00000018   Code   RO         3685    i.vUpdateOldValue   periodicservice.o
    0x0803bcf8   0x00000084   Code   RO         3686    i.vUpdateStop_Off_vehicle  periodicservice.o
    0x0803bd7c   0x00000024   Code   RO         3687    i.vUpdateTemper     periodicservice.o
    0x0803bda0   0x00000052   Code   RO         8201    i.vUpdateTime       gpsmodule.o
    0x0803bdf2   0x00000002   PAD
    0x0803bdf4   0x00000050   Code   RO         3637    i.vWatchdog_Task    watchdog.o
    0x0803be44   0x00000024   Code   RO         8314    i.vWriteBuffer      sim18.o
    0x0803be68   0x000001ec   Code   RO         3390    i.vWriteLogToBuffer  gprs.o
    0x0803c054   0x00000012   Code   RO         8510    i.val_char          FS_CM3.lib(fs_fat.o)
    0x0803c066   0x0000003c   Code   RO         8511    i.val_char_sn       FS_CM3.lib(fs_fat.o)
    0x0803c0a2   0x0000009c   Code   RO         8513    i.write_cache       FS_CM3.lib(fs_fat.o)
    0x0803c13e   0x00000002   PAD
    0x0803c140   0x00000104   Code   RO         8514    i.write_dot_entries  FS_CM3.lib(fs_fat.o)
    0x0803c244   0x000000e8   Code   RO         8515    i.write_fat_link    FS_CM3.lib(fs_fat.o)
    0x0803c32c   0x00000068   Code   RO         8516    i.write_fsinfo      FS_CM3.lib(fs_fat.o)
    0x0803c394   0x00000030   Code   RO         8519    i.write_sector      FS_CM3.lib(fs_fat.o)
    0x0803c3c4   0x00000074   Code   RO         4507    i.write_temp_open_door  trackprint.o
    0x0803c438   0x00000084   Code   RO         4508    i.write_temp_over_speed  trackprint.o
    0x0803c4bc   0x0000000c   Code   RO         3688    i.xGetObjState      periodicservice.o
    0x0803c4c8   0x0000002c   Code   RO         9187    locale$$code        c_w.l(lc_numeric_c.o)
    0x0803c4f4   0x0000002c   Code   RO         9274    locale$$code        c_w.l(lc_ctype_c.o)
    0x0803c520   0x00000062   Code   RO         8829    x$fpl$d2f           fz_ws.l(d2f.o)
    0x0803c582   0x00000002   PAD
    0x0803c584   0x00000150   Code   RO         8831    x$fpl$dadd          fz_ws.l(daddsub_clz.o)
    0x0803c6d4   0x00000010   Code   RO         9225    x$fpl$dcheck1       fz_ws.l(dcheck1.o)
    0x0803c6e4   0x00000018   Code   RO         9064    x$fpl$dcmpinf       fz_ws.l(dcmpi.o)
    0x0803c6fc   0x000002b0   Code   RO         8838    x$fpl$ddiv          fz_ws.l(ddiv.o)
    0x0803c9ac   0x0000005e   Code   RO         8841    x$fpl$dfix          fz_ws.l(dfix.o)
    0x0803ca0a   0x00000002   PAD
    0x0803ca0c   0x0000005a   Code   RO         8845    x$fpl$dfixu         fz_ws.l(dfixu.o)
    0x0803ca66   0x0000002e   Code   RO         8850    x$fpl$dflt          fz_ws.l(dflt_clz.o)
    0x0803ca94   0x00000026   Code   RO         8849    x$fpl$dfltu         fz_ws.l(dflt_clz.o)
    0x0803caba   0x00000002   PAD
    0x0803cabc   0x00000078   Code   RO         8855    x$fpl$dleqf         fz_ws.l(dleqf.o)
    0x0803cb34   0x00000154   Code   RO         8857    x$fpl$dmul          fz_ws.l(dmul.o)
    0x0803cc88   0x0000009c   Code   RO         9066    x$fpl$dnaninf       fz_ws.l(dnaninf.o)
    0x0803cd24   0x0000000c   Code   RO         9068    x$fpl$dretinf       fz_ws.l(dretinf.o)
    0x0803cd30   0x0000006c   Code   RO         8859    x$fpl$drleqf        fz_ws.l(drleqf.o)
    0x0803cd9c   0x00000016   Code   RO         8832    x$fpl$drsb          fz_ws.l(daddsub_clz.o)
    0x0803cdb2   0x00000002   PAD
    0x0803cdb4   0x000001cc   Code   RO         9227    x$fpl$dsqrt         fz_ws.l(dsqrt_noumaal.o)
    0x0803cf80   0x000001d4   Code   RO         8833    x$fpl$dsub          fz_ws.l(daddsub_clz.o)
    0x0803d154   0x00000056   Code   RO         8861    x$fpl$f2d           fz_ws.l(f2d.o)
    0x0803d1aa   0x00000002   PAD
    0x0803d1ac   0x000000c4   Code   RO         8863    x$fpl$fadd          fz_ws.l(faddsub_clz.o)
    0x0803d270   0x00000184   Code   RO         8870    x$fpl$fdiv          fz_ws.l(fdiv.o)
    0x0803d3f4   0x00000036   Code   RO         8873    x$fpl$ffix          fz_ws.l(ffix.o)
    0x0803d42a   0x00000002   PAD
    0x0803d42c   0x00000026   Code   RO         8881    x$fpl$ffltu         fz_ws.l(fflt_clz.o)
    0x0803d452   0x0000008c   Code   RO         9074    x$fpl$fnaninf       fz_ws.l(fnaninf.o)
    0x0803d4de   0x0000000a   Code   RO         9076    x$fpl$fretinf       fz_ws.l(fretinf.o)
    0x0803d4e8   0x000000ea   Code   RO         8865    x$fpl$fsub          fz_ws.l(faddsub_clz.o)
    0x0803d5d2   0x00000004   Code   RO         8889    x$fpl$printf1       fz_ws.l(printf1.o)
    0x0803d5d6   0x00000064   Code   RO         9235    x$fpl$retnan        fz_ws.l(retnan.o)
    0x0803d63a   0x0000005c   Code   RO         9078    x$fpl$scalbn        fz_ws.l(scalbn.o)
    0x0803d696   0x00000030   Code   RO         9298    x$fpl$trapveneer    fz_ws.l(trapv.o)
    0x0803d6c6   0x00000000   Code   RO         9080    x$fpl$usenofp       fz_ws.l(usenofp.o)
    0x0803d6c6   0x00000002   Data   RO           22    .constdata          rtx_conf_cm.o
    0x0803d6c8   0x00000004   Data   RO           23    .constdata          rtx_conf_cm.o
    0x0803d6cc   0x00000004   Data   RO           24    .constdata          rtx_conf_cm.o
    0x0803d6d0   0x00000004   Data   RO           25    .constdata          rtx_conf_cm.o
    0x0803d6d4   0x00000001   Data   RO           26    .constdata          rtx_conf_cm.o
    0x0803d6d5   0x00000003   PAD
    0x0803d6d8   0x00000008   Data   RO           27    .constdata          rtx_conf_cm.o
    0x0803d6e0   0x00000002   Data   RO           28    .constdata          rtx_conf_cm.o
    0x0803d6e2   0x00000002   PAD
    0x0803d6e4   0x00000004   Data   RO           29    .constdata          rtx_conf_cm.o
    0x0803d6e8   0x00000001   Data   RO           30    .constdata          rtx_conf_cm.o
    0x0803d6e9   0x00000001   PAD
    0x0803d6ea   0x00000002   Data   RO           31    .constdata          rtx_conf_cm.o
    0x0803d6ec   0x000000cc   Data   RO         3392    .constdata          gprs.o
    0x0803d7b8   0x00000050   Data   RO         3864    .constdata          voice.o
    0x0803d808   0x0000024c   Data   RO         4016    .constdata          debug.o
    0x0803da54   0x0000000d   Data   RO         4264    .constdata          utils.o
    0x0803da61   0x00000001   PAD
    0x0803da62   0x0000010c   Data   RO         4453    .constdata          loadconfig.o
    0x0803db6e   0x00000002   PAD
    0x0803db70   0x0000002c   Data   RO         4510    .constdata          trackprint.o
    0x0803db9c   0x0000000b   Data   RO         4877    .constdata          driverdb.o
    0x0803dba7   0x00000001   PAD
    0x0803dba8   0x00000030   Data   RO         5272    .constdata          filter.o
    0x0803dbd8   0x00000002   Data   RO         5932    .constdata          file_config.o
    0x0803dbda   0x00000002   Data   RO         5933    .constdata          file_config.o
    0x0803dbdc   0x00000018   Data   RO         5935    .constdata          file_config.o
    0x0803dbf4   0x00000008   Data   RO         5936    .constdata          file_config.o
    0x0803dbfc   0x00000006   Data   RO         6151    .constdata          retarget.o
    0x0803dc02   0x00000007   Data   RO         6152    .constdata          retarget.o
    0x0803dc09   0x00000007   Data   RO         6153    .constdata          retarget.o
    0x0803dc10   0x00000020   Data   RO         6243    .constdata          spi_stm32f103.o
    0x0803dc30   0x00000016   Data   RO         6302    .constdata          window.o
    0x0803dc46   0x00000190   Data   RO         6303    .constdata          window.o
    0x0803ddd6   0x00000140   Data   RO         6437    .constdata          exc_10_32_table.o
    0x0803df16   0x00000080   Data   RO         6444    .constdata          gain_table_lbr.o
    0x0803df96   0x00000002   PAD
    0x0803df98   0x0000000c   Data   RO         6706    .constdata          modes.o
    0x0803dfa4   0x00000014   Data   RO         6707    .constdata          modes.o
    0x0803dfb8   0x00000038   Data   RO         6708    .constdata          modes.o
    0x0803dff0   0x0000008c   Data   RO         6709    .constdata          modes.o
    0x0803e07c   0x00000034   Data   RO         6710    .constdata          modes.o
    0x0803e0b0   0x000000cc   Data   RO         6774    .constdata          nb_celp.o
    0x0803e17c   0x0000006a   Data   RO         6992    .constdata          filters.o
    0x0803e1e6   0x00000002   PAD
    0x0803e1e8   0x00000100   Data   RO         7103    .constdata          ltp.o
    0x0803e2e8   0x00000280   Data   RO         7221    .constdata          lsp_tables_nb.o
    0x0803e568   0x00000140   Data   RO         7222    .constdata          lsp_tables_nb.o
    0x0803e6a8   0x00000140   Data   RO         7224    .constdata          lsp_tables_nb.o
    0x0803e7e8   0x00000060   Data   RO         7973    .constdata          gsm.o
    0x0803e848   0x000000a9   Data   RO         8520    .constdata          FS_CM3.lib(fs_fat.o)
    0x0803e8f1   0x00000028   Data   RO         8708    .constdata          c_w.l(_printf_hex_int.o)
    0x0803e919   0x00000011   Data   RO         8738    .constdata          c_w.l(__printf_flags_wp.o)
    0x0803e92a   0x00000006   PAD
    0x0803e930   0x00000050   Data   RO         8895    .constdata          m_ws.l(acos.o)
    0x0803e980   0x00000030   Data   RO         9082    .constdata          m_ws.l(cos_i.o)
    0x0803e9b0   0x000000c8   Data   RO         9088    .constdata          m_ws.l(rred.o)
    0x0803ea78   0x00000028   Data   RO         9092    .constdata          m_ws.l(sin_i.o)
    0x0803eaa0   0x00000094   Data   RO         9152    .constdata          c_w.l(bigflt0.o)
    0x0803eb34   0x0000005b   Data   RO         3393    .conststring        gprs.o
    0x0803eb8f   0x00000026   Data   RO         3865    .conststring        voice.o
    0x0803ebb5   0x00000009   Data   RO         4766    .conststring        drvkey.o
    0x0803ebbe   0x0000000b   Data   RO         6711    .conststring        modes.o
    0x0803ebc9   0x00000067   Data   RO         7974    .conststring        gsm.o
    0x0803ec30   0x0000000e   Data   RO         8203    .conststring        gpsmodule.o
    0x0803ec3e   0x00000002   PAD
    0x0803ec40   0x00000020   Data   RO         9376    Region$$Table       anon$$obj.o
    0x0803ec60   0x0000001c   Data   RO         9186    locale$$data        c_w.l(lc_numeric_c.o)
    0x0803ec7c   0x00000110   Data   RO         9273    locale$$data        c_w.l(lc_ctype_c.o)


    Execution Region RW_IRAM1 (Base: 0x20000000, Size: 0x0000b670, Max: 0x0000c000, ABSOLUTE, COMPRESSED[0x00000110])

    Base Addr    Size         Type   Attr      Idx    E Section Name        Object

    0x20000000   0x00000004   Data   RW           32    .data               rtx_conf_cm.o
    0x20000004   0x00000004   Data   RW           33    .data               rtx_conf_cm.o
    0x20000008   0x00000014   Data   RW         1807    .data               stm32f10x_rcc.o
    0x2000001c   0x00000001   Data   RW         3298    .data               stm32f10x_it.o
    0x2000001d   0x00000003   PAD
    0x20000020   0x00000038   Data   RW         3394    .data               gprs.o
    0x20000058   0x00000004   Data   RW         3638    .data               watchdog.o
    0x2000005c   0x0000004c   Data   RW         3691    .data               periodicservice.o
    0x200000a8   0x00000044   Data   RW         3866    .data               voice.o
    0x200000ec   0x00000018   Data   RW         4017    .data               debug.o
    0x20000104   0x00000011   Data   RW         4123    .data               rtc.o
    0x20000115   0x00000003   PAD
    0x20000118   0x0000001b   Data   RW         4202    .data               logger.o
    0x20000133   0x00000001   PAD
    0x20000134   0x00000014   Data   RW         4389    .data               fwupgrade.o
    0x20000148   0x0000000c   Data   RW         4454    .data               loadconfig.o
    0x20000154   0x00000001   Data   RW         4610    .data               printer.o
    0x20000155   0x00000003   PAD
    0x20000158   0x00000020   Data   RW         4666    .data               http.o
    0x20000178   0x00000004   Data   RW         4767    .data               drvkey.o
    0x2000017c   0x00000004   Data   RW         4878    .data               driverdb.o
    0x20000180   0x00000025   Data   RW         4965    .data               driverprocess.o
    0x200001a5   0x00000003   PAD
    0x200001a8   0x00000062   Data   RW         5058    .data               camera.o
    0x2000020a   0x00000002   PAD
    0x2000020c   0x0000002a   Data   RW         5435    .data               sdfifo.o
    0x20000236   0x00000002   PAD
    0x20000238   0x0000006a   Data   RW         5564    .data               lgb.o
    0x200002a2   0x00000002   PAD
    0x200002a4   0x00000008   Data   RW         5712    .data               systemmonitor.o
    0x200002ac   0x0000000c   Data   RW         5758    .data               io_manager.o
    0x200002b8   0x00000008   Data   RW         7525    .data               rt_robin.o
    0x200002c0   0x00000003   Data   RW         7587    .data               rt_system.o
    0x200002c3   0x00000001   PAD
    0x200002c4   0x00000008   Data   RW         7640    .data               rt_task.o
    0x200002cc   0x00000002   Data   RW         7711    .data               rt_time.o
    0x200002ce   0x00000002   PAD
    0x200002d0   0x00000008   Data   RW         7738    .data               rt_timer.o
    0x200002d8   0x00000008   Data   RW         7822    .data               sim900.o
    0x200002e0   0x00000050   Data   RW         7975    .data               gsm.o
    0x20000330   0x00000020   Data   RW         8204    .data               gpsmodule.o
    0x20000350   0x00000004   Data   RW         8316    .data               sim18.o
    0x20000354   0x00000001   Data   RW         8403    .data               FS_CM3.lib(fs_mapi.o)
    0x20000355   0x00000003   PAD
    0x20000358   0x00000004   Data   RW         8775    .data               c_w.l(streamlock.o)
    0x2000035c   0x00000004   Data   RW         8793    .data               c_w.l(strtok.o)
    0x20000360   0x00000004   Data   RW         9002    .data               c_w.l(stdio_streams.o)
    0x20000364   0x00000004   Data   RW         9003    .data               c_w.l(stdio_streams.o)
    0x20000368   0x00000004   Data   RW         9004    .data               c_w.l(stdio_streams.o)
    0x2000036c   0x000002ac   Zero   RW           17    .bss                rtx_conf_cm.o
    0x20000618   0x000003a0   Zero   RW           18    .bss                rtx_conf_cm.o
    0x200009b8   0x00000304   Zero   RW           19    .bss                rtx_conf_cm.o
    0x20000cbc   0x00000038   Zero   RW           20    .bss                rtx_conf_cm.o
    0x20000cf4   0x00000618   Zero   RW           21    .bss                rtx_conf_cm.o
    0x2000130c   0x00000004   PAD
    0x20001310   0x000001f0   Zero   RW         3170    .bss                main.o
    0x20001500   0x00001c70   Zero   RW         3391    .bss                gprs.o
    0x20003170   0x000005c8   Zero   RW         3689    .bss                periodicservice.o
    0x20003738   0x0000150c   Zero   RW         3862    .bss                voice.o
    0x20004c44   0x00000004   PAD
    0x20004c48   0x00000550   Zero   RW         4015    .bss                debug.o
    0x20005198   0x0000010c   Zero   RW         4452    .bss                loadconfig.o
    0x200052a4   0x00000004   PAD
    0x200052a8   0x00000338   Zero   RW         4663    .bss                http.o
    0x200055e0   0x0000001c   Zero   RW         4964    .bss                driverprocess.o
    0x200055fc   0x00000004   PAD
    0x20005600   0x00000a08   Zero   RW         5057    .bss                camera.o
    0x20006008   0x00000078   Zero   RW         5271    .bss                filter.o
    0x20006080   0x0000000c   Zero   RW         5359    .bss                led.o
    0x2000608c   0x000000e0   Zero   RW         5434    .bss                sdfifo.o
    0x2000616c   0x00000004   PAD
    0x20006170   0x0000039c   Zero   RW         5563    .bss                lgb.o
    0x2000650c   0x0000000c   Zero   RW         5757    .bss                io_manager.o
    0x20006518   0x00000120   Zero   RW         5930    .bss                file_config.o
    0x20006638   0x00000590   Zero   RW         5931    .bss                file_config.o
    0x20006bc8   0x00000030   Zero   RW         7346    .bss                rt_list.o
    0x20006bf8   0x00000030   Zero   RW         7639    .bss                rt_task.o
    0x20006c28   0x00000800   Zero   RW         7821    .bss                sim900.o
    0x20007428   0x00001588   Zero   RW         7972    .bss                gsm.o
    0x200089b0   0x00000360   Zero   RW         8202    .bss                gpsmodule.o
    0x20008d10   0x00000200   Zero   RW         8315    .bss                sim18.o
    0x20008f10   0x00000060   Zero   RW         8616    .bss                c_w.l(libspace.o)
    0x20008f70   0x00000054   Zero   RW         8999    .bss                c_w.l(stdio_streams.o)
    0x20008fc4   0x00000054   Zero   RW         9000    .bss                c_w.l(stdio_streams.o)
    0x20009018   0x00000054   Zero   RW         9001    .bss                c_w.l(stdio_streams.o)
    0x2000906c   0x00000004   PAD
    0x20009070   0x00002400   Zero   RW            2    HEAP                startup_stm32f10x_hd.o
    0x2000b470   0x00000200   Zero   RW            1    STACK               startup_stm32f10x_hd.o


==============================================================================

Image component sizes


      Code (inc. data)   RO Data    RW Data    ZI Data      Debug   Object Name

       200         14          0          0          0       1043   adc.o
       248         10          0          0          0       3233   adminsecurity.o
       402          0          0          0          0       6224   bits.o
       148         12          0          0          0        973   buzzer.o
      4190        454          0         98       2568      22658   camera.o
      1458          4          0          0          0       4766   cb_search.o
       222         30          0          0          0       2260   counter.o
      4648        830        588         24       1360      10886   debug.o
       236         40         11          4          0       2277   driverdb.o
       944         96          0         37         28       5900   driverprocess.o
       804         72          9          4          0      16416   drvkey.o
         0          0        320          0          0        454   exc_10_32_table.o
       166         54         36          0       1712      16936   file_config.o
       704         72         48          0        120       5779   filter.o
      3760         14        106          0          0      14425   filters.o
        14          4          0          0          0        896   fs_time.o
       356         84          0         20          0       3872   fwupgrade.o
         0          0        128          0          0        444   gain_table_lbr.o
      5312        636        295         56       7280      37769   gprs.o
      1500        204         14         32        864       9667   gpsmodule.o
      3718        824        199         80       5512      21486   gsm.o
       412         44          0          0          0       2984   hal_cm3.o
      2854        706          0         32        824       8063   http.o
      1238        130          0         12         12       7543   io_manager.o
       560         62          0          0         12       6479   led.o
      1732        164          0        106        924      28037   lgb.o
       956        116        268         12        268       5779   loadconfig.o
       680        190          0         27          0       4133   logger.o
       332          0          0          0          0       1931   lpc.o
      1840         14          0          0          0       7221   lsp.o
         0          0       1280          0          0        648   lsp_tables_nb.o
      3638          8        256          0          0      10163   ltp.o
       224         60          0          0        496      15013   main.o
       428        186          0          0          0       2133   misc.o
         0          0        291          0          0       8443   modes.o
      6894        148        204          0          0      25117   nb_celp.o
      3272        358          0         76       1480      15282   periodicservice.o
       312         28          0          1          0       3833   printer.o
       712         26          0          0          0       3194   quant_lsp.o
       182         24         20          0          0      12197   retarget.o
       312         30          0          0          0       3124   rt_event.o
       530         36          0          0         48       6797   rt_list.o
       570         16          0          0          0       3010   rt_mailbox.o
       158          0          0          0          0       2191   rt_membox.o
       288         12          0          0          0       1701   rt_mutex.o
        96         24          0          8          0       1102   rt_robin.o
        52          6          0          0          0        505   rt_semaphore.o
       328         62          0          3          0       2920   rt_system.o
       804        146          0          8         48       5380   rt_task.o
        74         18          0          2          0       1443   rt_time.o
        64          8          0          8          0        679   rt_timer.o
       766         38          0         17          0       6896   rtc.o
       192         36         32          8       4000     295245   rtx_conf_cm.o
      1088        206          0         42        224       6654   sdfifo.o
        88          0          0          0          0       1808   serial.o
       612         72          0          4        512       5062   sim18.o
      1292        282          0          8       2048      11271   sim900.o
      2700       1066          0          0          0       3777   sms_handler.o
        62          0          0          0          0       5256   speex.o
       118          0          0          0          0       3384   speex_callbacks.o
       524         52         32          0          0       4475   spi_stm32f103.o
        64         26        304          0       9728        788   startup_stm32f10x_hd.o
       564         76          0          0          0       7177   stm32_init.o
      1744        742          0          0          0       8301   stm32f10x_adc.o
       712        262          0          0          0       4025   stm32f10x_bkp.o
        40          8          0          0          0       1421   stm32f10x_crc.o
       304        138          0          0          0       1244   stm32f10x_exti.o
       528        234          0          0          0       5723   stm32f10x_flash.o
      1772        604          0          0          0       5768   stm32f10x_gpio.o
      1932        800          0          0          0       8461   stm32f10x_i2c.o
        88         12          0          1          0       3269   stm32f10x_it.o
       436        284          0          0          0       3171   stm32f10x_iwdg.o
        88         64          0          0          0        526   stm32f10x_pwr.o
       952        424          0         20          0       7496   stm32f10x_rcc.o
       316        156          0          0          0       4083   stm32f10x_rtc.o
       640        220          0          0          0       2902   stm32f10x_spi.o
      3458       1208          0          0          0      10182   stm32f10x_tim.o
      1744        598          0          0          0       6385   stm32f10x_usart.o
       600        116          0          0          0       2465   sys_log.o
       248         24          0          0          0       1717   system_stm32f10x.o
       504         44          0          8          0       2651   systemmonitor.o
       340         22          0          0          0       2988   tmp100.o
      2416        700         44          0          0      16924   trackprint.o
      1448         56         13          0          0       9472   utils.o
      1206        176        118         68       5388      28063   voice.o
       224          0          0          0          0       2128   vq.o
       192         22          0          4          0       1532   watchdog.o
         0          0        422          0          0        672   window.o

    ----------------------------------------------------------------------
     88658      14844       5086        852      45476     878771   Object Totals
         0          0         32          0          0          0   (incl. Generated)
        84          0         16         22         20          0   (incl. Padding)

    ----------------------------------------------------------------------

      Code (inc. data)   RO Data    RW Data    ZI Data      Debug   Library Member Name

      7674        118        169          0          0       4472   fs_fat.o
       342         28          0          0          0        388   fs_lib.o
       992         60          0          1          0        604   fs_mapi.o
      1508         14          0          0          0        984   fs_mmc.o
       836         56          0          0          0        492   fs_sys.o
         4          4          0          0          0        140   SVC_Table.o
        60          8          0          0          0         84   __0sscanf.o
        44          6          0          0          0         84   __2sprintf.o
        90          0          0          0          0          0   __dczerorl2.o
         8          0          0          0          0         68   __main.o
       316          6         17          0          0         92   __printf_flags_wp.o
        14          0          0          0          0         68   __printf_wp.o
        52          8          0          0          0          0   __scatter.o
        28          0          0          0          0          0   __scatter_zi.o
        28          0          0          0          0         68   _chval.o
        44          0          0          0          0        108   _printf_char.o
        48          6          0          0          0         96   _printf_char_common.o
         6          0          0          0          0          0   _printf_d.o
       120         18          0          0          0         92   _printf_dec.o
         6          0          0          0          0          0   _printf_f.o
      1056          0          0          0          0        216   _printf_fp_dec.o
       128         16          0          0          0         84   _printf_fp_infnan.o
        92          4         40          0          0         88   _printf_hex_int.o
       184          0          0          0          0         88   _printf_intcommon.o
        82          0          0          0          0        108   _printf_pad.o
         0          0          0          0          0          0   _printf_percent.o
         4          0          0          0          0          0   _printf_percent_end.o
         6          0          0          0          0          0   _printf_s.o
        82          0          0          0          0         80   _printf_str.o
         6          0          0          0          0          0   _printf_u.o
         6          0          0          0          0          0   _printf_x.o
        22          0          0          0          0        100   _rserrno.o
       880          4          0          0          0        100   _scanf.o
       336          0          0          0          0         96   _scanf_int.o
        64          0          0          0          0         84   _sgetc.o
        10          0          0          0          0         68   _sputc.o
       158          0          0          0          0         92   _strtoul.o
        16          0          0          0          0         68   aeabi_memset.o
        26          0          0          0          0         80   atoi.o
       228          6        148          0          0         96   bigflt0.o
      1910        128          0          0          0        672   btod.o
        40          0          0          0          0         80   calloc.o
        32          0          0          0          0         80   clearerr_locked.o
        10          0          0          0          0         68   defsig_exit.o
        50          0          0          0          0         88   defsig_general.o
        80         58          0          0          0         76   defsig_rtmem_inner.o
        14          0          0          0          0         80   defsig_rtmem_outer.o
        52         38          0          0          0         76   defsig_rtred_inner.o
        14          0          0          0          0         80   defsig_rtred_outer.o
        12          0          0          0          0         72   exit.o
        76          0          0          0          0         88   fclose.o
        52          6          0          0          0         80   fclose_locked.o
        30          0          0          0          0         80   feof_locked.o
       144         10          0          0          0        128   fflush_locked.o
        24          0          0          0          0         68   fgetc.o
        86          0          0          0          0         84   fgets_locked.o
       576          0          0          0          0        132   filbuf.o
       478          0          0          0          0         88   flsbuf.o
        92          8          0          0          0         88   flushlinebuffered_locked.o
       324          8          0          0          0        152   fopen_locked.o
        26          0          0          0          0         68   fputc.o
        36          0          0          0          0         80   fputc_locked.o
       310          0          0          0          0         96   freadfast_locked.o
       248          6          0          0          0         84   fseek.o
        44          0          0          0          0         84   fseek_locked.o
        70          0          0          0          0         76   ftell.o
        32          0          0          0          0         80   ftell_locked.o
       212          0          0          0          0         92   fwritefast_locked.o
       158          0          0          0          0        128   h1_alloc_mt.o
        62          0          0          0          0         80   h1_extend_mt.o
       118          0          0          0          0        108   h1_free_mt.o
        18          0          0          0          0         84   h1_init_mt.o
       234          0          0          0          0        112   h1_realloc_mt.o
         6          0          0          0          0        152   heapauxi.o
         4          0          0          0          0        136   hguard.o
       138          0          0          0          0        168   init_alloc.o
       456         48          0          0          0        116   initio_locked.o
        18          0          0          0          0         76   isspace.o
        44         10        272          0          0         76   lc_ctype_c.o
        44         10         28          0          0         76   lc_numeric_c.o
         2          0          0          0          0          0   libinit.o
        42          0          0          0          0          0   libinit2.o
         2          0          0          0          0          0   libshutdown.o
         6          0          0          0          0          0   libshutdown2.o
         8          4          0          0         96         68   libspace.o
       138          0          0          0          0         80   lludiv10.o
         0          0          0          0          0          0   maybetermalloc1.o
        88          0          0          0          0         76   memcmp.o
        22          0          0          0          0         80   rewind.o
        16          4          0          0          0         76   rt_ctype_table.o
         4          0          0          0          0         68   rt_errno_addr_twolibspace.o
        10          0          0          0          0         76   rt_heap_descriptor_twolibspace.o
        10          0          0          0          0         76   rt_locale_twolibspace.o
        68          0          0          0          0         68   rt_memclr.o
        78          0          0          0          0         80   rt_memclr_w.o
       138          0          0          0          0         68   rt_memcpy_v6.o
       100          0          0          0          0         80   rt_memcpy_w.o
       132          0          0          0          0         68   rt_memmove_v6.o
       122          0          0          0          0         80   rt_memmove_w.o
         0          0          0          0          0          0   rtentry.o
        12          0          0          0          0          0   rtentry2.o
         6          0          0          0          0          0   rtentry4.o
         2          0          0          0          0          0   rtexit.o
        10          0          0          0          0          0   rtexit2.o
        44          8          0          0          0         84   scanf_char.o
       104          0          0          0          0         88   setvbuf_locked.o
       240          6          0          0          0        156   stdio.o
         0          0          0         12        252          0   stdio_streams.o
        24          0          0          0          0         68   strcat.o
       128          0          0          0          0         68   strcmpv7m.o
        72          0          0          0          0         80   strcpy.o
        32          0          0          0          0         80   strcspn.o
         0          0          0          4          0          0   streamlock.o
        62          0          0          0          0         76   strlen.o
        36          0          0          0          0         76   strncat.o
       150          0          0          0          0         80   strncmp.o
        86          0          0          0          0         76   strncpy.o
        28          0          0          0          0         80   strspn.o
        36          0          0          0          0         80   strstr.o
        12          6          0          4          0         68   strtok.o
        68          4          0          0          0         84   strtok_int.o
       112          0          0          0          0         88   strtol.o
        74          0          0          0          0         80   sys_stackheap_outer.o
         2          0          0          0          0         68   use_no_semi.o
        98          4          0          0          0         92   d2f.o
       826         16          0          0          0        348   daddsub_clz.o
        16          4          0          0          0         68   dcheck1.o
        24          0          0          0          0         68   dcmpi.o
       688        140          0          0          0        208   ddiv.o
        94          4          0          0          0         92   dfix.o
        90          4          0          0          0         92   dfixu.o
        84          0          0          0          0        136   dflt_clz.o
       120          4          0          0          0         92   dleqf.o
       340         12          0          0          0        104   dmul.o
       156          4          0          0          0         92   dnaninf.o
        12          0          0          0          0         68   dretinf.o
       108          0          0          0          0         80   drleqf.o
       460         56          0          0          0        120   dsqrt_noumaal.o
        86          4          0          0          0         84   f2d.o
       430          8          0          0          0        168   faddsub_clz.o
       388         76          0          0          0         96   fdiv.o
        54          4          0          0          0         84   ffix.o
        38          0          0          0          0         68   fflt_clz.o
       140          4          0          0          0         84   fnaninf.o
        10          0          0          0          0         68   fretinf.o
         4          0          0          0          0         68   printf1.o
       100          0          0          0          0         68   retnan.o
        92          0          0          0          0         68   scalbn.o
        48          0          0          0          0         68   trapv.o
         0          0          0          0          0          0   usenofp.o
       648         62         80          0          0        188   acos.o
       172          8          0          0          0        112   cos.o
       252         22         48          0          0        124   cos_i.o
        16          6          0          0          0         68   dunder.o
        40          0          0          0          0         68   fpclassify.o
       170          0          0          0          0         96   poly.o
       904         72        200          0          0        140   rred.o
       176         10          0          0          0        116   sin.o
       236         12         40          0          0        128   sin_i.o
        76          0          0          0          0         84   sqrt.o

    ----------------------------------------------------------------------
     31556       1260       1048         24        352      19852   Library Totals
        54          0          6          3          4          0   (incl. Padding)

    ----------------------------------------------------------------------

      Code (inc. data)   RO Data    RW Data    ZI Data      Debug   Library Name

     11352        276        169          1          0       6940   FS_CM3.lib
         4          4          0          0          0        140   RTX_CM3.LIB
     12950        444        505         20        348       9064   c_w.l
      4506        344          0          0          0       2584   fz_ws.l
      2690        192        368          0          0       1124   m_ws.l

    ----------------------------------------------------------------------
     31556       1260       1048         24        352      19852   Library Totals

    ----------------------------------------------------------------------

==============================================================================


      Code (inc. data)   RO Data    RW Data    ZI Data      Debug   

    120214      16104       6134        876      45828     853383   Grand Totals
    120214      16104       6134        272      45828     853383   ELF Image Totals (compressed)
    120214      16104       6134        272          0          0   ROM Totals

==============================================================================

    Total RO  Size (Code + RO Data)               126348 ( 123.39kB)
    Total RW  Size (RW Data + ZI Data)             46704 (  45.61kB)
    Total ROM Size (Code + RO Data + RW Data)     126620 ( 123.65kB)

==============================================================================

